[2024-11-10T18:58:46.248-0600][gc,heap] Heap region size: 1M
[2024-11-10T18:58:46.252-0600][gc     ] Using G1
[2024-11-10T18:58:46.252-0600][gc,heap,coops] Heap address: 0x00000000c0000000, size: 1024 MB, Compressed Oops mode: 32-bit
[2024-11-10T18:58:46.252-0600][gc,cds       ] Mark closed archive regions in map: [0x00000000fff00000, 0x00000000fff6bff8]
[2024-11-10T18:58:46.253-0600][gc,cds       ] Mark open archive regions in map: [0x00000000ffe00000, 0x00000000ffe47ff8]
[2024-11-10T18:58:47.233-0600][gc,start     ] GC(0) Pause Young (Normal) (G1 Evacuation Pause)
[2024-11-10T18:58:47.234-0600][gc,task      ] GC(0) Using 18 workers of 18 for evacuation
[2024-11-10T18:58:47.277-0600][gc,mmu       ] GC(0) MMU target violated: 21.0ms (20.0ms/21.0ms)
[2024-11-10T18:58:47.277-0600][gc,phases    ] GC(0)   Pre Evacuate Collection Set: 0.0ms
[2024-11-10T18:58:47.277-0600][gc,phases    ] GC(0)   Evacuate Collection Set: 41.6ms
[2024-11-10T18:58:47.278-0600][gc,phases    ] GC(0)   Post Evacuate Collection Set: 0.5ms
[2024-11-10T18:58:47.278-0600][gc,phases    ] GC(0)   Other: 2.0ms
[2024-11-10T18:58:47.278-0600][gc,heap      ] GC(0) Eden regions: 51->0(44)
[2024-11-10T18:58:47.278-0600][gc,heap      ] GC(0) Survivor regions: 0->7(7)
[2024-11-10T18:58:47.279-0600][gc,heap      ] GC(0) Old regions: 2->2
[2024-11-10T18:58:47.279-0600][gc,heap      ] GC(0) Humongous regions: 0->0
[2024-11-10T18:58:47.279-0600][gc,metaspace ] GC(0) Metaspace: 14177K(14848K)->14177K(14848K) NonClass: 12425K(12800K)->12425K(12800K) Class: 1751K(2048K)->1751K(2048K)
[2024-11-10T18:58:47.279-0600][gc           ] GC(0) Pause Young (Normal) (G1 Evacuation Pause) 51M->7M(1024M) 46.409ms
[2024-11-10T18:58:47.279-0600][gc,cpu       ] GC(0) User=0.53s Sys=0.21s Real=0.05s
[2024-11-10T18:58:47.616-0600][gc,start     ] GC(1) Pause Young (Concurrent Start) (Metadata GC Threshold)
[2024-11-10T18:58:47.616-0600][gc,task      ] GC(1) Using 18 workers of 18 for evacuation
[2024-11-10T18:58:47.643-0600][gc,mmu       ] GC(1) MMU target violated: 21.0ms (20.0ms/21.0ms)
[2024-11-10T18:58:47.643-0600][gc,phases    ] GC(1)   Pre Evacuate Collection Set: 0.0ms
[2024-11-10T18:58:47.643-0600][gc,phases    ] GC(1)   Evacuate Collection Set: 25.8ms
[2024-11-10T18:58:47.643-0600][gc,phases    ] GC(1)   Post Evacuate Collection Set: 0.8ms
[2024-11-10T18:58:47.644-0600][gc,phases    ] GC(1)   Other: 0.7ms
[2024-11-10T18:58:47.644-0600][gc,heap      ] GC(1) Eden regions: 33->0(49)
[2024-11-10T18:58:47.645-0600][gc,heap      ] GC(1) Survivor regions: 7->2(7)
[2024-11-10T18:58:47.645-0600][gc,heap      ] GC(1) Old regions: 2->9
[2024-11-10T18:58:47.646-0600][gc,heap      ] GC(1) Humongous regions: 0->0
[2024-11-10T18:58:47.646-0600][gc,metaspace ] GC(1) Metaspace: 20485K(21248K)->20485K(21248K) NonClass: 18249K(18688K)->18249K(18688K) Class: 2236K(2560K)->2236K(2560K)
[2024-11-10T18:58:47.646-0600][gc           ] GC(1) Pause Young (Concurrent Start) (Metadata GC Threshold) 40M->8M(1024M) 30.850ms
[2024-11-10T18:58:47.647-0600][gc,cpu       ] GC(1) User=0.22s Sys=0.00s Real=0.03s
[2024-11-10T18:58:47.647-0600][gc           ] GC(2) Concurrent Cycle
[2024-11-10T18:58:47.647-0600][gc,marking   ] GC(2) Concurrent Clear Claimed Marks
[2024-11-10T18:58:47.648-0600][gc,marking   ] GC(2) Concurrent Clear Claimed Marks 0.298ms
[2024-11-10T18:58:47.648-0600][gc,marking   ] GC(2) Concurrent Scan Root Regions
[2024-11-10T18:58:47.649-0600][gc,marking   ] GC(2) Concurrent Scan Root Regions 0.860ms
[2024-11-10T18:58:47.649-0600][gc,marking   ] GC(2) Concurrent Mark (1.425s)
[2024-11-10T18:58:47.649-0600][gc,marking   ] GC(2) Concurrent Mark From Roots
[2024-11-10T18:58:47.650-0600][gc,task      ] GC(2) Using 5 workers of 5 for marking
[2024-11-10T18:58:47.652-0600][gc,marking   ] GC(2) Concurrent Mark From Roots 2.514ms
[2024-11-10T18:58:47.652-0600][gc,marking   ] GC(2) Concurrent Preclean
[2024-11-10T18:58:47.652-0600][gc,marking   ] GC(2) Concurrent Preclean 0.236ms
[2024-11-10T18:58:47.653-0600][gc,marking   ] GC(2) Concurrent Mark (1.425s, 1.429s) 3.422ms
[2024-11-10T18:58:47.653-0600][gc,start     ] GC(2) Pause Remark
[2024-11-10T18:58:47.660-0600][gc,stringtable] GC(2) Cleaned string and symbol table, strings: 6245 processed, 0 removed, symbols: 47181 processed, 37 removed
[2024-11-10T18:58:47.661-0600][gc            ] GC(2) Pause Remark 9M->9M(1024M) 7.899ms
[2024-11-10T18:58:47.661-0600][gc,cpu        ] GC(2) User=0.09s Sys=0.01s Real=0.01s
[2024-11-10T18:58:47.662-0600][gc,marking    ] GC(2) Concurrent Rebuild Remembered Sets
[2024-11-10T18:58:47.663-0600][gc,marking    ] GC(2) Concurrent Rebuild Remembered Sets 1.410ms
[2024-11-10T18:58:47.664-0600][gc,start      ] GC(2) Pause Cleanup
[2024-11-10T18:58:47.664-0600][gc            ] GC(2) Pause Cleanup 9M->9M(1024M) 0.444ms
[2024-11-10T18:58:47.664-0600][gc,cpu        ] GC(2) User=0.00s Sys=0.00s Real=0.00s
[2024-11-10T18:58:47.665-0600][gc,marking    ] GC(2) Concurrent Cleanup for Next Mark
[2024-11-10T18:58:47.666-0600][gc,marking    ] GC(2) Concurrent Cleanup for Next Mark 1.131ms
[2024-11-10T18:58:47.666-0600][gc            ] GC(2) Concurrent Cycle 18.929ms
[2024-11-10T18:58:48.408-0600][gc,start      ] GC(3) Pause Young (Normal) (G1 Evacuation Pause)
[2024-11-10T18:58:48.408-0600][gc,task       ] GC(3) Using 18 workers of 18 for evacuation
[2024-11-10T18:58:48.462-0600][gc,mmu        ] GC(3) MMU target violated: 21.0ms (20.0ms/21.0ms)
[2024-11-10T18:58:48.462-0600][gc,phases     ] GC(3)   Pre Evacuate Collection Set: 0.0ms
[2024-11-10T18:58:48.462-0600][gc,phases     ] GC(3)   Evacuate Collection Set: 52.4ms
[2024-11-10T18:58:48.462-0600][gc,phases     ] GC(3)   Post Evacuate Collection Set: 0.7ms
[2024-11-10T18:58:48.463-0600][gc,phases     ] GC(3)   Other: 0.7ms
[2024-11-10T18:58:48.463-0600][gc,heap       ] GC(3) Eden regions: 49->0(47)
[2024-11-10T18:58:48.463-0600][gc,heap       ] GC(3) Survivor regions: 2->4(7)
[2024-11-10T18:58:48.463-0600][gc,heap       ] GC(3) Old regions: 9->9
[2024-11-10T18:58:48.464-0600][gc,heap       ] GC(3) Humongous regions: 9->9
[2024-11-10T18:58:48.465-0600][gc,metaspace  ] GC(3) Metaspace: 29572K(30848K)->29572K(30848K) NonClass: 26176K(26880K)->26176K(26880K) Class: 3396K(3968K)->3396K(3968K)
[2024-11-10T18:58:48.465-0600][gc            ] GC(3) Pause Young (Normal) (G1 Evacuation Pause) 66M->19M(1024M) 56.694ms
[2024-11-10T18:58:48.465-0600][gc,cpu        ] GC(3) User=0.55s Sys=0.00s Real=0.06s
[2024-11-10T18:58:48.902-0600][gc,start      ] GC(4) Pause Young (Concurrent Start) (Metadata GC Threshold)
[2024-11-10T18:58:48.902-0600][gc,task       ] GC(4) Using 18 workers of 18 for evacuation
[2024-11-10T18:58:48.915-0600][gc,phases     ] GC(4)   Pre Evacuate Collection Set: 0.1ms
[2024-11-10T18:58:48.916-0600][gc,phases     ] GC(4)   Evacuate Collection Set: 12.2ms
[2024-11-10T18:58:48.916-0600][gc,phases     ] GC(4)   Post Evacuate Collection Set: 0.8ms
[2024-11-10T18:58:48.917-0600][gc,phases     ] GC(4)   Other: 0.5ms
[2024-11-10T18:58:48.918-0600][gc,heap       ] GC(4) Eden regions: 34->0(44)
[2024-11-10T18:58:48.918-0600][gc,heap       ] GC(4) Survivor regions: 4->7(7)
[2024-11-10T18:58:48.918-0600][gc,heap       ] GC(4) Old regions: 9->9
[2024-11-10T18:58:48.919-0600][gc,heap       ] GC(4) Humongous regions: 9->9
[2024-11-10T18:58:48.919-0600][gc,metaspace  ] GC(4) Metaspace: 34608K(35840K)->34608K(35840K) NonClass: 30727K(31360K)->30727K(31360K) Class: 3880K(4480K)->3880K(4480K)
[2024-11-10T18:58:48.919-0600][gc            ] GC(4) Pause Young (Concurrent Start) (Metadata GC Threshold) 53M->22M(1024M) 17.451ms
[2024-11-10T18:58:48.920-0600][gc,cpu        ] GC(4) User=0.14s Sys=0.00s Real=0.02s
[2024-11-10T18:58:48.920-0600][gc            ] GC(5) Concurrent Cycle
[2024-11-10T18:58:48.920-0600][gc,marking    ] GC(5) Concurrent Clear Claimed Marks
[2024-11-10T18:58:48.921-0600][gc,marking    ] GC(5) Concurrent Clear Claimed Marks 0.589ms
[2024-11-10T18:58:48.921-0600][gc,marking    ] GC(5) Concurrent Scan Root Regions
[2024-11-10T18:58:48.922-0600][gc,marking    ] GC(5) Concurrent Scan Root Regions 1.200ms
[2024-11-10T18:58:48.923-0600][gc,marking    ] GC(5) Concurrent Mark (2.699s)
[2024-11-10T18:58:48.923-0600][gc,marking    ] GC(5) Concurrent Mark From Roots
[2024-11-10T18:58:48.923-0600][gc,task       ] GC(5) Using 5 workers of 5 for marking
[2024-11-10T18:58:48.925-0600][gc,marking    ] GC(5) Concurrent Mark From Roots 2.224ms
[2024-11-10T18:58:48.925-0600][gc,marking    ] GC(5) Concurrent Preclean
[2024-11-10T18:58:48.926-0600][gc,marking    ] GC(5) Concurrent Preclean 0.427ms
[2024-11-10T18:58:48.926-0600][gc,marking    ] GC(5) Concurrent Mark (2.699s, 2.702s) 3.513ms
[2024-11-10T18:58:48.927-0600][gc,start      ] GC(5) Pause Remark
[2024-11-10T18:58:48.933-0600][gc,stringtable] GC(5) Cleaned string and symbol table, strings: 9590 processed, 13 removed, symbols: 86368 processed, 24 removed
[2024-11-10T18:58:48.934-0600][gc            ] GC(5) Pause Remark 23M->23M(1024M) 7.154ms
[2024-11-10T18:58:48.934-0600][gc,cpu        ] GC(5) User=0.09s Sys=0.00s Real=0.01s
[2024-11-10T18:58:48.935-0600][gc,marking    ] GC(5) Concurrent Rebuild Remembered Sets
[2024-11-10T18:58:48.936-0600][gc,marking    ] GC(5) Concurrent Rebuild Remembered Sets 1.347ms
[2024-11-10T18:58:48.936-0600][gc,start      ] GC(5) Pause Cleanup
[2024-11-10T18:58:48.937-0600][gc            ] GC(5) Pause Cleanup 23M->23M(1024M) 0.523ms
[2024-11-10T18:58:48.937-0600][gc,cpu        ] GC(5) User=0.00s Sys=0.00s Real=0.00s
[2024-11-10T18:58:48.937-0600][gc,marking    ] GC(5) Concurrent Cleanup for Next Mark
[2024-11-10T18:58:48.974-0600][gc,marking    ] GC(5) Concurrent Cleanup for Next Mark 37.089ms
[2024-11-10T18:58:48.975-0600][gc            ] GC(5) Concurrent Cycle 54.921ms
[2024-11-10T19:06:04.033-0600][gc,start      ] GC(6) Pause Young (Normal) (G1 Evacuation Pause)
[2024-11-10T19:06:04.033-0600][gc,task       ] GC(6) Using 18 workers of 18 for evacuation
[2024-11-10T19:06:04.062-0600][gc,mmu        ] GC(6) MMU target violated: 21.0ms (20.0ms/21.0ms)
[2024-11-10T19:06:04.063-0600][gc,phases     ] GC(6)   Pre Evacuate Collection Set: 0.3ms
[2024-11-10T19:06:04.064-0600][gc,phases     ] GC(6)   Evacuate Collection Set: 27.3ms
[2024-11-10T19:06:04.064-0600][gc,phases     ] GC(6)   Post Evacuate Collection Set: 1.1ms
[2024-11-10T19:06:04.065-0600][gc,phases     ] GC(6)   Other: 1.4ms
[2024-11-10T19:06:04.065-0600][gc,heap       ] GC(6) Eden regions: 44->0(45)
[2024-11-10T19:06:04.065-0600][gc,heap       ] GC(6) Survivor regions: 7->6(7)
[2024-11-10T19:06:04.066-0600][gc,heap       ] GC(6) Old regions: 9->12
[2024-11-10T19:06:04.066-0600][gc,heap       ] GC(6) Humongous regions: 138->138
[2024-11-10T19:06:04.066-0600][gc,metaspace  ] GC(6) Metaspace: 39180K(41088K)->39180K(41088K) NonClass: 34606K(35584K)->34606K(35584K) Class: 4573K(5504K)->4573K(5504K)
[2024-11-10T19:06:04.067-0600][gc            ] GC(6) Pause Young (Normal) (G1 Evacuation Pause) 195M->154M(1024M) 33.405ms
[2024-11-10T19:06:04.067-0600][gc,cpu        ] GC(6) User=0.47s Sys=0.01s Real=0.03s
[2024-11-10T19:14:21.398-0600][gc,start      ] GC(7) Pause Young (Normal) (G1 Evacuation Pause)
[2024-11-10T19:14:21.399-0600][gc,task       ] GC(7) Using 18 workers of 18 for evacuation
[2024-11-10T19:14:21.478-0600][gc,mmu        ] GC(7) MMU target violated: 21.0ms (20.0ms/21.0ms)
[2024-11-10T19:14:21.481-0600][gc,phases     ] GC(7)   Pre Evacuate Collection Set: 0.2ms
[2024-11-10T19:14:21.481-0600][gc,phases     ] GC(7)   Evacuate Collection Set: 77.3ms
[2024-11-10T19:14:21.482-0600][gc,phases     ] GC(7)   Post Evacuate Collection Set: 0.8ms
[2024-11-10T19:14:21.482-0600][gc,phases     ] GC(7)   Other: 4.3ms
[2024-11-10T19:14:21.482-0600][gc,heap       ] GC(7) Eden regions: 45->0(45)
[2024-11-10T19:14:21.483-0600][gc,heap       ] GC(7) Survivor regions: 6->6(7)
[2024-11-10T19:14:21.483-0600][gc,heap       ] GC(7) Old regions: 12->15
[2024-11-10T19:14:21.483-0600][gc,heap       ] GC(7) Humongous regions: 138->138
[2024-11-10T19:14:21.483-0600][gc,metaspace  ] GC(7) Metaspace: 40397K(42496K)->40397K(42496K) NonClass: 35764K(36864K)->35764K(36864K) Class: 4633K(5632K)->4633K(5632K)
[2024-11-10T19:14:21.484-0600][gc            ] GC(7) Pause Young (Normal) (G1 Evacuation Pause) 199M->156M(1024M) 85.348ms
[2024-11-10T19:14:21.484-0600][gc,cpu        ] GC(7) User=1.16s Sys=0.21s Real=0.09s
[2024-11-10T19:26:43.995-0600][gc,start      ] GC(8) Pause Young (Normal) (G1 Evacuation Pause)
[2024-11-10T19:26:43.996-0600][gc,task       ] GC(8) Using 18 workers of 18 for evacuation
[2024-11-10T19:26:44.023-0600][gc,mmu        ] GC(8) MMU target violated: 21.0ms (20.0ms/21.0ms)
[2024-11-10T19:26:44.025-0600][gc,phases     ] GC(8)   Pre Evacuate Collection Set: 0.2ms
[2024-11-10T19:26:44.028-0600][gc,phases     ] GC(8)   Evacuate Collection Set: 25.4ms
[2024-11-10T19:26:44.028-0600][gc,phases     ] GC(8)   Post Evacuate Collection Set: 0.8ms
[2024-11-10T19:26:44.029-0600][gc,phases     ] GC(8)   Other: 3.4ms
[2024-11-10T19:26:44.029-0600][gc,heap       ] GC(8) Eden regions: 45->0(48)
[2024-11-10T19:26:44.029-0600][gc,heap       ] GC(8) Survivor regions: 6->3(7)
[2024-11-10T19:26:44.030-0600][gc,heap       ] GC(8) Old regions: 15->17
[2024-11-10T19:26:44.030-0600][gc,heap       ] GC(8) Humongous regions: 138->138
[2024-11-10T19:26:44.030-0600][gc,metaspace  ] GC(8) Metaspace: 40618K(42752K)->40618K(42752K) NonClass: 35969K(37120K)->35969K(37120K) Class: 4648K(5632K)->4648K(5632K)
[2024-11-10T19:26:44.030-0600][gc            ] GC(8) Pause Young (Normal) (G1 Evacuation Pause) 201M->156M(1024M) 34.854ms
[2024-11-10T19:26:44.030-0600][gc,cpu        ] GC(8) User=0.42s Sys=0.03s Real=0.04s
[2024-11-10T19:40:28.996-0600][gc,start      ] GC(9) Pause Young (Normal) (G1 Evacuation Pause)
[2024-11-10T19:40:28.996-0600][gc,task       ] GC(9) Using 18 workers of 18 for evacuation
[2024-11-10T19:40:29.039-0600][gc,mmu        ] GC(9) MMU target violated: 21.0ms (20.0ms/21.0ms)
[2024-11-10T19:40:29.040-0600][gc,phases     ] GC(9)   Pre Evacuate Collection Set: 0.2ms
[2024-11-10T19:40:29.041-0600][gc,phases     ] GC(9)   Evacuate Collection Set: 39.5ms
[2024-11-10T19:40:29.042-0600][gc,phases     ] GC(9)   Post Evacuate Collection Set: 3.0ms
[2024-11-10T19:40:29.042-0600][gc,phases     ] GC(9)   Other: 2.0ms
[2024-11-10T19:40:29.043-0600][gc,heap       ] GC(9) Eden regions: 48->0(48)
[2024-11-10T19:40:29.043-0600][gc,heap       ] GC(9) Survivor regions: 3->3(7)
[2024-11-10T19:40:29.044-0600][gc,heap       ] GC(9) Old regions: 17->17
[2024-11-10T19:40:29.044-0600][gc,heap       ] GC(9) Humongous regions: 138->138
[2024-11-10T19:40:29.045-0600][gc,metaspace  ] GC(9) Metaspace: 40683K(43008K)->40683K(43008K) NonClass: 36034K(37376K)->36034K(37376K) Class: 4649K(5632K)->4649K(5632K)
[2024-11-10T19:40:29.045-0600][gc            ] GC(9) Pause Young (Normal) (G1 Evacuation Pause) 204M->156M(1024M) 49.226ms
[2024-11-10T19:40:29.045-0600][gc,cpu        ] GC(9) User=0.69s Sys=0.03s Real=0.05s
[2024-11-10T19:51:18.996-0600][gc,start      ] GC(10) Pause Young (Normal) (G1 Evacuation Pause)
[2024-11-10T19:51:18.996-0600][gc,task       ] GC(10) Using 18 workers of 18 for evacuation
[2024-11-10T19:51:19.029-0600][gc,mmu        ] GC(10) MMU target violated: 21.0ms (20.0ms/21.0ms)
[2024-11-10T19:51:19.029-0600][gc,phases     ] GC(10)   Pre Evacuate Collection Set: 0.2ms
[2024-11-10T19:51:19.030-0600][gc,phases     ] GC(10)   Evacuate Collection Set: 29.7ms
[2024-11-10T19:51:19.030-0600][gc,phases     ] GC(10)   Post Evacuate Collection Set: 2.4ms
[2024-11-10T19:51:19.031-0600][gc,phases     ] GC(10)   Other: 1.4ms
[2024-11-10T19:51:19.031-0600][gc,heap       ] GC(10) Eden regions: 48->0(46)
[2024-11-10T19:51:19.032-0600][gc,heap       ] GC(10) Survivor regions: 3->5(7)
[2024-11-10T19:51:19.032-0600][gc,heap       ] GC(10) Old regions: 17->17
[2024-11-10T19:51:19.032-0600][gc,heap       ] GC(10) Humongous regions: 138->138
[2024-11-10T19:51:19.033-0600][gc,metaspace  ] GC(10) Metaspace: 40723K(43008K)->40723K(43008K) NonClass: 36073K(37376K)->36073K(37376K) Class: 4649K(5632K)->4649K(5632K)
[2024-11-10T19:51:19.033-0600][gc            ] GC(10) Pause Young (Normal) (G1 Evacuation Pause) 204M->157M(1024M) 37.642ms
[2024-11-10T19:51:19.034-0600][gc,cpu        ] GC(10) User=0.52s Sys=0.01s Real=0.04s
[2024-11-10T19:54:21.006-0600][gc,heap,exit  ] Heap
[2024-11-10T19:54:21.006-0600][gc,heap,exit  ]  garbage-first heap   total 1048576K, used 191372K [0x00000000c0000000, 0x0000000100000000)
[2024-11-10T19:54:21.007-0600][gc,heap,exit  ]   region size 1024K, 26 young (26624K), 5 survivors (5120K)
[2024-11-10T19:54:21.007-0600][gc,heap,exit  ]  Metaspace       used 41563K, capacity 43742K, committed 43776K, reserved 1087488K
[2024-11-10T19:54:21.007-0600][gc,heap,exit  ]   class space    used 4869K, capacity 5878K, committed 5888K, reserved 1048576K
