[2024-11-12T22:47:32.895-0600][gc,heap] Heap region size: 1M
[2024-11-12T22:47:32.901-0600][gc     ] Using G1
[2024-11-12T22:47:32.902-0600][gc,heap,coops] Heap address: 0x00000000c0000000, size: 1024 MB, Compressed Oops mode: 32-bit
[2024-11-12T22:47:32.902-0600][gc,cds       ] Mark closed archive regions in map: [0x00000000fff00000, 0x00000000fff6bff8]
[2024-11-12T22:47:32.902-0600][gc,cds       ] Mark open archive regions in map: [0x00000000ffe00000, 0x00000000ffe47ff8]
[2024-11-12T22:47:33.989-0600][gc,start     ] GC(0) Pause Young (Normal) (G1 Evacuation Pause)
[2024-11-12T22:47:33.991-0600][gc,task      ] GC(0) Using 18 workers of 18 for evacuation
[2024-11-12T22:47:34.017-0600][gc,mmu       ] GC(0) MMU target violated: 21.0ms (20.0ms/21.0ms)
[2024-11-12T22:47:34.017-0600][gc,phases    ] GC(0)   Pre Evacuate Collection Set: 0.0ms
[2024-11-12T22:47:34.018-0600][gc,phases    ] GC(0)   Evacuate Collection Set: 24.4ms
[2024-11-12T22:47:34.019-0600][gc,phases    ] GC(0)   Post Evacuate Collection Set: 0.6ms
[2024-11-12T22:47:34.019-0600][gc,phases    ] GC(0)   Other: 2.8ms
[2024-11-12T22:47:34.020-0600][gc,heap      ] GC(0) Eden regions: 51->0(44)
[2024-11-12T22:47:34.020-0600][gc,heap      ] GC(0) Survivor regions: 0->7(7)
[2024-11-12T22:47:34.021-0600][gc,heap      ] GC(0) Old regions: 2->2
[2024-11-12T22:47:34.022-0600][gc,heap      ] GC(0) Humongous regions: 0->0
[2024-11-12T22:47:34.022-0600][gc,metaspace ] GC(0) Metaspace: 14293K(15104K)->14293K(15104K) NonClass: 12526K(13056K)->12526K(13056K) Class: 1766K(2048K)->1766K(2048K)
[2024-11-12T22:47:34.023-0600][gc           ] GC(0) Pause Young (Normal) (G1 Evacuation Pause) 51M->7M(1024M) 33.200ms
[2024-11-12T22:47:34.023-0600][gc,cpu       ] GC(0) User=0.27s Sys=0.16s Real=0.03s
[2024-11-12T22:47:34.360-0600][gc,start     ] GC(1) Pause Young (Concurrent Start) (Metadata GC Threshold)
[2024-11-12T22:47:34.361-0600][gc,task      ] GC(1) Using 18 workers of 18 for evacuation
[2024-11-12T22:47:34.389-0600][gc,mmu       ] GC(1) MMU target violated: 21.0ms (20.0ms/21.0ms)
[2024-11-12T22:47:34.389-0600][gc,phases    ] GC(1)   Pre Evacuate Collection Set: 0.0ms
[2024-11-12T22:47:34.390-0600][gc,phases    ] GC(1)   Evacuate Collection Set: 26.7ms
[2024-11-12T22:47:34.390-0600][gc,phases    ] GC(1)   Post Evacuate Collection Set: 0.5ms
[2024-11-12T22:47:34.391-0600][gc,phases    ] GC(1)   Other: 1.5ms
[2024-11-12T22:47:34.391-0600][gc,heap      ] GC(1) Eden regions: 32->0(49)
[2024-11-12T22:47:34.391-0600][gc,heap      ] GC(1) Survivor regions: 7->2(7)
[2024-11-12T22:47:34.392-0600][gc,heap      ] GC(1) Old regions: 2->9
[2024-11-12T22:47:34.392-0600][gc,heap      ] GC(1) Humongous regions: 0->0
[2024-11-12T22:47:34.392-0600][gc,metaspace ] GC(1) Metaspace: 20406K(21248K)->20406K(21248K) NonClass: 18183K(18688K)->18183K(18688K) Class: 2222K(2560K)->2222K(2560K)
[2024-11-12T22:47:34.393-0600][gc           ] GC(1) Pause Young (Concurrent Start) (Metadata GC Threshold) 39M->8M(1024M) 32.330ms
[2024-11-12T22:47:34.393-0600][gc,cpu       ] GC(1) User=0.25s Sys=0.02s Real=0.03s
[2024-11-12T22:47:34.393-0600][gc           ] GC(2) Concurrent Cycle
[2024-11-12T22:47:34.394-0600][gc,marking   ] GC(2) Concurrent Clear Claimed Marks
[2024-11-12T22:47:34.394-0600][gc,marking   ] GC(2) Concurrent Clear Claimed Marks 0.216ms
[2024-11-12T22:47:34.394-0600][gc,marking   ] GC(2) Concurrent Scan Root Regions
[2024-11-12T22:47:34.395-0600][gc,marking   ] GC(2) Concurrent Scan Root Regions 1.034ms
[2024-11-12T22:47:34.395-0600][gc,marking   ] GC(2) Concurrent Mark (1.533s)
[2024-11-12T22:47:34.395-0600][gc,marking   ] GC(2) Concurrent Mark From Roots
[2024-11-12T22:47:34.396-0600][gc,task      ] GC(2) Using 5 workers of 5 for marking
[2024-11-12T22:47:34.398-0600][gc,marking   ] GC(2) Concurrent Mark From Roots 2.170ms
[2024-11-12T22:47:34.398-0600][gc,marking   ] GC(2) Concurrent Preclean
[2024-11-12T22:47:34.398-0600][gc,marking   ] GC(2) Concurrent Preclean 0.171ms
[2024-11-12T22:47:34.398-0600][gc,marking   ] GC(2) Concurrent Mark (1.533s, 1.536s) 2.994ms
[2024-11-12T22:47:34.398-0600][gc,start     ] GC(2) Pause Remark
[2024-11-12T22:47:34.407-0600][gc,stringtable] GC(2) Cleaned string and symbol table, strings: 6213 processed, 0 removed, symbols: 46996 processed, 38 removed
[2024-11-12T22:47:34.407-0600][gc            ] GC(2) Pause Remark 9M->9M(1024M) 8.999ms
[2024-11-12T22:47:34.408-0600][gc,cpu        ] GC(2) User=0.11s Sys=0.00s Real=0.01s
[2024-11-12T22:47:34.408-0600][gc,marking    ] GC(2) Concurrent Rebuild Remembered Sets
[2024-11-12T22:47:34.409-0600][gc,marking    ] GC(2) Concurrent Rebuild Remembered Sets 1.290ms
[2024-11-12T22:47:34.410-0600][gc,start      ] GC(2) Pause Cleanup
[2024-11-12T22:47:34.410-0600][gc            ] GC(2) Pause Cleanup 9M->9M(1024M) 0.538ms
[2024-11-12T22:47:34.411-0600][gc,cpu        ] GC(2) User=0.00s Sys=0.00s Real=0.00s
[2024-11-12T22:47:34.411-0600][gc,marking    ] GC(2) Concurrent Cleanup for Next Mark
[2024-11-12T22:47:34.414-0600][gc,marking    ] GC(2) Concurrent Cleanup for Next Mark 2.580ms
[2024-11-12T22:47:34.414-0600][gc            ] GC(2) Concurrent Cycle 20.915ms
[2024-11-12T22:47:35.206-0600][gc,start      ] GC(3) Pause Young (Normal) (G1 Evacuation Pause)
[2024-11-12T22:47:35.206-0600][gc,task       ] GC(3) Using 18 workers of 18 for evacuation
[2024-11-12T22:47:35.220-0600][gc,phases     ] GC(3)   Pre Evacuate Collection Set: 0.0ms
[2024-11-12T22:47:35.220-0600][gc,phases     ] GC(3)   Evacuate Collection Set: 12.0ms
[2024-11-12T22:47:35.221-0600][gc,phases     ] GC(3)   Post Evacuate Collection Set: 1.3ms
[2024-11-12T22:47:35.222-0600][gc,phases     ] GC(3)   Other: 0.9ms
[2024-11-12T22:47:35.222-0600][gc,heap       ] GC(3) Eden regions: 49->0(47)
[2024-11-12T22:47:35.223-0600][gc,heap       ] GC(3) Survivor regions: 2->4(7)
[2024-11-12T22:47:35.223-0600][gc,heap       ] GC(3) Old regions: 9->9
[2024-11-12T22:47:35.224-0600][gc,heap       ] GC(3) Humongous regions: 9->9
[2024-11-12T22:47:35.224-0600][gc,metaspace  ] GC(3) Metaspace: 29579K(30848K)->29579K(30848K) NonClass: 26186K(26880K)->26186K(26880K) Class: 3393K(3968K)->3393K(3968K)
[2024-11-12T22:47:35.224-0600][gc            ] GC(3) Pause Young (Normal) (G1 Evacuation Pause) 66M->19M(1024M) 18.586ms
[2024-11-12T22:47:35.224-0600][gc,cpu        ] GC(3) User=0.11s Sys=0.01s Real=0.01s
[2024-11-12T22:47:35.608-0600][gc,start      ] GC(4) Pause Young (Concurrent Start) (Metadata GC Threshold)
[2024-11-12T22:47:35.608-0600][gc,task       ] GC(4) Using 18 workers of 18 for evacuation
[2024-11-12T22:47:35.617-0600][gc,phases     ] GC(4)   Pre Evacuate Collection Set: 0.1ms
[2024-11-12T22:47:35.617-0600][gc,phases     ] GC(4)   Evacuate Collection Set: 7.5ms
[2024-11-12T22:47:35.618-0600][gc,phases     ] GC(4)   Post Evacuate Collection Set: 0.5ms
[2024-11-12T22:47:35.618-0600][gc,phases     ] GC(4)   Other: 0.4ms
[2024-11-12T22:47:35.618-0600][gc,heap       ] GC(4) Eden regions: 34->0(44)
[2024-11-12T22:47:35.619-0600][gc,heap       ] GC(4) Survivor regions: 4->7(7)
[2024-11-12T22:47:35.619-0600][gc,heap       ] GC(4) Old regions: 9->9
[2024-11-12T22:47:35.619-0600][gc,heap       ] GC(4) Humongous regions: 9->9
[2024-11-12T22:47:35.619-0600][gc,metaspace  ] GC(4) Metaspace: 34576K(35840K)->34576K(35840K) NonClass: 30704K(31360K)->30704K(31360K) Class: 3871K(4480K)->3871K(4480K)
[2024-11-12T22:47:35.619-0600][gc            ] GC(4) Pause Young (Concurrent Start) (Metadata GC Threshold) 53M->22M(1024M) 11.126ms
[2024-11-12T22:47:35.620-0600][gc,cpu        ] GC(4) User=0.08s Sys=0.00s Real=0.01s
[2024-11-12T22:47:35.620-0600][gc            ] GC(5) Concurrent Cycle
[2024-11-12T22:47:35.621-0600][gc,marking    ] GC(5) Concurrent Clear Claimed Marks
[2024-11-12T22:47:35.621-0600][gc,marking    ] GC(5) Concurrent Clear Claimed Marks 0.288ms
[2024-11-12T22:47:35.621-0600][gc,marking    ] GC(5) Concurrent Scan Root Regions
[2024-11-12T22:47:35.623-0600][gc,marking    ] GC(5) Concurrent Scan Root Regions 1.125ms
[2024-11-12T22:47:35.623-0600][gc,marking    ] GC(5) Concurrent Mark (2.760s)
[2024-11-12T22:47:35.623-0600][gc,marking    ] GC(5) Concurrent Mark From Roots
[2024-11-12T22:47:35.623-0600][gc,task       ] GC(5) Using 5 workers of 5 for marking
[2024-11-12T22:47:35.625-0600][gc,marking    ] GC(5) Concurrent Mark From Roots 1.874ms
[2024-11-12T22:47:35.625-0600][gc,marking    ] GC(5) Concurrent Preclean
[2024-11-12T22:47:35.625-0600][gc,marking    ] GC(5) Concurrent Preclean 0.179ms
[2024-11-12T22:47:35.625-0600][gc,marking    ] GC(5) Concurrent Mark (2.760s, 2.763s) 2.526ms
[2024-11-12T22:47:35.626-0600][gc,start      ] GC(5) Pause Remark
[2024-11-12T22:47:35.633-0600][gc,stringtable] GC(5) Cleaned string and symbol table, strings: 9591 processed, 13 removed, symbols: 86363 processed, 25 removed
[2024-11-12T22:47:35.634-0600][gc            ] GC(5) Pause Remark 23M->23M(1024M) 7.779ms
[2024-11-12T22:47:35.634-0600][gc,cpu        ] GC(5) User=0.09s Sys=0.01s Real=0.00s
[2024-11-12T22:47:35.634-0600][gc,marking    ] GC(5) Concurrent Rebuild Remembered Sets
[2024-11-12T22:47:35.679-0600][gc,marking    ] GC(5) Concurrent Rebuild Remembered Sets 44.438ms
[2024-11-12T22:47:35.679-0600][gc,start      ] GC(5) Pause Cleanup
[2024-11-12T22:47:35.680-0600][gc            ] GC(5) Pause Cleanup 153M->153M(1024M) 0.498ms
[2024-11-12T22:47:35.680-0600][gc,cpu        ] GC(5) User=0.00s Sys=0.00s Real=0.00s
[2024-11-12T22:47:35.681-0600][gc,marking    ] GC(5) Concurrent Cleanup for Next Mark
[2024-11-12T22:47:35.684-0600][gc,marking    ] GC(5) Concurrent Cleanup for Next Mark 3.813ms
[2024-11-12T22:47:35.685-0600][gc            ] GC(5) Concurrent Cycle 64.263ms
[2024-11-12T22:53:26.527-0600][gc,start      ] GC(6) Pause Young (Normal) (G1 Evacuation Pause)
[2024-11-12T22:53:26.527-0600][gc,task       ] GC(6) Using 18 workers of 18 for evacuation
[2024-11-12T22:53:26.561-0600][gc,mmu        ] GC(6) MMU target violated: 21.0ms (20.0ms/21.0ms)
[2024-11-12T22:53:26.562-0600][gc,phases     ] GC(6)   Pre Evacuate Collection Set: 1.3ms
[2024-11-12T22:53:26.563-0600][gc,phases     ] GC(6)   Evacuate Collection Set: 30.6ms
[2024-11-12T22:53:26.563-0600][gc,phases     ] GC(6)   Post Evacuate Collection Set: 1.2ms
[2024-11-12T22:53:26.564-0600][gc,phases     ] GC(6)   Other: 2.1ms
[2024-11-12T22:53:26.565-0600][gc,heap       ] GC(6) Eden regions: 44->0(44)
[2024-11-12T22:53:26.565-0600][gc,heap       ] GC(6) Survivor regions: 7->7(7)
[2024-11-12T22:53:26.566-0600][gc,heap       ] GC(6) Old regions: 9->12
[2024-11-12T22:53:26.566-0600][gc,heap       ] GC(6) Humongous regions: 138->138
[2024-11-12T22:53:26.567-0600][gc,metaspace  ] GC(6) Metaspace: 39664K(41600K)->39664K(41600K) NonClass: 35091K(36096K)->35091K(36096K) Class: 4573K(5504K)->4573K(5504K)
[2024-11-12T22:53:26.567-0600][gc            ] GC(6) Pause Young (Normal) (G1 Evacuation Pause) 195M->154M(1024M) 39.990ms
[2024-11-12T22:53:26.567-0600][gc,cpu        ] GC(6) User=0.51s Sys=0.01s Real=0.04s
[2024-11-12T23:03:44.428-0600][gc,start      ] GC(7) Pause Young (Normal) (G1 Evacuation Pause)
[2024-11-12T23:03:44.429-0600][gc,task       ] GC(7) Using 18 workers of 18 for evacuation
[2024-11-12T23:03:44.469-0600][gc,mmu        ] GC(7) MMU target violated: 21.0ms (20.0ms/21.0ms)
[2024-11-12T23:03:44.470-0600][gc,phases     ] GC(7)   Pre Evacuate Collection Set: 0.9ms
[2024-11-12T23:03:44.471-0600][gc,phases     ] GC(7)   Evacuate Collection Set: 38.1ms
[2024-11-12T23:03:44.471-0600][gc,phases     ] GC(7)   Post Evacuate Collection Set: 1.3ms
[2024-11-12T23:03:44.472-0600][gc,phases     ] GC(7)   Other: 1.6ms
[2024-11-12T23:03:44.472-0600][gc,heap       ] GC(7) Eden regions: 44->0(45)
[2024-11-12T23:03:44.473-0600][gc,heap       ] GC(7) Survivor regions: 7->6(7)
[2024-11-12T23:03:44.474-0600][gc,heap       ] GC(7) Old regions: 12->15
[2024-11-12T23:03:44.474-0600][gc,heap       ] GC(7) Humongous regions: 138->138
[2024-11-12T23:03:44.475-0600][gc,metaspace  ] GC(7) Metaspace: 40120K(42112K)->40120K(42112K) NonClass: 35544K(36608K)->35544K(36608K) Class: 4575K(5504K)->4575K(5504K)
[2024-11-12T23:03:44.475-0600][gc            ] GC(7) Pause Young (Normal) (G1 Evacuation Pause) 198M->156M(1024M) 46.933ms
[2024-11-12T23:03:44.476-0600][gc,cpu        ] GC(7) User=0.66s Sys=0.02s Real=0.05s
[2024-11-12T23:13:09.397-0600][gc,start      ] GC(8) Pause Young (Normal) (G1 Evacuation Pause)
[2024-11-12T23:13:09.398-0600][gc,task       ] GC(8) Using 18 workers of 18 for evacuation
[2024-11-12T23:13:09.416-0600][gc,phases     ] GC(8)   Pre Evacuate Collection Set: 0.1ms
[2024-11-12T23:13:09.417-0600][gc,phases     ] GC(8)   Evacuate Collection Set: 16.3ms
[2024-11-12T23:13:09.417-0600][gc,phases     ] GC(8)   Post Evacuate Collection Set: 0.8ms
[2024-11-12T23:13:09.418-0600][gc,phases     ] GC(8)   Other: 2.0ms
[2024-11-12T23:13:09.418-0600][gc,heap       ] GC(8) Eden regions: 45->0(46)
[2024-11-12T23:13:09.419-0600][gc,heap       ] GC(8) Survivor regions: 6->5(7)
[2024-11-12T23:13:09.419-0600][gc,heap       ] GC(8) Old regions: 15->17
[2024-11-12T23:13:09.420-0600][gc,heap       ] GC(8) Humongous regions: 138->138
[2024-11-12T23:13:09.421-0600][gc,metaspace  ] GC(8) Metaspace: 40320K(42368K)->40320K(42368K) NonClass: 35730K(36864K)->35730K(36864K) Class: 4590K(5504K)->4590K(5504K)
[2024-11-12T23:13:09.421-0600][gc            ] GC(8) Pause Young (Normal) (G1 Evacuation Pause) 201M->157M(1024M) 24.605ms
[2024-11-12T23:13:09.422-0600][gc,cpu        ] GC(8) User=0.27s Sys=0.01s Real=0.02s
[2024-11-12T23:19:10.712-0600][gc,start      ] GC(9) Pause Young (Normal) (G1 Evacuation Pause)
[2024-11-12T23:19:10.713-0600][gc,task       ] GC(9) Using 18 workers of 18 for evacuation
[2024-11-12T23:19:10.753-0600][gc,mmu        ] GC(9) MMU target violated: 21.0ms (20.0ms/21.0ms)
[2024-11-12T23:19:10.754-0600][gc,phases     ] GC(9)   Pre Evacuate Collection Set: 0.2ms
[2024-11-12T23:19:10.754-0600][gc,phases     ] GC(9)   Evacuate Collection Set: 39.0ms
[2024-11-12T23:19:10.755-0600][gc,phases     ] GC(9)   Post Evacuate Collection Set: 0.9ms
[2024-11-12T23:19:10.756-0600][gc,phases     ] GC(9)   Other: 1.4ms
[2024-11-12T23:19:10.756-0600][gc,heap       ] GC(9) Eden regions: 46->0(46)
[2024-11-12T23:19:10.757-0600][gc,heap       ] GC(9) Survivor regions: 5->5(7)
[2024-11-12T23:19:10.758-0600][gc,heap       ] GC(9) Old regions: 17->18
[2024-11-12T23:19:10.758-0600][gc,heap       ] GC(9) Humongous regions: 138->138
[2024-11-12T23:19:10.758-0600][gc,metaspace  ] GC(9) Metaspace: 42047K(44416K)->42047K(44416K) NonClass: 37110K(38400K)->37110K(38400K) Class: 4936K(6016K)->4936K(6016K)
[2024-11-12T23:19:10.759-0600][gc            ] GC(9) Pause Young (Normal) (G1 Evacuation Pause) 203M->158M(1024M) 46.215ms
[2024-11-12T23:19:10.759-0600][gc,cpu        ] GC(9) User=0.69s Sys=0.00s Real=0.05s
[2024-11-12T23:27:20.799-0600][gc,start      ] GC(10) Pause Young (Normal) (G1 Evacuation Pause)
[2024-11-12T23:27:20.800-0600][gc,task       ] GC(10) Using 18 workers of 18 for evacuation
[2024-11-12T23:27:20.824-0600][gc,mmu        ] GC(10) MMU target violated: 21.0ms (20.0ms/21.0ms)
[2024-11-12T23:27:20.824-0600][gc,phases     ] GC(10)   Pre Evacuate Collection Set: 0.2ms
[2024-11-12T23:27:20.825-0600][gc,phases     ] GC(10)   Evacuate Collection Set: 22.3ms
[2024-11-12T23:27:20.825-0600][gc,phases     ] GC(10)   Post Evacuate Collection Set: 0.8ms
[2024-11-12T23:27:20.826-0600][gc,phases     ] GC(10)   Other: 1.9ms
[2024-11-12T23:27:20.826-0600][gc,heap       ] GC(10) Eden regions: 46->0(46)
[2024-11-12T23:27:20.826-0600][gc,heap       ] GC(10) Survivor regions: 5->5(7)
[2024-11-12T23:27:20.827-0600][gc,heap       ] GC(10) Old regions: 18->19
[2024-11-12T23:27:20.827-0600][gc,heap       ] GC(10) Humongous regions: 138->138
[2024-11-12T23:27:20.827-0600][gc,metaspace  ] GC(10) Metaspace: 42325K(44672K)->42325K(44672K) NonClass: 37364K(38656K)->37364K(38656K) Class: 4960K(6016K)->4960K(6016K)
[2024-11-12T23:27:20.828-0600][gc            ] GC(10) Pause Young (Normal) (G1 Evacuation Pause) 204M->159M(1024M) 28.333ms
[2024-11-12T23:27:20.828-0600][gc,cpu        ] GC(10) User=0.30s Sys=0.03s Real=0.03s
