[2024-11-13T13:39:13.521-0600][gc,heap] Heap region size: 1M
[2024-11-13T13:39:13.525-0600][gc     ] Using G1
[2024-11-13T13:39:13.525-0600][gc,heap,coops] Heap address: 0x00000000c0000000, size: 1024 MB, Compressed Oops mode: 32-bit
[2024-11-13T13:39:13.525-0600][gc,cds       ] Mark closed archive regions in map: [0x00000000fff00000, 0x00000000fff6bff8]
[2024-11-13T13:39:13.525-0600][gc,cds       ] Mark open archive regions in map: [0x00000000ffe00000, 0x00000000ffe47ff8]
[2024-11-13T13:39:14.426-0600][gc,start     ] GC(0) Pause Young (Normal) (G1 Evacuation Pause)
[2024-11-13T13:39:14.427-0600][gc,task      ] GC(0) Using 18 workers of 18 for evacuation
[2024-11-13T13:39:14.474-0600][gc,mmu       ] GC(0) MMU target violated: 21.0ms (20.0ms/21.0ms)
[2024-11-13T13:39:14.474-0600][gc,phases    ] GC(0)   Pre Evacuate Collection Set: 0.0ms
[2024-11-13T13:39:14.474-0600][gc,phases    ] GC(0)   Evacuate Collection Set: 45.8ms
[2024-11-13T13:39:14.474-0600][gc,phases    ] GC(0)   Post Evacuate Collection Set: 0.5ms
[2024-11-13T13:39:14.474-0600][gc,phases    ] GC(0)   Other: 1.7ms
[2024-11-13T13:39:14.474-0600][gc,heap      ] GC(0) Eden regions: 51->0(44)
[2024-11-13T13:39:14.474-0600][gc,heap      ] GC(0) Survivor regions: 0->7(7)
[2024-11-13T13:39:14.475-0600][gc,heap      ] GC(0) Old regions: 2->2
[2024-11-13T13:39:14.475-0600][gc,heap      ] GC(0) Humongous regions: 0->0
[2024-11-13T13:39:14.475-0600][gc,metaspace ] GC(0) Metaspace: 14165K(14848K)->14165K(14848K) NonClass: 12413K(12800K)->12413K(12800K) Class: 1752K(2048K)->1752K(2048K)
[2024-11-13T13:39:14.475-0600][gc           ] GC(0) Pause Young (Normal) (G1 Evacuation Pause) 51M->7M(1024M) 49.291ms
[2024-11-13T13:39:14.475-0600][gc,cpu       ] GC(0) User=0.65s Sys=0.17s Real=0.05s
[2024-11-13T13:39:14.772-0600][gc,start     ] GC(1) Pause Young (Concurrent Start) (Metadata GC Threshold)
[2024-11-13T13:39:14.773-0600][gc,task      ] GC(1) Using 18 workers of 18 for evacuation
[2024-11-13T13:39:14.805-0600][gc,mmu       ] GC(1) MMU target violated: 21.0ms (20.0ms/21.0ms)
[2024-11-13T13:39:14.805-0600][gc,phases    ] GC(1)   Pre Evacuate Collection Set: 0.0ms
[2024-11-13T13:39:14.806-0600][gc,phases    ] GC(1)   Evacuate Collection Set: 30.8ms
[2024-11-13T13:39:14.806-0600][gc,phases    ] GC(1)   Post Evacuate Collection Set: 0.9ms
[2024-11-13T13:39:14.806-0600][gc,phases    ] GC(1)   Other: 1.0ms
[2024-11-13T13:39:14.807-0600][gc,heap      ] GC(1) Eden regions: 32->0(49)
[2024-11-13T13:39:14.807-0600][gc,heap      ] GC(1) Survivor regions: 7->2(7)
[2024-11-13T13:39:14.807-0600][gc,heap      ] GC(1) Old regions: 2->9
[2024-11-13T13:39:14.808-0600][gc,heap      ] GC(1) Humongous regions: 0->0
[2024-11-13T13:39:14.808-0600][gc,metaspace ] GC(1) Metaspace: 20316K(21248K)->20316K(21248K) NonClass: 18104K(18688K)->18104K(18688K) Class: 2211K(2560K)->2211K(2560K)
[2024-11-13T13:39:14.808-0600][gc           ] GC(1) Pause Young (Concurrent Start) (Metadata GC Threshold) 39M->8M(1024M) 35.626ms
[2024-11-13T13:39:14.808-0600][gc,cpu       ] GC(1) User=0.35s Sys=0.00s Real=0.03s
[2024-11-13T13:39:14.809-0600][gc           ] GC(2) Concurrent Cycle
[2024-11-13T13:39:14.809-0600][gc,marking   ] GC(2) Concurrent Clear Claimed Marks
[2024-11-13T13:39:14.809-0600][gc,marking   ] GC(2) Concurrent Clear Claimed Marks 0.469ms
[2024-11-13T13:39:14.810-0600][gc,marking   ] GC(2) Concurrent Scan Root Regions
[2024-11-13T13:39:14.811-0600][gc,marking   ] GC(2) Concurrent Scan Root Regions 0.988ms
[2024-11-13T13:39:14.811-0600][gc,marking   ] GC(2) Concurrent Mark (1.320s)
[2024-11-13T13:39:14.811-0600][gc,marking   ] GC(2) Concurrent Mark From Roots
[2024-11-13T13:39:14.812-0600][gc,task      ] GC(2) Using 5 workers of 5 for marking
[2024-11-13T13:39:14.814-0600][gc,marking   ] GC(2) Concurrent Mark From Roots 2.454ms
[2024-11-13T13:39:14.814-0600][gc,marking   ] GC(2) Concurrent Preclean
[2024-11-13T13:39:14.814-0600][gc,marking   ] GC(2) Concurrent Preclean 0.231ms
[2024-11-13T13:39:14.814-0600][gc,marking   ] GC(2) Concurrent Mark (1.320s, 1.323s) 3.524ms
[2024-11-13T13:39:14.815-0600][gc,start     ] GC(2) Pause Remark
[2024-11-13T13:39:14.822-0600][gc,stringtable] GC(2) Cleaned string and symbol table, strings: 6197 processed, 0 removed, symbols: 46899 processed, 38 removed
[2024-11-13T13:39:14.823-0600][gc            ] GC(2) Pause Remark 9M->9M(1024M) 8.244ms
[2024-11-13T13:39:14.823-0600][gc,cpu        ] GC(2) User=0.11s Sys=0.00s Real=0.01s
[2024-11-13T13:39:14.824-0600][gc,marking    ] GC(2) Concurrent Rebuild Remembered Sets
[2024-11-13T13:39:14.825-0600][gc,marking    ] GC(2) Concurrent Rebuild Remembered Sets 1.404ms
[2024-11-13T13:39:14.826-0600][gc,start      ] GC(2) Pause Cleanup
[2024-11-13T13:39:14.826-0600][gc            ] GC(2) Pause Cleanup 9M->9M(1024M) 0.492ms
[2024-11-13T13:39:14.826-0600][gc,cpu        ] GC(2) User=0.00s Sys=0.00s Real=0.00s
[2024-11-13T13:39:14.827-0600][gc,marking    ] GC(2) Concurrent Cleanup for Next Mark
[2024-11-13T13:39:14.829-0600][gc,marking    ] GC(2) Concurrent Cleanup for Next Mark 1.670ms
[2024-11-13T13:39:14.829-0600][gc            ] GC(2) Concurrent Cycle 20.286ms
[2024-11-13T13:39:15.400-0600][gc,start      ] GC(3) Pause Young (Normal) (G1 Evacuation Pause)
[2024-11-13T13:39:15.400-0600][gc,task       ] GC(3) Using 18 workers of 18 for evacuation
[2024-11-13T13:39:15.416-0600][gc,phases     ] GC(3)   Pre Evacuate Collection Set: 0.1ms
[2024-11-13T13:39:15.417-0600][gc,phases     ] GC(3)   Evacuate Collection Set: 15.2ms
[2024-11-13T13:39:15.417-0600][gc,phases     ] GC(3)   Post Evacuate Collection Set: 0.8ms
[2024-11-13T13:39:15.417-0600][gc,phases     ] GC(3)   Other: 0.3ms
[2024-11-13T13:39:15.417-0600][gc,heap       ] GC(3) Eden regions: 49->0(47)
[2024-11-13T13:39:15.418-0600][gc,heap       ] GC(3) Survivor regions: 2->4(7)
[2024-11-13T13:39:15.418-0600][gc,heap       ] GC(3) Old regions: 9->9
[2024-11-13T13:39:15.418-0600][gc,heap       ] GC(3) Humongous regions: 9->9
[2024-11-13T13:39:15.418-0600][gc,metaspace  ] GC(3) Metaspace: 29522K(30720K)->29522K(30720K) NonClass: 26139K(26880K)->26139K(26880K) Class: 3382K(3840K)->3382K(3840K)
[2024-11-13T13:39:15.419-0600][gc            ] GC(3) Pause Young (Normal) (G1 Evacuation Pause) 66M->19M(1024M) 18.647ms
[2024-11-13T13:39:15.419-0600][gc,cpu        ] GC(3) User=0.17s Sys=0.00s Real=0.02s
[2024-11-13T13:39:15.689-0600][gc,start      ] GC(4) Pause Young (Concurrent Start) (Metadata GC Threshold)
[2024-11-13T13:39:15.689-0600][gc,task       ] GC(4) Using 18 workers of 18 for evacuation
[2024-11-13T13:39:15.704-0600][gc,phases     ] GC(4)   Pre Evacuate Collection Set: 0.1ms
[2024-11-13T13:39:15.704-0600][gc,phases     ] GC(4)   Evacuate Collection Set: 13.7ms
[2024-11-13T13:39:15.705-0600][gc,phases     ] GC(4)   Post Evacuate Collection Set: 0.8ms
[2024-11-13T13:39:15.706-0600][gc,phases     ] GC(4)   Other: 0.4ms
[2024-11-13T13:39:15.706-0600][gc,heap       ] GC(4) Eden regions: 35->0(44)
[2024-11-13T13:39:15.707-0600][gc,heap       ] GC(4) Survivor regions: 4->7(7)
[2024-11-13T13:39:15.707-0600][gc,heap       ] GC(4) Old regions: 9->9
[2024-11-13T13:39:15.708-0600][gc,heap       ] GC(4) Humongous regions: 9->9
[2024-11-13T13:39:15.708-0600][gc,metaspace  ] GC(4) Metaspace: 34560K(35840K)->34560K(35840K) NonClass: 30691K(31360K)->30691K(31360K) Class: 3869K(4480K)->3869K(4480K)
[2024-11-13T13:39:15.709-0600][gc            ] GC(4) Pause Young (Concurrent Start) (Metadata GC Threshold) 54M->22M(1024M) 20.204ms
[2024-11-13T13:39:15.710-0600][gc,cpu        ] GC(4) User=0.17s Sys=0.00s Real=0.02s
[2024-11-13T13:39:15.710-0600][gc            ] GC(5) Concurrent Cycle
[2024-11-13T13:39:15.711-0600][gc,marking    ] GC(5) Concurrent Clear Claimed Marks
[2024-11-13T13:39:15.711-0600][gc,marking    ] GC(5) Concurrent Clear Claimed Marks 0.451ms
[2024-11-13T13:39:15.712-0600][gc,marking    ] GC(5) Concurrent Scan Root Regions
[2024-11-13T13:39:15.713-0600][gc,marking    ] GC(5) Concurrent Scan Root Regions 1.097ms
[2024-11-13T13:39:15.713-0600][gc,marking    ] GC(5) Concurrent Mark (2.222s)
[2024-11-13T13:39:15.713-0600][gc,marking    ] GC(5) Concurrent Mark From Roots
[2024-11-13T13:39:15.713-0600][gc,task       ] GC(5) Using 5 workers of 5 for marking
[2024-11-13T13:39:15.715-0600][gc,marking    ] GC(5) Concurrent Mark From Roots 1.731ms
[2024-11-13T13:39:15.715-0600][gc,marking    ] GC(5) Concurrent Preclean
[2024-11-13T13:39:15.715-0600][gc,marking    ] GC(5) Concurrent Preclean 0.175ms
[2024-11-13T13:39:15.715-0600][gc,marking    ] GC(5) Concurrent Mark (2.222s, 2.224s) 2.462ms
[2024-11-13T13:39:15.763-0600][gc,start      ] GC(5) Pause Remark
[2024-11-13T13:39:15.772-0600][gc,stringtable] GC(5) Cleaned string and symbol table, strings: 9586 processed, 13 removed, symbols: 86351 processed, 26 removed
[2024-11-13T13:39:15.772-0600][gc            ] GC(5) Pause Remark 152M->152M(1024M) 9.582ms
[2024-11-13T13:39:15.772-0600][gc,cpu        ] GC(5) User=0.13s Sys=0.01s Real=0.01s
[2024-11-13T13:39:15.772-0600][gc,marking    ] GC(5) Concurrent Rebuild Remembered Sets
[2024-11-13T13:39:15.774-0600][gc,marking    ] GC(5) Concurrent Rebuild Remembered Sets 1.524ms
[2024-11-13T13:39:15.774-0600][gc,start      ] GC(5) Pause Cleanup
[2024-11-13T13:39:15.775-0600][gc            ] GC(5) Pause Cleanup 153M->153M(1024M) 0.341ms
[2024-11-13T13:39:15.775-0600][gc,cpu        ] GC(5) User=0.00s Sys=0.00s Real=0.00s
[2024-11-13T13:39:15.775-0600][gc,marking    ] GC(5) Concurrent Cleanup for Next Mark
[2024-11-13T13:39:15.782-0600][gc,marking    ] GC(5) Concurrent Cleanup for Next Mark 6.631ms
[2024-11-13T13:39:15.782-0600][gc            ] GC(5) Concurrent Cycle 71.451ms
[2024-11-13T13:46:54.562-0600][gc,start      ] GC(6) Pause Young (Normal) (G1 Evacuation Pause)
[2024-11-13T13:46:54.562-0600][gc,task       ] GC(6) Using 18 workers of 18 for evacuation
[2024-11-13T13:46:54.602-0600][gc,mmu        ] GC(6) MMU target violated: 21.0ms (20.0ms/21.0ms)
[2024-11-13T13:46:54.603-0600][gc,phases     ] GC(6)   Pre Evacuate Collection Set: 0.3ms
[2024-11-13T13:46:54.604-0600][gc,phases     ] GC(6)   Evacuate Collection Set: 37.7ms
[2024-11-13T13:46:54.605-0600][gc,phases     ] GC(6)   Post Evacuate Collection Set: 1.4ms
[2024-11-13T13:46:54.605-0600][gc,phases     ] GC(6)   Other: 2.0ms
[2024-11-13T13:46:54.606-0600][gc,heap       ] GC(6) Eden regions: 44->0(45)
[2024-11-13T13:46:54.606-0600][gc,heap       ] GC(6) Survivor regions: 7->6(7)
[2024-11-13T13:46:54.607-0600][gc,heap       ] GC(6) Old regions: 9->12
[2024-11-13T13:46:54.607-0600][gc,heap       ] GC(6) Humongous regions: 138->138
[2024-11-13T13:46:54.607-0600][gc,metaspace  ] GC(6) Metaspace: 39185K(41344K)->39185K(41344K) NonClass: 34631K(35840K)->34631K(35840K) Class: 4553K(5504K)->4553K(5504K)
[2024-11-13T13:46:54.607-0600][gc            ] GC(6) Pause Young (Normal) (G1 Evacuation Pause) 195M->154M(1024M) 45.257ms
[2024-11-13T13:46:54.607-0600][gc,cpu        ] GC(6) User=0.59s Sys=0.08s Real=0.04s
[2024-11-13T13:50:02.862-0600][gc,start      ] GC(7) Pause Young (Normal) (G1 Evacuation Pause)
[2024-11-13T13:50:02.862-0600][gc,task       ] GC(7) Using 18 workers of 18 for evacuation
[2024-11-13T13:50:02.870-0600][gc,phases     ] GC(7)   Pre Evacuate Collection Set: 0.2ms
[2024-11-13T13:50:02.870-0600][gc,phases     ] GC(7)   Evacuate Collection Set: 5.8ms
[2024-11-13T13:50:02.870-0600][gc,phases     ] GC(7)   Post Evacuate Collection Set: 1.2ms
[2024-11-13T13:50:02.870-0600][gc,phases     ] GC(7)   Other: 0.6ms
[2024-11-13T13:50:02.871-0600][gc,heap       ] GC(7) Eden regions: 45->0(47)
[2024-11-13T13:50:02.871-0600][gc,heap       ] GC(7) Survivor regions: 6->4(7)
[2024-11-13T13:50:02.871-0600][gc,heap       ] GC(7) Old regions: 12->15
[2024-11-13T13:50:02.871-0600][gc,heap       ] GC(7) Humongous regions: 138->138
[2024-11-13T13:50:02.871-0600][gc,metaspace  ] GC(7) Metaspace: 40433K(42496K)->40433K(42496K) NonClass: 35805K(36864K)->35805K(36864K) Class: 4627K(5632K)->4627K(5632K)
[2024-11-13T13:50:02.872-0600][gc            ] GC(7) Pause Young (Normal) (G1 Evacuation Pause) 199M->155M(1024M) 9.926ms
[2024-11-13T13:50:02.872-0600][gc,cpu        ] GC(7) User=0.09s Sys=0.02s Real=0.01s
[2024-11-13T13:50:04.934-0600][gc,start      ] GC(8) Pause Young (Normal) (G1 Evacuation Pause)
[2024-11-13T13:50:04.934-0600][gc,task       ] GC(8) Using 18 workers of 18 for evacuation
[2024-11-13T13:50:04.942-0600][gc,phases     ] GC(8)   Pre Evacuate Collection Set: 0.0ms
[2024-11-13T13:50:04.943-0600][gc,phases     ] GC(8)   Evacuate Collection Set: 7.4ms
[2024-11-13T13:50:04.943-0600][gc,phases     ] GC(8)   Post Evacuate Collection Set: 0.7ms
[2024-11-13T13:50:04.943-0600][gc,phases     ] GC(8)   Other: 0.5ms
[2024-11-13T13:50:04.944-0600][gc,heap       ] GC(8) Eden regions: 47->0(47)
[2024-11-13T13:50:04.944-0600][gc,heap       ] GC(8) Survivor regions: 4->4(7)
[2024-11-13T13:50:04.944-0600][gc,heap       ] GC(8) Old regions: 15->15
[2024-11-13T13:50:04.944-0600][gc,heap       ] GC(8) Humongous regions: 138->138
[2024-11-13T13:50:04.944-0600][gc,metaspace  ] GC(8) Metaspace: 40434K(42496K)->40434K(42496K) NonClass: 35805K(36864K)->35805K(36864K) Class: 4628K(5632K)->4628K(5632K)
[2024-11-13T13:50:04.944-0600][gc            ] GC(8) Pause Young (Normal) (G1 Evacuation Pause) 202M->155M(1024M) 10.651ms
[2024-11-13T13:50:04.945-0600][gc,cpu        ] GC(8) User=0.11s Sys=0.00s Real=0.01s
[2024-11-13T13:50:07.084-0600][gc,start      ] GC(9) Pause Young (Normal) (G1 Evacuation Pause)
[2024-11-13T13:50:07.084-0600][gc,task       ] GC(9) Using 18 workers of 18 for evacuation
[2024-11-13T13:50:07.089-0600][gc,phases     ] GC(9)   Pre Evacuate Collection Set: 0.0ms
[2024-11-13T13:50:07.089-0600][gc,phases     ] GC(9)   Evacuate Collection Set: 3.9ms
[2024-11-13T13:50:07.090-0600][gc,phases     ] GC(9)   Post Evacuate Collection Set: 0.6ms
[2024-11-13T13:50:07.090-0600][gc,phases     ] GC(9)   Other: 0.5ms
[2024-11-13T13:50:07.090-0600][gc,heap       ] GC(9) Eden regions: 47->0(53)
[2024-11-13T13:50:07.090-0600][gc,heap       ] GC(9) Survivor regions: 4->4(7)
[2024-11-13T13:50:07.090-0600][gc,heap       ] GC(9) Old regions: 15->15
[2024-11-13T13:50:07.091-0600][gc,heap       ] GC(9) Humongous regions: 138->138
[2024-11-13T13:50:07.091-0600][gc,metaspace  ] GC(9) Metaspace: 40435K(42496K)->40435K(42496K) NonClass: 35806K(36864K)->35806K(36864K) Class: 4628K(5632K)->4628K(5632K)
[2024-11-13T13:50:07.091-0600][gc            ] GC(9) Pause Young (Normal) (G1 Evacuation Pause) 202M->155M(1024M) 7.023ms
[2024-11-13T13:50:07.091-0600][gc,cpu        ] GC(9) User=0.04s Sys=0.01s Real=0.01s
[2024-11-13T13:50:09.629-0600][gc,start      ] GC(10) Pause Young (Normal) (G1 Evacuation Pause)
[2024-11-13T13:50:09.629-0600][gc,task       ] GC(10) Using 18 workers of 18 for evacuation
[2024-11-13T13:50:09.641-0600][gc,phases     ] GC(10)   Pre Evacuate Collection Set: 0.0ms
[2024-11-13T13:50:09.641-0600][gc,phases     ] GC(10)   Evacuate Collection Set: 11.0ms
[2024-11-13T13:50:09.642-0600][gc,phases     ] GC(10)   Post Evacuate Collection Set: 1.0ms
[2024-11-13T13:50:09.642-0600][gc,phases     ] GC(10)   Other: 0.4ms
[2024-11-13T13:50:09.642-0600][gc,heap       ] GC(10) Eden regions: 53->0(54)
[2024-11-13T13:50:09.642-0600][gc,heap       ] GC(10) Survivor regions: 4->4(8)
[2024-11-13T13:50:09.642-0600][gc,heap       ] GC(10) Old regions: 15->15
[2024-11-13T13:50:09.643-0600][gc,heap       ] GC(10) Humongous regions: 138->138
[2024-11-13T13:50:09.643-0600][gc,metaspace  ] GC(10) Metaspace: 40435K(42496K)->40435K(42496K) NonClass: 35806K(36864K)->35806K(36864K) Class: 4628K(5632K)->4628K(5632K)
[2024-11-13T13:50:09.643-0600][gc            ] GC(10) Pause Young (Normal) (G1 Evacuation Pause) 208M->155M(1024M) 14.321ms
[2024-11-13T13:50:09.643-0600][gc,cpu        ] GC(10) User=0.01s Sys=0.19s Real=0.02s
[2024-11-13T13:50:12.249-0600][gc,start      ] GC(11) Pause Young (Normal) (G1 Evacuation Pause)
[2024-11-13T13:50:12.249-0600][gc,task       ] GC(11) Using 18 workers of 18 for evacuation
[2024-11-13T13:50:12.265-0600][gc,phases     ] GC(11)   Pre Evacuate Collection Set: 0.0ms
[2024-11-13T13:50:12.265-0600][gc,phases     ] GC(11)   Evacuate Collection Set: 14.7ms
[2024-11-13T13:50:12.265-0600][gc,phases     ] GC(11)   Post Evacuate Collection Set: 0.5ms
[2024-11-13T13:50:12.265-0600][gc,phases     ] GC(11)   Other: 0.5ms
[2024-11-13T13:50:12.265-0600][gc,heap       ] GC(11) Eden regions: 54->0(59)
[2024-11-13T13:50:12.266-0600][gc,heap       ] GC(11) Survivor regions: 4->4(8)
[2024-11-13T13:50:12.266-0600][gc,heap       ] GC(11) Old regions: 15->15
[2024-11-13T13:50:12.266-0600][gc,heap       ] GC(11) Humongous regions: 138->138
[2024-11-13T13:50:12.266-0600][gc,metaspace  ] GC(11) Metaspace: 40435K(42496K)->40435K(42496K) NonClass: 35806K(36864K)->35806K(36864K) Class: 4628K(5632K)->4628K(5632K)
[2024-11-13T13:50:12.266-0600][gc            ] GC(11) Pause Young (Normal) (G1 Evacuation Pause) 209M->154M(1024M) 16.744ms
[2024-11-13T13:50:12.266-0600][gc,cpu        ] GC(11) User=0.15s Sys=0.00s Real=0.02s
[2024-11-13T13:50:15.125-0600][gc,start      ] GC(12) Pause Young (Normal) (G1 Evacuation Pause)
[2024-11-13T13:50:15.125-0600][gc,task       ] GC(12) Using 18 workers of 18 for evacuation
[2024-11-13T13:50:15.141-0600][gc,phases     ] GC(12)   Pre Evacuate Collection Set: 0.0ms
[2024-11-13T13:50:15.142-0600][gc,phases     ] GC(12)   Evacuate Collection Set: 15.3ms
[2024-11-13T13:50:15.142-0600][gc,phases     ] GC(12)   Post Evacuate Collection Set: 0.5ms
[2024-11-13T13:50:15.142-0600][gc,phases     ] GC(12)   Other: 0.4ms
[2024-11-13T13:50:15.142-0600][gc,heap       ] GC(12) Eden regions: 59->0(66)
[2024-11-13T13:50:15.142-0600][gc,heap       ] GC(12) Survivor regions: 4->4(8)
[2024-11-13T13:50:15.142-0600][gc,heap       ] GC(12) Old regions: 15->15
[2024-11-13T13:50:15.142-0600][gc,heap       ] GC(12) Humongous regions: 138->138
[2024-11-13T13:50:15.143-0600][gc,metaspace  ] GC(12) Metaspace: 40436K(42496K)->40436K(42496K) NonClass: 35807K(36864K)->35807K(36864K) Class: 4628K(5632K)->4628K(5632K)
[2024-11-13T13:50:15.143-0600][gc            ] GC(12) Pause Young (Normal) (G1 Evacuation Pause) 213M->155M(1024M) 17.505ms
[2024-11-13T13:50:15.143-0600][gc,cpu        ] GC(12) User=0.13s Sys=0.13s Real=0.02s
[2024-11-13T13:50:18.380-0600][gc,start      ] GC(13) Pause Young (Normal) (G1 Evacuation Pause)
[2024-11-13T13:50:18.380-0600][gc,task       ] GC(13) Using 18 workers of 18 for evacuation
[2024-11-13T13:50:18.406-0600][gc,mmu        ] GC(13) MMU target violated: 21.0ms (20.0ms/21.0ms)
[2024-11-13T13:50:18.406-0600][gc,phases     ] GC(13)   Pre Evacuate Collection Set: 0.0ms
[2024-11-13T13:50:18.407-0600][gc,phases     ] GC(13)   Evacuate Collection Set: 24.6ms
[2024-11-13T13:50:18.407-0600][gc,phases     ] GC(13)   Post Evacuate Collection Set: 0.6ms
[2024-11-13T13:50:18.407-0600][gc,phases     ] GC(13)   Other: 0.8ms
[2024-11-13T13:50:18.408-0600][gc,heap       ] GC(13) Eden regions: 66->0(72)
[2024-11-13T13:50:18.408-0600][gc,heap       ] GC(13) Survivor regions: 4->4(9)
[2024-11-13T13:50:18.408-0600][gc,heap       ] GC(13) Old regions: 15->15
[2024-11-13T13:50:18.408-0600][gc,heap       ] GC(13) Humongous regions: 138->138
[2024-11-13T13:50:18.408-0600][gc,metaspace  ] GC(13) Metaspace: 40437K(42496K)->40437K(42496K) NonClass: 35808K(36864K)->35808K(36864K) Class: 4628K(5632K)->4628K(5632K)
[2024-11-13T13:50:18.409-0600][gc            ] GC(13) Pause Young (Normal) (G1 Evacuation Pause) 221M->155M(1024M) 28.377ms
[2024-11-13T13:50:18.409-0600][gc,cpu        ] GC(13) User=0.24s Sys=0.19s Real=0.03s
[2024-11-13T13:50:21.936-0600][gc,start      ] GC(14) Pause Young (Normal) (G1 Evacuation Pause)
[2024-11-13T13:50:21.937-0600][gc,task       ] GC(14) Using 18 workers of 18 for evacuation
[2024-11-13T13:50:21.963-0600][gc,mmu        ] GC(14) MMU target violated: 21.0ms (20.0ms/21.0ms)
[2024-11-13T13:50:21.964-0600][gc,phases     ] GC(14)   Pre Evacuate Collection Set: 0.0ms
[2024-11-13T13:50:21.964-0600][gc,phases     ] GC(14)   Evacuate Collection Set: 25.8ms
[2024-11-13T13:50:21.964-0600][gc,phases     ] GC(14)   Post Evacuate Collection Set: 0.7ms
[2024-11-13T13:50:21.964-0600][gc,phases     ] GC(14)   Other: 0.7ms
[2024-11-13T13:50:21.965-0600][gc,heap       ] GC(14) Eden regions: 72->0(81)
[2024-11-13T13:50:21.965-0600][gc,heap       ] GC(14) Survivor regions: 4->4(10)
[2024-11-13T13:50:21.965-0600][gc,heap       ] GC(14) Old regions: 15->15
[2024-11-13T13:50:21.965-0600][gc,heap       ] GC(14) Humongous regions: 138->138
[2024-11-13T13:50:21.966-0600][gc,metaspace  ] GC(14) Metaspace: 40443K(42496K)->40443K(42496K) NonClass: 35814K(36864K)->35814K(36864K) Class: 4628K(5632K)->4628K(5632K)
[2024-11-13T13:50:21.966-0600][gc            ] GC(14) Pause Young (Normal) (G1 Evacuation Pause) 227M->155M(1024M) 29.330ms
[2024-11-13T13:50:21.966-0600][gc,cpu        ] GC(14) User=0.34s Sys=0.11s Real=0.03s
[2024-11-13T13:50:26.130-0600][gc,start      ] GC(15) Pause Young (Normal) (G1 Evacuation Pause)
[2024-11-13T13:50:26.130-0600][gc,task       ] GC(15) Using 18 workers of 18 for evacuation
[2024-11-13T13:50:26.150-0600][gc,mmu        ] GC(15) MMU target violated: 20.2ms (20.0ms/21.0ms)
[2024-11-13T13:50:26.151-0600][gc,phases     ] GC(15)   Pre Evacuate Collection Set: 0.0ms
[2024-11-13T13:50:26.151-0600][gc,phases     ] GC(15)   Evacuate Collection Set: 19.3ms
[2024-11-13T13:50:26.151-0600][gc,phases     ] GC(15)   Post Evacuate Collection Set: 0.8ms
[2024-11-13T13:50:26.151-0600][gc,phases     ] GC(15)   Other: 0.7ms
[2024-11-13T13:50:26.152-0600][gc,heap       ] GC(15) Eden regions: 81->0(87)
[2024-11-13T13:50:26.152-0600][gc,heap       ] GC(15) Survivor regions: 4->4(11)
[2024-11-13T13:50:26.152-0600][gc,heap       ] GC(15) Old regions: 15->15
[2024-11-13T13:50:26.152-0600][gc,heap       ] GC(15) Humongous regions: 138->138
[2024-11-13T13:50:26.152-0600][gc,metaspace  ] GC(15) Metaspace: 40443K(42496K)->40443K(42496K) NonClass: 35814K(36864K)->35814K(36864K) Class: 4628K(5632K)->4628K(5632K)
[2024-11-13T13:50:26.153-0600][gc            ] GC(15) Pause Young (Normal) (G1 Evacuation Pause) 236M->155M(1024M) 22.754ms
[2024-11-13T13:50:26.153-0600][gc,cpu        ] GC(15) User=0.15s Sys=0.19s Real=0.03s
[2024-11-13T13:50:30.389-0600][gc,start      ] GC(16) Pause Young (Normal) (G1 Evacuation Pause)
[2024-11-13T13:50:30.389-0600][gc,task       ] GC(16) Using 18 workers of 18 for evacuation
[2024-11-13T13:50:30.425-0600][gc,mmu        ] GC(16) MMU target violated: 21.0ms (20.0ms/21.0ms)
[2024-11-13T13:50:30.425-0600][gc,phases     ] GC(16)   Pre Evacuate Collection Set: 0.1ms
[2024-11-13T13:50:30.425-0600][gc,phases     ] GC(16)   Evacuate Collection Set: 34.4ms
[2024-11-13T13:50:30.425-0600][gc,phases     ] GC(16)   Post Evacuate Collection Set: 0.6ms
[2024-11-13T13:50:30.425-0600][gc,phases     ] GC(16)   Other: 1.0ms
[2024-11-13T13:50:30.426-0600][gc,heap       ] GC(16) Eden regions: 87->0(94)
[2024-11-13T13:50:30.426-0600][gc,heap       ] GC(16) Survivor regions: 4->4(12)
[2024-11-13T13:50:30.426-0600][gc,heap       ] GC(16) Old regions: 15->15
[2024-11-13T13:50:30.426-0600][gc,heap       ] GC(16) Humongous regions: 138->138
[2024-11-13T13:50:30.427-0600][gc,metaspace  ] GC(16) Metaspace: 40443K(42496K)->40443K(42496K) NonClass: 35814K(36864K)->35814K(36864K) Class: 4628K(5632K)->4628K(5632K)
[2024-11-13T13:50:30.427-0600][gc            ] GC(16) Pause Young (Normal) (G1 Evacuation Pause) 242M->155M(1024M) 38.511ms
[2024-11-13T13:50:30.427-0600][gc,cpu        ] GC(16) User=0.59s Sys=0.03s Real=0.04s
[2024-11-13T13:50:35.049-0600][gc,start      ] GC(17) Pause Young (Normal) (G1 Evacuation Pause)
[2024-11-13T13:50:35.050-0600][gc,task       ] GC(17) Using 18 workers of 18 for evacuation
[2024-11-13T13:50:35.073-0600][gc,mmu        ] GC(17) MMU target violated: 21.0ms (20.0ms/21.0ms)
[2024-11-13T13:50:35.073-0600][gc,phases     ] GC(17)   Pre Evacuate Collection Set: 0.0ms
[2024-11-13T13:50:35.074-0600][gc,phases     ] GC(17)   Evacuate Collection Set: 22.2ms
[2024-11-13T13:50:35.075-0600][gc,phases     ] GC(17)   Post Evacuate Collection Set: 0.7ms
[2024-11-13T13:50:35.075-0600][gc,phases     ] GC(17)   Other: 1.0ms
[2024-11-13T13:50:35.075-0600][gc,heap       ] GC(17) Eden regions: 94->0(109)
[2024-11-13T13:50:35.075-0600][gc,heap       ] GC(17) Survivor regions: 4->4(13)
[2024-11-13T13:50:35.075-0600][gc,heap       ] GC(17) Old regions: 15->15
[2024-11-13T13:50:35.076-0600][gc,heap       ] GC(17) Humongous regions: 138->138
[2024-11-13T13:50:35.076-0600][gc,metaspace  ] GC(17) Metaspace: 40444K(42496K)->40444K(42496K) NonClass: 35815K(36864K)->35815K(36864K) Class: 4628K(5632K)->4628K(5632K)
[2024-11-13T13:50:35.076-0600][gc            ] GC(17) Pause Young (Normal) (G1 Evacuation Pause) 249M->155M(1024M) 26.777ms
[2024-11-13T13:50:35.077-0600][gc,cpu        ] GC(17) User=0.24s Sys=0.16s Real=0.03s
[2024-11-13T13:50:40.357-0600][gc,start      ] GC(18) Pause Young (Normal) (G1 Evacuation Pause)
[2024-11-13T13:50:40.357-0600][gc,task       ] GC(18) Using 18 workers of 18 for evacuation
[2024-11-13T13:50:40.382-0600][gc,mmu        ] GC(18) MMU target violated: 21.0ms (20.0ms/21.0ms)
[2024-11-13T13:50:40.382-0600][gc,phases     ] GC(18)   Pre Evacuate Collection Set: 0.0ms
[2024-11-13T13:50:40.382-0600][gc,phases     ] GC(18)   Evacuate Collection Set: 23.8ms
[2024-11-13T13:50:40.383-0600][gc,phases     ] GC(18)   Post Evacuate Collection Set: 0.5ms
[2024-11-13T13:50:40.383-0600][gc,phases     ] GC(18)   Other: 0.7ms
[2024-11-13T13:50:40.383-0600][gc,heap       ] GC(18) Eden regions: 109->0(113)
[2024-11-13T13:50:40.383-0600][gc,heap       ] GC(18) Survivor regions: 4->4(15)
[2024-11-13T13:50:40.383-0600][gc,heap       ] GC(18) Old regions: 15->15
[2024-11-13T13:50:40.384-0600][gc,heap       ] GC(18) Humongous regions: 138->138
[2024-11-13T13:50:40.384-0600][gc,metaspace  ] GC(18) Metaspace: 40444K(42496K)->40444K(42496K) NonClass: 35815K(36864K)->35815K(36864K) Class: 4628K(5632K)->4628K(5632K)
[2024-11-13T13:50:40.384-0600][gc            ] GC(18) Pause Young (Normal) (G1 Evacuation Pause) 264M->155M(1024M) 27.093ms
[2024-11-13T13:50:40.384-0600][gc,cpu        ] GC(18) User=0.20s Sys=0.21s Real=0.03s
[2024-11-13T13:50:45.860-0600][gc,start      ] GC(19) Pause Young (Normal) (G1 Evacuation Pause)
[2024-11-13T13:50:45.860-0600][gc,task       ] GC(19) Using 18 workers of 18 for evacuation
[2024-11-13T13:50:45.888-0600][gc,mmu        ] GC(19) MMU target violated: 21.0ms (20.0ms/21.0ms)
[2024-11-13T13:50:45.889-0600][gc,phases     ] GC(19)   Pre Evacuate Collection Set: 0.0ms
[2024-11-13T13:50:45.889-0600][gc,phases     ] GC(19)   Evacuate Collection Set: 27.8ms
[2024-11-13T13:50:45.889-0600][gc,phases     ] GC(19)   Post Evacuate Collection Set: 0.6ms
[2024-11-13T13:50:45.889-0600][gc,phases     ] GC(19)   Other: 0.8ms
[2024-11-13T13:50:45.890-0600][gc,heap       ] GC(19) Eden regions: 113->0(119)
[2024-11-13T13:50:45.890-0600][gc,heap       ] GC(19) Survivor regions: 4->4(15)
[2024-11-13T13:50:45.890-0600][gc,heap       ] GC(19) Old regions: 15->15
[2024-11-13T13:50:45.890-0600][gc,heap       ] GC(19) Humongous regions: 138->138
[2024-11-13T13:50:45.890-0600][gc,metaspace  ] GC(19) Metaspace: 40444K(42496K)->40444K(42496K) NonClass: 35815K(36864K)->35815K(36864K) Class: 4628K(5632K)->4628K(5632K)
[2024-11-13T13:50:45.891-0600][gc            ] GC(19) Pause Young (Normal) (G1 Evacuation Pause) 268M->155M(1024M) 31.027ms
[2024-11-13T13:50:45.891-0600][gc,cpu        ] GC(19) User=0.33s Sys=0.16s Real=0.03s
[2024-11-13T13:50:51.664-0600][gc,start      ] GC(20) Pause Young (Normal) (G1 Evacuation Pause)
[2024-11-13T13:50:51.665-0600][gc,task       ] GC(20) Using 18 workers of 18 for evacuation
[2024-11-13T13:50:51.689-0600][gc,mmu        ] GC(20) MMU target violated: 21.0ms (20.0ms/21.0ms)
[2024-11-13T13:50:51.690-0600][gc,phases     ] GC(20)   Pre Evacuate Collection Set: 0.0ms
[2024-11-13T13:50:51.690-0600][gc,phases     ] GC(20)   Evacuate Collection Set: 24.0ms
[2024-11-13T13:50:51.691-0600][gc,phases     ] GC(20)   Post Evacuate Collection Set: 0.6ms
[2024-11-13T13:50:51.691-0600][gc,phases     ] GC(20)   Other: 0.8ms
[2024-11-13T13:50:51.691-0600][gc,heap       ] GC(20) Eden regions: 119->0(123)
[2024-11-13T13:50:51.691-0600][gc,heap       ] GC(20) Survivor regions: 4->4(16)
[2024-11-13T13:50:51.692-0600][gc,heap       ] GC(20) Old regions: 15->15
[2024-11-13T13:50:51.692-0600][gc,heap       ] GC(20) Humongous regions: 138->138
[2024-11-13T13:50:51.692-0600][gc,metaspace  ] GC(20) Metaspace: 40445K(42496K)->40445K(42496K) NonClass: 35816K(36864K)->35816K(36864K) Class: 4628K(5632K)->4628K(5632K)
[2024-11-13T13:50:51.692-0600][gc            ] GC(20) Pause Young (Normal) (G1 Evacuation Pause) 274M->155M(1024M) 27.803ms
[2024-11-13T13:50:51.693-0600][gc,cpu        ] GC(20) User=0.29s Sys=0.13s Real=0.03s
[2024-11-13T13:50:57.686-0600][gc,start      ] GC(21) Pause Young (Normal) (G1 Evacuation Pause)
[2024-11-13T13:50:57.686-0600][gc,task       ] GC(21) Using 18 workers of 18 for evacuation
[2024-11-13T13:50:57.705-0600][gc,phases     ] GC(21)   Pre Evacuate Collection Set: 0.1ms
[2024-11-13T13:50:57.706-0600][gc,phases     ] GC(21)   Evacuate Collection Set: 18.8ms
[2024-11-13T13:50:57.706-0600][gc,phases     ] GC(21)   Post Evacuate Collection Set: 0.6ms
[2024-11-13T13:50:57.706-0600][gc,phases     ] GC(21)   Other: 0.3ms
[2024-11-13T13:50:57.707-0600][gc,heap       ] GC(21) Eden regions: 123->0(128)
[2024-11-13T13:50:57.707-0600][gc,heap       ] GC(21) Survivor regions: 4->2(16)
[2024-11-13T13:50:57.707-0600][gc,heap       ] GC(21) Old regions: 15->18
[2024-11-13T13:50:57.707-0600][gc,heap       ] GC(21) Humongous regions: 138->138
[2024-11-13T13:50:57.707-0600][gc,metaspace  ] GC(21) Metaspace: 40445K(42496K)->40445K(42496K) NonClass: 35816K(36864K)->35816K(36864K) Class: 4628K(5632K)->4628K(5632K)
[2024-11-13T13:50:57.708-0600][gc            ] GC(21) Pause Young (Normal) (G1 Evacuation Pause) 278M->155M(1024M) 22.078ms
[2024-11-13T13:50:57.708-0600][gc,cpu        ] GC(21) User=0.21s Sys=0.12s Real=0.02s
[2024-11-13T13:51:04.041-0600][gc,start      ] GC(22) Pause Young (Normal) (G1 Evacuation Pause)
[2024-11-13T13:51:04.041-0600][gc,task       ] GC(22) Using 18 workers of 18 for evacuation
[2024-11-13T13:51:04.069-0600][gc,mmu        ] GC(22) MMU target violated: 21.0ms (20.0ms/21.0ms)
[2024-11-13T13:51:04.070-0600][gc,phases     ] GC(22)   Pre Evacuate Collection Set: 0.0ms
[2024-11-13T13:51:04.070-0600][gc,phases     ] GC(22)   Evacuate Collection Set: 27.6ms
[2024-11-13T13:51:04.070-0600][gc,phases     ] GC(22)   Post Evacuate Collection Set: 0.8ms
[2024-11-13T13:51:04.071-0600][gc,phases     ] GC(22)   Other: 0.9ms
[2024-11-13T13:51:04.071-0600][gc,heap       ] GC(22) Eden regions: 128->0(137)
[2024-11-13T13:51:04.071-0600][gc,heap       ] GC(22) Survivor regions: 2->2(17)
[2024-11-13T13:51:04.071-0600][gc,heap       ] GC(22) Old regions: 18->18
[2024-11-13T13:51:04.072-0600][gc,heap       ] GC(22) Humongous regions: 138->138
[2024-11-13T13:51:04.072-0600][gc,metaspace  ] GC(22) Metaspace: 40445K(42496K)->40445K(42496K) NonClass: 35816K(36864K)->35816K(36864K) Class: 4628K(5632K)->4628K(5632K)
[2024-11-13T13:51:04.072-0600][gc            ] GC(22) Pause Young (Normal) (G1 Evacuation Pause) 283M->155M(1024M) 31.304ms
[2024-11-13T13:51:04.072-0600][gc,cpu        ] GC(22) User=0.35s Sys=0.14s Real=0.04s
[2024-11-13T13:51:10.978-0600][gc,start      ] GC(23) Pause Young (Normal) (G1 Evacuation Pause)
[2024-11-13T13:51:10.979-0600][gc,task       ] GC(23) Using 18 workers of 18 for evacuation
[2024-11-13T13:51:10.980-0600][gc,phases     ] GC(23)   Pre Evacuate Collection Set: 0.0ms
[2024-11-13T13:51:10.981-0600][gc,phases     ] GC(23)   Evacuate Collection Set: 0.6ms
[2024-11-13T13:51:10.981-0600][gc,phases     ] GC(23)   Post Evacuate Collection Set: 0.8ms
[2024-11-13T13:51:10.981-0600][gc,phases     ] GC(23)   Other: 0.7ms
[2024-11-13T13:51:10.982-0600][gc,heap       ] GC(23) Eden regions: 137->0(316)
[2024-11-13T13:51:10.982-0600][gc,heap       ] GC(23) Survivor regions: 2->1(18)
[2024-11-13T13:51:10.982-0600][gc,heap       ] GC(23) Old regions: 18->18
[2024-11-13T13:51:10.983-0600][gc,heap       ] GC(23) Humongous regions: 138->138
[2024-11-13T13:51:10.983-0600][gc,metaspace  ] GC(23) Metaspace: 40445K(42496K)->40445K(42496K) NonClass: 35816K(36864K)->35816K(36864K) Class: 4628K(5632K)->4628K(5632K)
[2024-11-13T13:51:10.983-0600][gc            ] GC(23) Pause Young (Normal) (G1 Evacuation Pause) 292M->155M(1024M) 4.719ms
[2024-11-13T13:51:10.983-0600][gc,cpu        ] GC(23) User=0.01s Sys=0.00s Real=0.01s
[2024-11-13T13:51:27.548-0600][gc,start      ] GC(24) Pause Young (Normal) (G1 Evacuation Pause)
[2024-11-13T13:51:27.548-0600][gc,task       ] GC(24) Using 18 workers of 18 for evacuation
[2024-11-13T13:51:27.564-0600][gc,phases     ] GC(24)   Pre Evacuate Collection Set: 0.0ms
[2024-11-13T13:51:27.564-0600][gc,phases     ] GC(24)   Evacuate Collection Set: 14.9ms
[2024-11-13T13:51:27.565-0600][gc,phases     ] GC(24)   Post Evacuate Collection Set: 0.5ms
[2024-11-13T13:51:27.565-0600][gc,phases     ] GC(24)   Other: 0.7ms
[2024-11-13T13:51:27.565-0600][gc,heap       ] GC(24) Eden regions: 316->0(320)
[2024-11-13T13:51:27.566-0600][gc,heap       ] GC(24) Survivor regions: 1->2(40)
[2024-11-13T13:51:27.566-0600][gc,heap       ] GC(24) Old regions: 18->18
[2024-11-13T13:51:27.566-0600][gc,heap       ] GC(24) Humongous regions: 138->138
[2024-11-13T13:51:27.566-0600][gc,metaspace  ] GC(24) Metaspace: 40445K(42496K)->40445K(42496K) NonClass: 35816K(36864K)->35816K(36864K) Class: 4628K(5632K)->4628K(5632K)
[2024-11-13T13:51:27.567-0600][gc            ] GC(24) Pause Young (Normal) (G1 Evacuation Pause) 471M->155M(1024M) 18.390ms
[2024-11-13T13:51:27.567-0600][gc,cpu        ] GC(24) User=0.19s Sys=0.07s Real=0.02s
[2024-11-13T13:51:43.698-0600][gc,start      ] GC(25) Pause Young (Normal) (G1 Evacuation Pause)
[2024-11-13T13:51:43.698-0600][gc,task       ] GC(25) Using 18 workers of 18 for evacuation
[2024-11-13T13:51:43.718-0600][gc,phases     ] GC(25)   Pre Evacuate Collection Set: 0.0ms
[2024-11-13T13:51:43.718-0600][gc,phases     ] GC(25)   Evacuate Collection Set: 18.3ms
[2024-11-13T13:51:43.718-0600][gc,phases     ] GC(25)   Post Evacuate Collection Set: 0.6ms
[2024-11-13T13:51:43.718-0600][gc,phases     ] GC(25)   Other: 0.6ms
[2024-11-13T13:51:43.719-0600][gc,heap       ] GC(25) Eden regions: 320->0(496)
[2024-11-13T13:51:43.719-0600][gc,heap       ] GC(25) Survivor regions: 2->2(41)
[2024-11-13T13:51:43.719-0600][gc,heap       ] GC(25) Old regions: 18->18
[2024-11-13T13:51:43.719-0600][gc,heap       ] GC(25) Humongous regions: 138->138
[2024-11-13T13:51:43.720-0600][gc,metaspace  ] GC(25) Metaspace: 40447K(42496K)->40447K(42496K) NonClass: 35818K(36864K)->35818K(36864K) Class: 4628K(5632K)->4628K(5632K)
[2024-11-13T13:51:43.720-0600][gc            ] GC(25) Pause Young (Normal) (G1 Evacuation Pause) 475M->156M(1024M) 21.601ms
[2024-11-13T13:51:43.720-0600][gc,cpu        ] GC(25) User=0.22s Sys=0.10s Real=0.02s
[2024-11-13T13:52:08.316-0600][gc,start      ] GC(26) Pause Young (Normal) (G1 Evacuation Pause)
[2024-11-13T13:52:08.316-0600][gc,task       ] GC(26) Using 18 workers of 18 for evacuation
[2024-11-13T13:52:08.356-0600][gc,mmu        ] GC(26) MMU target violated: 21.0ms (20.0ms/21.0ms)
[2024-11-13T13:52:08.357-0600][gc,phases     ] GC(26)   Pre Evacuate Collection Set: 0.1ms
[2024-11-13T13:52:08.357-0600][gc,phases     ] GC(26)   Evacuate Collection Set: 39.7ms
[2024-11-13T13:52:08.358-0600][gc,phases     ] GC(26)   Post Evacuate Collection Set: 0.6ms
[2024-11-13T13:52:08.358-0600][gc,phases     ] GC(26)   Other: 0.8ms
[2024-11-13T13:52:08.358-0600][gc,heap       ] GC(26) Eden regions: 496->0(506)
[2024-11-13T13:52:08.358-0600][gc,heap       ] GC(26) Survivor regions: 2->2(63)
[2024-11-13T13:52:08.359-0600][gc,heap       ] GC(26) Old regions: 18->19
[2024-11-13T13:52:08.359-0600][gc,heap       ] GC(26) Humongous regions: 138->138
[2024-11-13T13:52:08.359-0600][gc,metaspace  ] GC(26) Metaspace: 40507K(42752K)->40507K(42752K) NonClass: 35878K(37120K)->35878K(37120K) Class: 4628K(5632K)->4628K(5632K)
[2024-11-13T13:52:08.359-0600][gc            ] GC(26) Pause Young (Normal) (G1 Evacuation Pause) 652M->156M(1024M) 43.626ms
[2024-11-13T13:52:08.360-0600][gc,cpu        ] GC(26) User=0.49s Sys=0.22s Real=0.04s
[2024-11-13T13:58:26.075-0600][gc,start      ] GC(27) Pause Young (Normal) (G1 Evacuation Pause)
[2024-11-13T13:58:26.076-0600][gc,task       ] GC(27) Using 18 workers of 18 for evacuation
[2024-11-13T13:58:26.096-0600][gc,phases     ] GC(27)   Pre Evacuate Collection Set: 0.1ms
[2024-11-13T13:58:26.097-0600][gc,phases     ] GC(27)   Evacuate Collection Set: 18.6ms
[2024-11-13T13:58:26.097-0600][gc,phases     ] GC(27)   Post Evacuate Collection Set: 0.9ms
[2024-11-13T13:58:26.097-0600][gc,phases     ] GC(27)   Other: 1.3ms
[2024-11-13T13:58:26.098-0600][gc,heap       ] GC(27) Eden regions: 506->0(512)
[2024-11-13T13:58:26.098-0600][gc,heap       ] GC(27) Survivor regions: 2->6(64)
[2024-11-13T13:58:26.098-0600][gc,heap       ] GC(27) Old regions: 19->19
[2024-11-13T13:58:26.098-0600][gc,heap       ] GC(27) Humongous regions: 138->138
[2024-11-13T13:58:26.099-0600][gc,metaspace  ] GC(27) Metaspace: 40715K(43008K)->40715K(43008K) NonClass: 36082K(37376K)->36082K(37376K) Class: 4633K(5632K)->4633K(5632K)
[2024-11-13T13:58:26.099-0600][gc            ] GC(27) Pause Young (Normal) (G1 Evacuation Pause) 662M->160M(1024M) 23.605ms
[2024-11-13T13:58:26.100-0600][gc,cpu        ] GC(27) User=0.24s Sys=0.10s Real=0.02s
[2024-11-13T13:58:59.916-0600][gc,start      ] GC(28) Pause Young (Normal) (G1 Evacuation Pause)
[2024-11-13T13:58:59.916-0600][gc,task       ] GC(28) Using 18 workers of 18 for evacuation
[2024-11-13T13:59:00.013-0600][gc,mmu        ] GC(28) MMU target violated: 21.0ms (20.0ms/21.0ms)
[2024-11-13T13:59:00.013-0600][gc,phases     ] GC(28)   Pre Evacuate Collection Set: 0.1ms
[2024-11-13T13:59:00.014-0600][gc,phases     ] GC(28)   Evacuate Collection Set: 95.0ms
[2024-11-13T13:59:00.014-0600][gc,phases     ] GC(28)   Post Evacuate Collection Set: 1.2ms
[2024-11-13T13:59:00.015-0600][gc,phases     ] GC(28)   Other: 1.1ms
[2024-11-13T13:59:00.015-0600][gc,heap       ] GC(28) Eden regions: 512->0(517)
[2024-11-13T13:59:00.015-0600][gc,heap       ] GC(28) Survivor regions: 6->8(65)
[2024-11-13T13:59:00.015-0600][gc,heap       ] GC(28) Old regions: 19->19
[2024-11-13T13:59:00.015-0600][gc,heap       ] GC(28) Humongous regions: 138->138
[2024-11-13T13:59:00.015-0600][gc,metaspace  ] GC(28) Metaspace: 40742K(43008K)->40742K(43008K) NonClass: 36108K(37376K)->36108K(37376K) Class: 4633K(5632K)->4633K(5632K)
[2024-11-13T13:59:00.016-0600][gc            ] GC(28) Pause Young (Normal) (G1 Evacuation Pause) 672M->162M(1024M) 99.402ms
[2024-11-13T13:59:00.016-0600][gc,cpu        ] GC(28) User=1.18s Sys=0.52s Real=0.10s
[2024-11-13T13:59:31.530-0600][gc,start      ] GC(29) Pause Young (Normal) (G1 Evacuation Pause)
[2024-11-13T13:59:31.530-0600][gc,task       ] GC(29) Using 18 workers of 18 for evacuation
[2024-11-13T13:59:31.539-0600][gc,phases     ] GC(29)   Pre Evacuate Collection Set: 0.2ms
[2024-11-13T13:59:31.539-0600][gc,phases     ] GC(29)   Evacuate Collection Set: 7.2ms
[2024-11-13T13:59:31.540-0600][gc,phases     ] GC(29)   Post Evacuate Collection Set: 1.1ms
[2024-11-13T13:59:31.540-0600][gc,phases     ] GC(29)   Other: 0.9ms
[2024-11-13T13:59:31.540-0600][gc,heap       ] GC(29) Eden regions: 517->0(524)
[2024-11-13T13:59:31.541-0600][gc,heap       ] GC(29) Survivor regions: 8->8(66)
[2024-11-13T13:59:31.541-0600][gc,heap       ] GC(29) Old regions: 19->19
[2024-11-13T13:59:31.541-0600][gc,heap       ] GC(29) Humongous regions: 138->138
[2024-11-13T13:59:31.541-0600][gc,metaspace  ] GC(29) Metaspace: 40742K(43008K)->40742K(43008K) NonClass: 36108K(37376K)->36108K(37376K) Class: 4633K(5632K)->4633K(5632K)
[2024-11-13T13:59:31.542-0600][gc            ] GC(29) Pause Young (Normal) (G1 Evacuation Pause) 679M->162M(1024M) 11.841ms
[2024-11-13T13:59:31.542-0600][gc,cpu        ] GC(29) User=0.13s Sys=0.00s Real=0.02s
[2024-11-13T14:00:03.721-0600][gc,start      ] GC(30) Pause Young (Normal) (G1 Evacuation Pause)
[2024-11-13T14:00:03.721-0600][gc,task       ] GC(30) Using 18 workers of 18 for evacuation
[2024-11-13T14:00:03.735-0600][gc,phases     ] GC(30)   Pre Evacuate Collection Set: 0.0ms
[2024-11-13T14:00:03.736-0600][gc,phases     ] GC(30)   Evacuate Collection Set: 12.4ms
[2024-11-13T14:00:03.736-0600][gc,phases     ] GC(30)   Post Evacuate Collection Set: 1.0ms
[2024-11-13T14:00:03.736-0600][gc,phases     ] GC(30)   Other: 0.7ms
[2024-11-13T14:00:03.737-0600][gc,heap       ] GC(30) Eden regions: 524->0(529)
[2024-11-13T14:00:03.737-0600][gc,heap       ] GC(30) Survivor regions: 8->9(67)
[2024-11-13T14:00:03.737-0600][gc,heap       ] GC(30) Old regions: 19->19
[2024-11-13T14:00:03.737-0600][gc,heap       ] GC(30) Humongous regions: 138->138
[2024-11-13T14:00:03.737-0600][gc,metaspace  ] GC(30) Metaspace: 40745K(43008K)->40745K(43008K) NonClass: 36111K(37376K)->36111K(37376K) Class: 4634K(5632K)->4634K(5632K)
[2024-11-13T14:00:03.738-0600][gc            ] GC(30) Pause Young (Normal) (G1 Evacuation Pause) 686M->163M(1024M) 16.488ms
[2024-11-13T14:00:03.738-0600][gc,cpu        ] GC(30) User=0.12s Sys=0.09s Real=0.01s
[2024-11-13T15:01:14.388-0600][gc,start      ] GC(31) Pause Young (Normal) (G1 Evacuation Pause)
[2024-11-13T15:01:14.389-0600][gc,task       ] GC(31) Using 18 workers of 18 for evacuation
[2024-11-13T15:01:14.442-0600][gc,mmu        ] GC(31) MMU target violated: 21.0ms (20.0ms/21.0ms)
[2024-11-13T15:01:14.443-0600][gc,phases     ] GC(31)   Pre Evacuate Collection Set: 0.2ms
[2024-11-13T15:01:14.443-0600][gc,phases     ] GC(31)   Evacuate Collection Set: 49.5ms
[2024-11-13T15:01:14.444-0600][gc,phases     ] GC(31)   Post Evacuate Collection Set: 2.8ms
[2024-11-13T15:01:14.444-0600][gc,phases     ] GC(31)   Other: 2.1ms
[2024-11-13T15:01:14.445-0600][gc,heap       ] GC(31) Eden regions: 529->0(532)
[2024-11-13T15:01:14.445-0600][gc,heap       ] GC(31) Survivor regions: 9->14(68)
[2024-11-13T15:01:14.445-0600][gc,heap       ] GC(31) Old regions: 19->19
[2024-11-13T15:01:14.446-0600][gc,heap       ] GC(31) Humongous regions: 147->147
[2024-11-13T15:01:14.446-0600][gc,metaspace  ] GC(31) Metaspace: 41126K(43264K)->41126K(43264K) NonClass: 36454K(37632K)->36454K(37632K) Class: 4671K(5632K)->4671K(5632K)
[2024-11-13T15:01:14.446-0600][gc            ] GC(31) Pause Young (Normal) (G1 Evacuation Pause) 701M->177M(1024M) 57.876ms
[2024-11-13T15:01:14.446-0600][gc,cpu        ] GC(31) User=0.81s Sys=0.08s Real=0.06s
