[2024-11-10T18:57:48.899-0600][gc,heap] Heap region size: 1M
[2024-11-10T18:57:48.904-0600][gc     ] Using G1
[2024-11-10T18:57:48.904-0600][gc,heap,coops] Heap address: 0x00000000c0000000, size: 1024 MB, Compressed Oops mode: 32-bit
[2024-11-10T18:57:48.905-0600][gc,cds       ] Mark closed archive regions in map: [0x00000000fff00000, 0x00000000fff6bff8]
[2024-11-10T18:57:48.905-0600][gc,cds       ] Mark open archive regions in map: [0x00000000ffe00000, 0x00000000ffe47ff8]
[2024-11-10T18:57:52.602-0600][gc,heap,exit ] Heap
[2024-11-10T18:57:52.602-0600][gc,heap,exit ]  garbage-first heap   total 1048576K, used 51920K [0x00000000c0000000, 0x0000000100000000)
[2024-11-10T18:57:52.602-0600][gc,heap,exit ]   region size 1024K, 51 young (52224K), 0 survivors (0K)
[2024-11-10T18:57:52.603-0600][gc,heap,exit ]  Metaspace       used 13997K, capacity 14471K, committed 14848K, reserved 1062912K
[2024-11-10T18:57:52.603-0600][gc,heap,exit ]   class space    used 1718K, capacity 1924K, committed 2048K, reserved 1048576K
