[2024-10-21T13:23:01.654-0500][gc,heap] Heap region size: 1M
[2024-10-21T13:23:01.658-0500][gc     ] Using G1
[2024-10-21T13:23:01.658-0500][gc,heap,coops] Heap address: 0x00000000c0000000, size: 1024 MB, Compressed Oops mode: 32-bit
[2024-10-21T13:23:01.659-0500][gc,cds       ] Mark closed archive regions in map: [0x00000000fff00000, 0x00000000fff6bff8]
[2024-10-21T13:23:01.659-0500][gc,cds       ] Mark open archive regions in map: [0x00000000ffe00000, 0x00000000ffe47ff8]
[2024-10-21T13:23:05.373-0500][gc,start     ] GC(0) Pause Young (Normal) (G1 Evacuation Pause)
[2024-10-21T13:23:05.375-0500][gc,task      ] GC(0) Using 18 workers of 18 for evacuation
[2024-10-21T13:23:05.401-0500][gc,mmu       ] GC(0) MMU target violated: 21.0ms (20.0ms/21.0ms)
[2024-10-21T13:23:05.401-0500][gc,phases    ] GC(0)   Pre Evacuate Collection Set: 0.0ms
[2024-10-21T13:23:05.402-0500][gc,phases    ] GC(0)   Evacuate Collection Set: 25.3ms
[2024-10-21T13:23:05.402-0500][gc,phases    ] GC(0)   Post Evacuate Collection Set: 0.6ms
[2024-10-21T13:23:05.403-0500][gc,phases    ] GC(0)   Other: 1.8ms
[2024-10-21T13:23:05.403-0500][gc,heap      ] GC(0) Eden regions: 51->0(44)
[2024-10-21T13:23:05.404-0500][gc,heap      ] GC(0) Survivor regions: 0->7(7)
[2024-10-21T13:23:05.404-0500][gc,heap      ] GC(0) Old regions: 2->2
[2024-10-21T13:23:05.404-0500][gc,heap      ] GC(0) Humongous regions: 0->0
[2024-10-21T13:23:05.404-0500][gc,metaspace ] GC(0) Metaspace: 14005K(14848K)->14005K(14848K) NonClass: 12288K(12800K)->12288K(12800K) Class: 1717K(2048K)->1717K(2048K)
[2024-10-21T13:23:05.404-0500][gc           ] GC(0) Pause Young (Normal) (G1 Evacuation Pause) 51M->7M(1024M) 31.037ms
[2024-10-21T13:23:05.405-0500][gc,cpu       ] GC(0) User=0.30s Sys=0.14s Real=0.03s
[2024-10-21T13:23:05.405-0500][gc,heap,exit ] Heap
[2024-10-21T13:23:05.406-0500][gc,heap,exit ]  garbage-first heap   total 1048576K, used 7459K [0x00000000c0000000, 0x0000000100000000)
[2024-10-21T13:23:05.406-0500][gc,heap,exit ]   region size 1024K, 8 young (8192K), 7 survivors (7168K)
[2024-10-21T13:23:05.406-0500][gc,heap,exit ]  Metaspace       used 14010K, capacity 14471K, committed 14848K, reserved 1062912K
[2024-10-21T13:23:05.406-0500][gc,heap,exit ]   class space    used 1717K, capacity 1924K, committed 2048K, reserved 1048576K
