[2024-10-21T14:27:15.044-0500][gc,heap] Heap region size: 1M
[2024-10-21T14:27:15.052-0500][gc     ] Using G1
[2024-10-21T14:27:15.052-0500][gc,heap,coops] Heap address: 0x00000000c0000000, size: 1024 MB, Compressed Oops mode: 32-bit
[2024-10-21T14:27:15.052-0500][gc,cds       ] Mark closed archive regions in map: [0x00000000fff00000, 0x00000000fff6bff8]
[2024-10-21T14:27:15.052-0500][gc,cds       ] Mark open archive regions in map: [0x00000000ffe00000, 0x00000000ffe47ff8]
[2024-10-21T14:27:16.298-0500][gc,start     ] GC(0) Pause Young (Normal) (G1 Evacuation Pause)
[2024-10-21T14:27:16.299-0500][gc,task      ] GC(0) Using 18 workers of 18 for evacuation
[2024-10-21T14:27:16.332-0500][gc,mmu       ] GC(0) MMU target violated: 21.0ms (20.0ms/21.0ms)
[2024-10-21T14:27:16.333-0500][gc,phases    ] GC(0)   Pre Evacuate Collection Set: 0.0ms
[2024-10-21T14:27:16.333-0500][gc,phases    ] GC(0)   Evacuate Collection Set: 31.8ms
[2024-10-21T14:27:16.334-0500][gc,phases    ] GC(0)   Post Evacuate Collection Set: 0.8ms
[2024-10-21T14:27:16.335-0500][gc,phases    ] GC(0)   Other: 2.3ms
[2024-10-21T14:27:16.335-0500][gc,heap      ] GC(0) Eden regions: 51->0(44)
[2024-10-21T14:27:16.336-0500][gc,heap      ] GC(0) Survivor regions: 0->7(7)
[2024-10-21T14:27:16.336-0500][gc,heap      ] GC(0) Old regions: 2->2
[2024-10-21T14:27:16.337-0500][gc,heap      ] GC(0) Humongous regions: 0->0
[2024-10-21T14:27:16.337-0500][gc,metaspace ] GC(0) Metaspace: 14257K(14848K)->14257K(14848K) NonClass: 12495K(12800K)->12495K(12800K) Class: 1762K(2048K)->1762K(2048K)
[2024-10-21T14:27:16.338-0500][gc           ] GC(0) Pause Young (Normal) (G1 Evacuation Pause) 51M->7M(1024M) 39.880ms
[2024-10-21T14:27:16.338-0500][gc,cpu       ] GC(0) User=0.42s Sys=0.15s Real=0.04s
[2024-10-21T14:27:16.899-0500][gc,start     ] GC(1) Pause Young (Concurrent Start) (Metadata GC Threshold)
[2024-10-21T14:27:16.900-0500][gc,task      ] GC(1) Using 18 workers of 18 for evacuation
[2024-10-21T14:27:16.915-0500][gc,phases    ] GC(1)   Pre Evacuate Collection Set: 0.0ms
[2024-10-21T14:27:16.915-0500][gc,phases    ] GC(1)   Evacuate Collection Set: 13.7ms
[2024-10-21T14:27:16.916-0500][gc,phases    ] GC(1)   Post Evacuate Collection Set: 0.5ms
[2024-10-21T14:27:16.916-0500][gc,phases    ] GC(1)   Other: 1.6ms
[2024-10-21T14:27:16.917-0500][gc,heap      ] GC(1) Eden regions: 33->0(49)
[2024-10-21T14:27:16.918-0500][gc,heap      ] GC(1) Survivor regions: 7->2(7)
[2024-10-21T14:27:16.919-0500][gc,heap      ] GC(1) Old regions: 2->9
[2024-10-21T14:27:16.920-0500][gc,heap      ] GC(1) Humongous regions: 0->0
[2024-10-21T14:27:16.920-0500][gc,metaspace ] GC(1) Metaspace: 20520K(21248K)->20520K(21248K) NonClass: 18280K(18688K)->18280K(18688K) Class: 2240K(2560K)->2240K(2560K)
[2024-10-21T14:27:16.921-0500][gc           ] GC(1) Pause Young (Concurrent Start) (Metadata GC Threshold) 40M->8M(1024M) 22.467ms
[2024-10-21T14:27:16.922-0500][gc,cpu       ] GC(1) User=0.03s Sys=0.15s Real=0.02s
[2024-10-21T14:27:16.923-0500][gc           ] GC(2) Concurrent Cycle
[2024-10-21T14:27:16.924-0500][gc,marking   ] GC(2) Concurrent Clear Claimed Marks
[2024-10-21T14:27:16.924-0500][gc,marking   ] GC(2) Concurrent Clear Claimed Marks 0.475ms
[2024-10-21T14:27:16.925-0500][gc,marking   ] GC(2) Concurrent Scan Root Regions
[2024-10-21T14:27:16.926-0500][gc,marking   ] GC(2) Concurrent Scan Root Regions 1.274ms
[2024-10-21T14:27:16.927-0500][gc,marking   ] GC(2) Concurrent Mark (1.939s)
[2024-10-21T14:27:16.928-0500][gc,marking   ] GC(2) Concurrent Mark From Roots
[2024-10-21T14:27:16.929-0500][gc,task      ] GC(2) Using 5 workers of 5 for marking
[2024-10-21T14:27:16.931-0500][gc,marking   ] GC(2) Concurrent Mark From Roots 2.695ms
[2024-10-21T14:27:16.932-0500][gc,marking   ] GC(2) Concurrent Preclean
[2024-10-21T14:27:16.933-0500][gc,marking   ] GC(2) Concurrent Preclean 0.508ms
[2024-10-21T14:27:16.933-0500][gc,marking   ] GC(2) Concurrent Mark (1.939s, 1.945s) 5.948ms
[2024-10-21T14:27:16.934-0500][gc,start     ] GC(2) Pause Remark
[2024-10-21T14:27:16.938-0500][gc,stringtable] GC(2) Cleaned string and symbol table, strings: 6249 processed, 0 removed, symbols: 47258 processed, 38 removed
[2024-10-21T14:27:16.939-0500][gc            ] GC(2) Pause Remark 9M->9M(1024M) 4.659ms
[2024-10-21T14:27:16.939-0500][gc,cpu        ] GC(2) User=0.02s Sys=0.01s Real=0.01s
[2024-10-21T14:27:16.940-0500][gc,marking    ] GC(2) Concurrent Rebuild Remembered Sets
[2024-10-21T14:27:16.941-0500][gc,marking    ] GC(2) Concurrent Rebuild Remembered Sets 1.554ms
[2024-10-21T14:27:16.942-0500][gc,start      ] GC(2) Pause Cleanup
[2024-10-21T14:27:16.943-0500][gc            ] GC(2) Pause Cleanup 9M->9M(1024M) 0.787ms
[2024-10-21T14:27:16.943-0500][gc,cpu        ] GC(2) User=0.00s Sys=0.00s Real=0.00s
[2024-10-21T14:27:16.944-0500][gc,marking    ] GC(2) Concurrent Cleanup for Next Mark
[2024-10-21T14:27:16.945-0500][gc,marking    ] GC(2) Concurrent Cleanup for Next Mark 1.450ms
[2024-10-21T14:27:16.946-0500][gc            ] GC(2) Concurrent Cycle 22.846ms
[2024-10-21T14:27:18.057-0500][gc,start      ] GC(3) Pause Young (Normal) (G1 Evacuation Pause)
[2024-10-21T14:27:18.057-0500][gc,task       ] GC(3) Using 18 workers of 18 for evacuation
[2024-10-21T14:27:18.094-0500][gc,mmu        ] GC(3) MMU target violated: 21.0ms (20.0ms/21.0ms)
[2024-10-21T14:27:18.094-0500][gc,phases     ] GC(3)   Pre Evacuate Collection Set: 0.0ms
[2024-10-21T14:27:18.098-0500][gc,phases     ] GC(3)   Evacuate Collection Set: 35.5ms
[2024-10-21T14:27:18.100-0500][gc,phases     ] GC(3)   Post Evacuate Collection Set: 0.9ms
[2024-10-21T14:27:18.100-0500][gc,phases     ] GC(3)   Other: 1.1ms
[2024-10-21T14:27:18.100-0500][gc,heap       ] GC(3) Eden regions: 49->0(47)
[2024-10-21T14:27:18.100-0500][gc,heap       ] GC(3) Survivor regions: 2->4(7)
[2024-10-21T14:27:18.101-0500][gc,heap       ] GC(3) Old regions: 9->9
[2024-10-21T14:27:18.101-0500][gc,heap       ] GC(3) Humongous regions: 9->9
[2024-10-21T14:27:18.101-0500][gc,metaspace  ] GC(3) Metaspace: 29667K(31104K)->29667K(31104K) NonClass: 26262K(27136K)->26262K(27136K) Class: 3405K(3968K)->3405K(3968K)
[2024-10-21T14:27:18.101-0500][gc            ] GC(3) Pause Young (Normal) (G1 Evacuation Pause) 66M->19M(1024M) 44.713ms
[2024-10-21T14:27:18.102-0500][gc,cpu        ] GC(3) User=0.63s Sys=0.00s Real=0.05s
[2024-10-21T14:27:18.543-0500][gc,start      ] GC(4) Pause Young (Concurrent Start) (Metadata GC Threshold)
[2024-10-21T14:27:18.546-0500][gc,task       ] GC(4) Using 18 workers of 18 for evacuation
[2024-10-21T14:27:18.557-0500][gc,phases     ] GC(4)   Pre Evacuate Collection Set: 0.1ms
[2024-10-21T14:27:18.558-0500][gc,phases     ] GC(4)   Evacuate Collection Set: 9.8ms
[2024-10-21T14:27:18.558-0500][gc,phases     ] GC(4)   Post Evacuate Collection Set: 0.4ms
[2024-10-21T14:27:18.559-0500][gc,phases     ] GC(4)   Other: 3.8ms
[2024-10-21T14:27:18.560-0500][gc,heap       ] GC(4) Eden regions: 33->0(44)
[2024-10-21T14:27:18.560-0500][gc,heap       ] GC(4) Survivor regions: 4->7(7)
[2024-10-21T14:27:18.561-0500][gc,heap       ] GC(4) Old regions: 9->9
[2024-10-21T14:27:18.561-0500][gc,heap       ] GC(4) Humongous regions: 9->9
[2024-10-21T14:27:18.562-0500][gc,metaspace  ] GC(4) Metaspace: 34547K(35840K)->34547K(35840K) NonClass: 30681K(31360K)->30681K(31360K) Class: 3866K(4480K)->3866K(4480K)
[2024-10-21T14:27:18.563-0500][gc            ] GC(4) Pause Young (Concurrent Start) (Metadata GC Threshold) 52M->22M(1024M) 20.001ms
[2024-10-21T14:27:18.564-0500][gc,cpu        ] GC(4) User=0.10s Sys=0.01s Real=0.02s
[2024-10-21T14:27:18.564-0500][gc            ] GC(5) Concurrent Cycle
[2024-10-21T14:27:18.565-0500][gc,marking    ] GC(5) Concurrent Clear Claimed Marks
[2024-10-21T14:27:18.565-0500][gc,marking    ] GC(5) Concurrent Clear Claimed Marks 0.543ms
[2024-10-21T14:27:18.566-0500][gc,marking    ] GC(5) Concurrent Scan Root Regions
[2024-10-21T14:27:18.568-0500][gc,marking    ] GC(5) Concurrent Scan Root Regions 1.270ms
[2024-10-21T14:27:18.568-0500][gc,marking    ] GC(5) Concurrent Mark (3.580s)
[2024-10-21T14:27:18.569-0500][gc,marking    ] GC(5) Concurrent Mark From Roots
[2024-10-21T14:27:18.569-0500][gc,task       ] GC(5) Using 5 workers of 5 for marking
[2024-10-21T14:27:18.572-0500][gc,marking    ] GC(5) Concurrent Mark From Roots 2.955ms
[2024-10-21T14:27:18.572-0500][gc,marking    ] GC(5) Concurrent Preclean
[2024-10-21T14:27:18.573-0500][gc,marking    ] GC(5) Concurrent Preclean 0.761ms
[2024-10-21T14:27:18.574-0500][gc,marking    ] GC(5) Concurrent Mark (3.580s, 3.586s) 5.585ms
[2024-10-21T14:27:18.593-0500][gc,start      ] GC(5) Pause Remark
[2024-10-21T14:27:18.602-0500][gc,stringtable] GC(5) Cleaned string and symbol table, strings: 9560 processed, 13 removed, symbols: 86278 processed, 25 removed
[2024-10-21T14:27:18.603-0500][gc            ] GC(5) Pause Remark 152M->152M(1024M) 9.253ms
[2024-10-21T14:27:18.603-0500][gc,cpu        ] GC(5) User=0.12s Sys=0.00s Real=0.01s
[2024-10-21T14:27:18.604-0500][gc,marking    ] GC(5) Concurrent Rebuild Remembered Sets
[2024-10-21T14:27:18.605-0500][gc,marking    ] GC(5) Concurrent Rebuild Remembered Sets 1.492ms
[2024-10-21T14:27:18.606-0500][gc,start      ] GC(5) Pause Cleanup
[2024-10-21T14:27:18.606-0500][gc            ] GC(5) Pause Cleanup 152M->152M(1024M) 0.549ms
[2024-10-21T14:27:18.607-0500][gc,cpu        ] GC(5) User=0.00s Sys=0.00s Real=0.00s
[2024-10-21T14:27:18.607-0500][gc,marking    ] GC(5) Concurrent Cleanup for Next Mark
[2024-10-21T14:27:18.610-0500][gc,marking    ] GC(5) Concurrent Cleanup for Next Mark 3.234ms
[2024-10-21T14:27:18.611-0500][gc            ] GC(5) Concurrent Cycle 46.699ms
[2024-10-21T14:31:49.557-0500][gc,start      ] GC(6) Pause Young (Normal) (G1 Evacuation Pause)
[2024-10-21T14:31:49.557-0500][gc,task       ] GC(6) Using 18 workers of 18 for evacuation
[2024-10-21T14:31:49.578-0500][gc,mmu        ] GC(6) MMU target violated: 20.5ms (20.0ms/21.0ms)
[2024-10-21T14:31:49.578-0500][gc,phases     ] GC(6)   Pre Evacuate Collection Set: 0.6ms
[2024-10-21T14:31:49.579-0500][gc,phases     ] GC(6)   Evacuate Collection Set: 18.8ms
[2024-10-21T14:31:49.579-0500][gc,phases     ] GC(6)   Post Evacuate Collection Set: 1.1ms
[2024-10-21T14:31:49.580-0500][gc,phases     ] GC(6)   Other: 1.2ms
[2024-10-21T14:31:49.580-0500][gc,heap       ] GC(6) Eden regions: 44->0(45)
[2024-10-21T14:31:49.580-0500][gc,heap       ] GC(6) Survivor regions: 7->6(7)
[2024-10-21T14:31:49.580-0500][gc,heap       ] GC(6) Old regions: 9->12
[2024-10-21T14:31:49.581-0500][gc,heap       ] GC(6) Humongous regions: 138->138
[2024-10-21T14:31:49.581-0500][gc,metaspace  ] GC(6) Metaspace: 39900K(41856K)->39900K(41856K) NonClass: 35288K(36352K)->35288K(36352K) Class: 4612K(5504K)->4612K(5504K)
[2024-10-21T14:31:49.581-0500][gc            ] GC(6) Pause Young (Normal) (G1 Evacuation Pause) 195M->154M(1024M) 24.549ms
[2024-10-21T14:31:49.582-0500][gc,cpu        ] GC(6) User=0.29s Sys=0.04s Real=0.03s
[2024-10-21T14:31:51.874-0500][gc,start      ] GC(7) Pause Young (Normal) (G1 Evacuation Pause)
[2024-10-21T14:31:51.874-0500][gc,task       ] GC(7) Using 18 workers of 18 for evacuation
[2024-10-21T14:31:51.887-0500][gc,phases     ] GC(7)   Pre Evacuate Collection Set: 0.0ms
[2024-10-21T14:31:51.888-0500][gc,phases     ] GC(7)   Evacuate Collection Set: 12.4ms
[2024-10-21T14:31:51.888-0500][gc,phases     ] GC(7)   Post Evacuate Collection Set: 0.5ms
[2024-10-21T14:31:51.889-0500][gc,phases     ] GC(7)   Other: 0.5ms
[2024-10-21T14:31:51.889-0500][gc,heap       ] GC(7) Eden regions: 45->0(47)
[2024-10-21T14:31:51.890-0500][gc,heap       ] GC(7) Survivor regions: 6->4(7)
[2024-10-21T14:31:51.892-0500][gc,heap       ] GC(7) Old regions: 12->15
[2024-10-21T14:31:51.892-0500][gc,heap       ] GC(7) Humongous regions: 138->138
[2024-10-21T14:31:51.892-0500][gc,metaspace  ] GC(7) Metaspace: 39978K(42112K)->39978K(42112K) NonClass: 35364K(36608K)->35364K(36608K) Class: 4613K(5504K)->4613K(5504K)
[2024-10-21T14:31:51.893-0500][gc            ] GC(7) Pause Young (Normal) (G1 Evacuation Pause) 199M->154M(1024M) 18.926ms
[2024-10-21T14:31:51.893-0500][gc,cpu        ] GC(7) User=0.12s Sys=0.10s Real=0.02s
[2024-10-21T14:31:54.423-0500][gc,start      ] GC(8) Pause Young (Normal) (G1 Evacuation Pause)
[2024-10-21T14:31:54.423-0500][gc,task       ] GC(8) Using 18 workers of 18 for evacuation
[2024-10-21T14:31:54.429-0500][gc,phases     ] GC(8)   Pre Evacuate Collection Set: 0.1ms
[2024-10-21T14:31:54.429-0500][gc,phases     ] GC(8)   Evacuate Collection Set: 4.6ms
[2024-10-21T14:31:54.430-0500][gc,phases     ] GC(8)   Post Evacuate Collection Set: 0.5ms
[2024-10-21T14:31:54.430-0500][gc,phases     ] GC(8)   Other: 0.7ms
[2024-10-21T14:31:54.430-0500][gc,heap       ] GC(8) Eden regions: 47->0(48)
[2024-10-21T14:31:54.430-0500][gc,heap       ] GC(8) Survivor regions: 4->3(7)
[2024-10-21T14:31:54.430-0500][gc,heap       ] GC(8) Old regions: 15->15
[2024-10-21T14:31:54.431-0500][gc,heap       ] GC(8) Humongous regions: 138->138
[2024-10-21T14:31:54.431-0500][gc,metaspace  ] GC(8) Metaspace: 39978K(42112K)->39978K(42112K) NonClass: 35364K(36608K)->35364K(36608K) Class: 4613K(5504K)->4613K(5504K)
[2024-10-21T14:31:54.431-0500][gc            ] GC(8) Pause Young (Normal) (G1 Evacuation Pause) 201M->154M(1024M) 7.880ms
[2024-10-21T14:31:54.431-0500][gc,cpu        ] GC(8) User=0.08s Sys=0.00s Real=0.01s
[2024-10-21T14:31:57.284-0500][gc,start      ] GC(9) Pause Young (Normal) (G1 Evacuation Pause)
[2024-10-21T14:31:57.284-0500][gc,task       ] GC(9) Using 18 workers of 18 for evacuation
[2024-10-21T14:31:57.308-0500][gc,mmu        ] GC(9) MMU target violated: 21.0ms (20.0ms/21.0ms)
[2024-10-21T14:31:57.311-0500][gc,phases     ] GC(9)   Pre Evacuate Collection Set: 0.2ms
[2024-10-21T14:31:57.311-0500][gc,phases     ] GC(9)   Evacuate Collection Set: 22.5ms
[2024-10-21T14:31:57.311-0500][gc,phases     ] GC(9)   Post Evacuate Collection Set: 0.6ms
[2024-10-21T14:31:57.311-0500][gc,phases     ] GC(9)   Other: 3.3ms
[2024-10-21T14:31:57.311-0500][gc,heap       ] GC(9) Eden regions: 48->0(49)
[2024-10-21T14:31:57.311-0500][gc,heap       ] GC(9) Survivor regions: 3->3(7)
[2024-10-21T14:31:57.311-0500][gc,heap       ] GC(9) Old regions: 15->15
[2024-10-21T14:31:57.311-0500][gc,heap       ] GC(9) Humongous regions: 138->138
[2024-10-21T14:31:57.311-0500][gc,metaspace  ] GC(9) Metaspace: 39987K(42112K)->39987K(42112K) NonClass: 35371K(36608K)->35371K(36608K) Class: 4616K(5504K)->4616K(5504K)
[2024-10-21T14:31:57.312-0500][gc            ] GC(9) Pause Young (Normal) (G1 Evacuation Pause) 202M->154M(1024M) 27.572ms
[2024-10-21T14:31:57.312-0500][gc,cpu        ] GC(9) User=0.36s Sys=0.01s Real=0.03s
[2024-10-21T14:32:00.301-0500][gc,start      ] GC(10) Pause Young (Normal) (G1 Evacuation Pause)
[2024-10-21T14:32:00.301-0500][gc,task       ] GC(10) Using 18 workers of 18 for evacuation
[2024-10-21T14:32:00.324-0500][gc,mmu        ] GC(10) MMU target violated: 21.0ms (20.0ms/21.0ms)
[2024-10-21T14:32:00.327-0500][gc,phases     ] GC(10)   Pre Evacuate Collection Set: 0.0ms
[2024-10-21T14:32:00.328-0500][gc,phases     ] GC(10)   Evacuate Collection Set: 22.7ms
[2024-10-21T14:32:00.328-0500][gc,phases     ] GC(10)   Post Evacuate Collection Set: 0.6ms
[2024-10-21T14:32:00.329-0500][gc,phases     ] GC(10)   Other: 3.0ms
[2024-10-21T14:32:00.329-0500][gc,heap       ] GC(10) Eden regions: 49->0(55)
[2024-10-21T14:32:00.329-0500][gc,heap       ] GC(10) Survivor regions: 3->3(7)
[2024-10-21T14:32:00.329-0500][gc,heap       ] GC(10) Old regions: 15->15
[2024-10-21T14:32:00.329-0500][gc,heap       ] GC(10) Humongous regions: 138->138
[2024-10-21T14:32:00.330-0500][gc,metaspace  ] GC(10) Metaspace: 39987K(42112K)->39987K(42112K) NonClass: 35371K(36608K)->35371K(36608K) Class: 4616K(5504K)->4616K(5504K)
[2024-10-21T14:32:00.330-0500][gc            ] GC(10) Pause Young (Normal) (G1 Evacuation Pause) 203M->154M(1024M) 29.093ms
[2024-10-21T14:32:00.330-0500][gc,cpu        ] GC(10) User=0.27s Sys=0.00s Real=0.03s
[2024-10-21T14:32:03.621-0500][gc,start      ] GC(11) Pause Young (Normal) (G1 Evacuation Pause)
[2024-10-21T14:32:03.621-0500][gc,task       ] GC(11) Using 18 workers of 18 for evacuation
[2024-10-21T14:32:03.636-0500][gc,phases     ] GC(11)   Pre Evacuate Collection Set: 0.0ms
[2024-10-21T14:32:03.636-0500][gc,phases     ] GC(11)   Evacuate Collection Set: 13.8ms
[2024-10-21T14:32:03.636-0500][gc,phases     ] GC(11)   Post Evacuate Collection Set: 0.5ms
[2024-10-21T14:32:03.637-0500][gc,phases     ] GC(11)   Other: 0.5ms
[2024-10-21T14:32:03.637-0500][gc,heap       ] GC(11) Eden regions: 55->0(61)
[2024-10-21T14:32:03.637-0500][gc,heap       ] GC(11) Survivor regions: 3->4(8)
[2024-10-21T14:32:03.637-0500][gc,heap       ] GC(11) Old regions: 15->15
[2024-10-21T14:32:03.637-0500][gc,heap       ] GC(11) Humongous regions: 138->138
[2024-10-21T14:32:03.637-0500][gc,metaspace  ] GC(11) Metaspace: 39989K(42112K)->39989K(42112K) NonClass: 35373K(36608K)->35373K(36608K) Class: 4616K(5504K)->4616K(5504K)
[2024-10-21T14:32:03.637-0500][gc            ] GC(11) Pause Young (Normal) (G1 Evacuation Pause) 209M->154M(1024M) 16.252ms
[2024-10-21T14:32:03.637-0500][gc,cpu        ] GC(11) User=0.12s Sys=0.12s Real=0.01s
[2024-10-21T14:32:07.174-0500][gc,start      ] GC(12) Pause Young (Normal) (G1 Evacuation Pause)
[2024-10-21T14:32:07.175-0500][gc,task       ] GC(12) Using 18 workers of 18 for evacuation
[2024-10-21T14:32:07.193-0500][gc,phases     ] GC(12)   Pre Evacuate Collection Set: 0.0ms
[2024-10-21T14:32:07.194-0500][gc,phases     ] GC(12)   Evacuate Collection Set: 17.6ms
[2024-10-21T14:32:07.195-0500][gc,phases     ] GC(12)   Post Evacuate Collection Set: 0.5ms
[2024-10-21T14:32:07.196-0500][gc,phases     ] GC(12)   Other: 0.8ms
[2024-10-21T14:32:07.196-0500][gc,heap       ] GC(12) Eden regions: 61->0(278)
[2024-10-21T14:32:07.196-0500][gc,heap       ] GC(12) Survivor regions: 4->3(9)
[2024-10-21T14:32:07.197-0500][gc,heap       ] GC(12) Old regions: 15->15
[2024-10-21T14:32:07.197-0500][gc,heap       ] GC(12) Humongous regions: 138->138
[2024-10-21T14:32:07.198-0500][gc,metaspace  ] GC(12) Metaspace: 39989K(42112K)->39989K(42112K) NonClass: 35373K(36608K)->35373K(36608K) Class: 4616K(5504K)->4616K(5504K)
[2024-10-21T14:32:07.198-0500][gc            ] GC(12) Pause Young (Normal) (G1 Evacuation Pause) 215M->154M(1024M) 23.610ms
[2024-10-21T14:32:07.199-0500][gc,cpu        ] GC(12) User=0.23s Sys=0.08s Real=0.03s
[2024-10-21T14:32:24.066-0500][gc,start      ] GC(13) Pause Young (Normal) (G1 Evacuation Pause)
[2024-10-21T14:32:24.066-0500][gc,task       ] GC(13) Using 18 workers of 18 for evacuation
[2024-10-21T14:32:24.080-0500][gc,phases     ] GC(13)   Pre Evacuate Collection Set: 0.0ms
[2024-10-21T14:32:24.081-0500][gc,phases     ] GC(13)   Evacuate Collection Set: 12.6ms
[2024-10-21T14:32:24.081-0500][gc,phases     ] GC(13)   Post Evacuate Collection Set: 0.9ms
[2024-10-21T14:32:24.081-0500][gc,phases     ] GC(13)   Other: 0.5ms
[2024-10-21T14:32:24.082-0500][gc,heap       ] GC(13) Eden regions: 278->0(280)
[2024-10-21T14:32:24.082-0500][gc,heap       ] GC(13) Survivor regions: 3->3(36)
[2024-10-21T14:32:24.082-0500][gc,heap       ] GC(13) Old regions: 15->15
[2024-10-21T14:32:24.083-0500][gc,heap       ] GC(13) Humongous regions: 138->138
[2024-10-21T14:32:24.084-0500][gc,metaspace  ] GC(13) Metaspace: 39996K(42112K)->39996K(42112K) NonClass: 35379K(36608K)->35379K(36608K) Class: 4616K(5504K)->4616K(5504K)
[2024-10-21T14:32:24.084-0500][gc            ] GC(13) Pause Young (Normal) (G1 Evacuation Pause) 432M->154M(1024M) 17.697ms
[2024-10-21T14:32:24.084-0500][gc,cpu        ] GC(13) User=0.07s Sys=0.15s Real=0.02s
[2024-10-21T14:32:42.549-0500][gc,start      ] GC(14) Pause Young (Normal) (G1 Evacuation Pause)
[2024-10-21T14:32:42.551-0500][gc,task       ] GC(14) Using 18 workers of 18 for evacuation
[2024-10-21T14:32:42.562-0500][gc,phases     ] GC(14)   Pre Evacuate Collection Set: 0.0ms
[2024-10-21T14:32:42.562-0500][gc,phases     ] GC(14)   Evacuate Collection Set: 9.3ms
[2024-10-21T14:32:42.562-0500][gc,phases     ] GC(14)   Post Evacuate Collection Set: 0.7ms
[2024-10-21T14:32:42.563-0500][gc,phases     ] GC(14)   Other: 2.6ms
[2024-10-21T14:32:42.563-0500][gc,heap       ] GC(14) Eden regions: 280->0(283)
[2024-10-21T14:32:42.564-0500][gc,heap       ] GC(14) Survivor regions: 3->3(36)
[2024-10-21T14:32:42.564-0500][gc,heap       ] GC(14) Old regions: 15->15
[2024-10-21T14:32:42.564-0500][gc,heap       ] GC(14) Humongous regions: 138->138
[2024-10-21T14:32:42.564-0500][gc,metaspace  ] GC(14) Metaspace: 39999K(42112K)->39999K(42112K) NonClass: 35382K(36608K)->35382K(36608K) Class: 4616K(5504K)->4616K(5504K)
[2024-10-21T14:32:42.565-0500][gc            ] GC(14) Pause Young (Normal) (G1 Evacuation Pause) 434M->154M(1024M) 15.301ms
[2024-10-21T14:32:42.565-0500][gc,cpu        ] GC(14) User=0.12s Sys=0.05s Real=0.01s
[2024-10-21T14:32:59.521-0500][gc,start      ] GC(15) Pause Young (Normal) (G1 Evacuation Pause)
[2024-10-21T14:32:59.521-0500][gc,task       ] GC(15) Using 18 workers of 18 for evacuation
[2024-10-21T14:32:59.536-0500][gc,phases     ] GC(15)   Pre Evacuate Collection Set: 0.0ms
[2024-10-21T14:32:59.537-0500][gc,phases     ] GC(15)   Evacuate Collection Set: 13.8ms
[2024-10-21T14:32:59.538-0500][gc,phases     ] GC(15)   Post Evacuate Collection Set: 0.7ms
[2024-10-21T14:32:59.538-0500][gc,phases     ] GC(15)   Other: 0.9ms
[2024-10-21T14:32:59.538-0500][gc,heap       ] GC(15) Eden regions: 283->0(289)
[2024-10-21T14:32:59.539-0500][gc,heap       ] GC(15) Survivor regions: 3->3(36)
[2024-10-21T14:32:59.539-0500][gc,heap       ] GC(15) Old regions: 15->15
[2024-10-21T14:32:59.539-0500][gc,heap       ] GC(15) Humongous regions: 138->138
[2024-10-21T14:32:59.540-0500][gc,metaspace  ] GC(15) Metaspace: 40063K(42240K)->40063K(42240K) NonClass: 35429K(36608K)->35429K(36608K) Class: 4633K(5632K)->4633K(5632K)
[2024-10-21T14:32:59.540-0500][gc            ] GC(15) Pause Young (Normal) (G1 Evacuation Pause) 437M->154M(1024M) 18.889ms
[2024-10-21T14:32:59.540-0500][gc,cpu        ] GC(15) User=0.19s Sys=0.06s Real=0.02s
[2024-10-21T14:33:16.795-0500][gc,start      ] GC(16) Pause Young (Normal) (G1 Evacuation Pause)
[2024-10-21T14:33:16.795-0500][gc,task       ] GC(16) Using 18 workers of 18 for evacuation
[2024-10-21T14:33:16.836-0500][gc,mmu        ] GC(16) MMU target violated: 21.0ms (20.0ms/21.0ms)
[2024-10-21T14:33:16.840-0500][gc,phases     ] GC(16)   Pre Evacuate Collection Set: 0.0ms
[2024-10-21T14:33:16.841-0500][gc,phases     ] GC(16)   Evacuate Collection Set: 40.0ms
[2024-10-21T14:33:16.841-0500][gc,phases     ] GC(16)   Post Evacuate Collection Set: 0.7ms
[2024-10-21T14:33:16.842-0500][gc,phases     ] GC(16)   Other: 5.0ms
[2024-10-21T14:33:16.842-0500][gc,heap       ] GC(16) Eden regions: 289->0(299)
[2024-10-21T14:33:16.842-0500][gc,heap       ] GC(16) Survivor regions: 3->4(37)
[2024-10-21T14:33:16.843-0500][gc,heap       ] GC(16) Old regions: 15->15
[2024-10-21T14:33:16.843-0500][gc,heap       ] GC(16) Humongous regions: 138->138
[2024-10-21T14:33:16.843-0500][gc,metaspace  ] GC(16) Metaspace: 40064K(42240K)->40064K(42240K) NonClass: 35430K(36608K)->35430K(36608K) Class: 4633K(5632K)->4633K(5632K)
[2024-10-21T14:33:16.843-0500][gc            ] GC(16) Pause Young (Normal) (G1 Evacuation Pause) 443M->154M(1024M) 48.826ms
[2024-10-21T14:33:16.844-0500][gc,cpu        ] GC(16) User=0.54s Sys=0.18s Real=0.05s
[2024-10-21T14:33:34.602-0500][gc,start      ] GC(17) Pause Young (Normal) (G1 Evacuation Pause)
[2024-10-21T14:33:34.603-0500][gc,task       ] GC(17) Using 18 workers of 18 for evacuation
[2024-10-21T14:33:34.617-0500][gc,phases     ] GC(17)   Pre Evacuate Collection Set: 0.0ms
[2024-10-21T14:33:34.617-0500][gc,phases     ] GC(17)   Evacuate Collection Set: 13.0ms
[2024-10-21T14:33:34.618-0500][gc,phases     ] GC(17)   Post Evacuate Collection Set: 0.6ms
[2024-10-21T14:33:34.618-0500][gc,phases     ] GC(17)   Other: 1.0ms
[2024-10-21T14:33:34.618-0500][gc,heap       ] GC(17) Eden regions: 299->0(400)
[2024-10-21T14:33:34.618-0500][gc,heap       ] GC(17) Survivor regions: 4->4(38)
[2024-10-21T14:33:34.619-0500][gc,heap       ] GC(17) Old regions: 15->15
[2024-10-21T14:33:34.619-0500][gc,heap       ] GC(17) Humongous regions: 138->138
[2024-10-21T14:33:34.619-0500][gc,metaspace  ] GC(17) Metaspace: 40066K(42240K)->40066K(42240K) NonClass: 35432K(36608K)->35432K(36608K) Class: 4633K(5632K)->4633K(5632K)
[2024-10-21T14:33:34.619-0500][gc            ] GC(17) Pause Young (Normal) (G1 Evacuation Pause) 453M->154M(1024M) 17.098ms
[2024-10-21T14:33:34.619-0500][gc,cpu        ] GC(17) User=0.16s Sys=0.07s Real=0.02s
[2024-10-21T14:33:58.626-0500][gc,start      ] GC(18) Pause Young (Normal) (G1 Evacuation Pause)
[2024-10-21T14:33:58.626-0500][gc,task       ] GC(18) Using 18 workers of 18 for evacuation
[2024-10-21T14:33:58.674-0500][gc,mmu        ] GC(18) MMU target violated: 21.0ms (20.0ms/21.0ms)
[2024-10-21T14:33:58.675-0500][gc,phases     ] GC(18)   Pre Evacuate Collection Set: 0.0ms
[2024-10-21T14:33:58.676-0500][gc,phases     ] GC(18)   Evacuate Collection Set: 46.6ms
[2024-10-21T14:33:58.676-0500][gc,phases     ] GC(18)   Post Evacuate Collection Set: 0.7ms
[2024-10-21T14:33:58.676-0500][gc,phases     ] GC(18)   Other: 2.0ms
[2024-10-21T14:33:58.677-0500][gc,heap       ] GC(18) Eden regions: 400->0(603)
[2024-10-21T14:33:58.677-0500][gc,heap       ] GC(18) Survivor regions: 4->4(51)
[2024-10-21T14:33:58.677-0500][gc,heap       ] GC(18) Old regions: 15->15
[2024-10-21T14:33:58.678-0500][gc,heap       ] GC(18) Humongous regions: 138->138
[2024-10-21T14:33:58.679-0500][gc,metaspace  ] GC(18) Metaspace: 40069K(42240K)->40069K(42240K) NonClass: 35436K(36608K)->35436K(36608K) Class: 4633K(5632K)->4633K(5632K)
[2024-10-21T14:33:58.679-0500][gc            ] GC(18) Pause Young (Normal) (G1 Evacuation Pause) 554M->154M(1024M) 52.595ms
[2024-10-21T14:33:58.679-0500][gc,cpu        ] GC(18) User=0.58s Sys=0.26s Real=0.06s
[2024-10-21T14:34:34.284-0500][gc,start      ] GC(19) Pause Young (Normal) (G1 Evacuation Pause)
[2024-10-21T14:34:34.284-0500][gc,task       ] GC(19) Using 18 workers of 18 for evacuation
[2024-10-21T14:34:34.335-0500][gc,mmu        ] GC(19) MMU target violated: 21.0ms (20.0ms/21.0ms)
[2024-10-21T14:34:34.335-0500][gc,phases     ] GC(19)   Pre Evacuate Collection Set: 0.0ms
[2024-10-21T14:34:34.335-0500][gc,phases     ] GC(19)   Evacuate Collection Set: 49.5ms
[2024-10-21T14:34:34.336-0500][gc,phases     ] GC(19)   Post Evacuate Collection Set: 0.7ms
[2024-10-21T14:34:34.336-0500][gc,phases     ] GC(19)   Other: 0.9ms
[2024-10-21T14:34:34.337-0500][gc,heap       ] GC(19) Eden regions: 603->0(610)
[2024-10-21T14:34:34.337-0500][gc,heap       ] GC(19) Survivor regions: 4->4(76)
[2024-10-21T14:34:34.337-0500][gc,heap       ] GC(19) Old regions: 15->15
[2024-10-21T14:34:34.337-0500][gc,heap       ] GC(19) Humongous regions: 138->138
[2024-10-21T14:34:34.337-0500][gc,metaspace  ] GC(19) Metaspace: 40082K(42240K)->40082K(42240K) NonClass: 35448K(36608K)->35448K(36608K) Class: 4633K(5632K)->4633K(5632K)
[2024-10-21T14:34:34.338-0500][gc            ] GC(19) Pause Young (Normal) (G1 Evacuation Pause) 757M->154M(1024M) 53.586ms
[2024-10-21T14:34:34.338-0500][gc,cpu        ] GC(19) User=0.69s Sys=0.19s Real=0.06s
[2024-10-21T14:35:10.765-0500][gc,start      ] GC(20) Pause Young (Normal) (G1 Evacuation Pause)
[2024-10-21T14:35:10.765-0500][gc,task       ] GC(20) Using 18 workers of 18 for evacuation
[2024-10-21T14:35:10.803-0500][gc,mmu        ] GC(20) MMU target violated: 21.0ms (20.0ms/21.0ms)
[2024-10-21T14:35:10.803-0500][gc,phases     ] GC(20)   Pre Evacuate Collection Set: 0.0ms
[2024-10-21T14:35:10.804-0500][gc,phases     ] GC(20)   Evacuate Collection Set: 36.6ms
[2024-10-21T14:35:10.804-0500][gc,phases     ] GC(20)   Post Evacuate Collection Set: 0.7ms
[2024-10-21T14:35:10.804-0500][gc,phases     ] GC(20)   Other: 1.0ms
[2024-10-21T14:35:10.804-0500][gc,heap       ] GC(20) Eden regions: 610->0(610)
[2024-10-21T14:35:10.805-0500][gc,heap       ] GC(20) Survivor regions: 4->4(77)
[2024-10-21T14:35:10.805-0500][gc,heap       ] GC(20) Old regions: 15->15
[2024-10-21T14:35:10.805-0500][gc,heap       ] GC(20) Humongous regions: 138->138
[2024-10-21T14:35:10.805-0500][gc,metaspace  ] GC(20) Metaspace: 40084K(42240K)->40084K(42240K) NonClass: 35451K(36608K)->35451K(36608K) Class: 4633K(5632K)->4633K(5632K)
[2024-10-21T14:35:10.805-0500][gc            ] GC(20) Pause Young (Normal) (G1 Evacuation Pause) 764M->154M(1024M) 40.399ms
[2024-10-21T14:35:10.806-0500][gc,cpu        ] GC(20) User=0.52s Sys=0.14s Real=0.04s
[2024-10-21T14:35:47.112-0500][gc,start      ] GC(21) Pause Young (Normal) (G1 Evacuation Pause)
[2024-10-21T14:35:47.112-0500][gc,task       ] GC(21) Using 18 workers of 18 for evacuation
[2024-10-21T14:35:47.150-0500][gc,mmu        ] GC(21) MMU target violated: 21.0ms (20.0ms/21.0ms)
[2024-10-21T14:35:47.150-0500][gc,phases     ] GC(21)   Pre Evacuate Collection Set: 0.0ms
[2024-10-21T14:35:47.150-0500][gc,phases     ] GC(21)   Evacuate Collection Set: 36.6ms
[2024-10-21T14:35:47.151-0500][gc,phases     ] GC(21)   Post Evacuate Collection Set: 0.8ms
[2024-10-21T14:35:47.151-0500][gc,phases     ] GC(21)   Other: 0.8ms
[2024-10-21T14:35:47.151-0500][gc,heap       ] GC(21) Eden regions: 610->0(612)
[2024-10-21T14:35:47.151-0500][gc,heap       ] GC(21) Survivor regions: 4->2(77)
[2024-10-21T14:35:47.151-0500][gc,heap       ] GC(21) Old regions: 15->17
[2024-10-21T14:35:47.152-0500][gc,heap       ] GC(21) Humongous regions: 138->138
[2024-10-21T14:35:47.152-0500][gc,metaspace  ] GC(21) Metaspace: 40179K(42496K)->40179K(42496K) NonClass: 35545K(36864K)->35545K(36864K) Class: 4633K(5632K)->4633K(5632K)
[2024-10-21T14:35:47.152-0500][gc            ] GC(21) Pause Young (Normal) (G1 Evacuation Pause) 764M->154M(1024M) 40.372ms
[2024-10-21T14:35:47.152-0500][gc,cpu        ] GC(21) User=0.56s Sys=0.03s Real=0.04s
[2024-10-21T14:36:23.569-0500][gc,start      ] GC(22) Pause Young (Normal) (G1 Evacuation Pause)
[2024-10-21T14:36:23.570-0500][gc,task       ] GC(22) Using 18 workers of 18 for evacuation
[2024-10-21T14:36:23.601-0500][gc,mmu        ] GC(22) MMU target violated: 21.0ms (20.0ms/21.0ms)
[2024-10-21T14:36:23.603-0500][gc,phases     ] GC(22)   Pre Evacuate Collection Set: 0.0ms
[2024-10-21T14:36:23.603-0500][gc,phases     ] GC(22)   Evacuate Collection Set: 30.5ms
[2024-10-21T14:36:23.604-0500][gc,phases     ] GC(22)   Post Evacuate Collection Set: 0.6ms
[2024-10-21T14:36:23.605-0500][gc,phases     ] GC(22)   Other: 2.3ms
[2024-10-21T14:36:23.605-0500][gc,heap       ] GC(22) Eden regions: 612->0(613)
[2024-10-21T14:36:23.605-0500][gc,heap       ] GC(22) Survivor regions: 2->1(77)
[2024-10-21T14:36:23.605-0500][gc,heap       ] GC(22) Old regions: 17->17
[2024-10-21T14:36:23.605-0500][gc,heap       ] GC(22) Humongous regions: 138->138
[2024-10-21T14:36:23.606-0500][gc,metaspace  ] GC(22) Metaspace: 40199K(42496K)->40199K(42496K) NonClass: 35566K(36864K)->35566K(36864K) Class: 4633K(5632K)->4633K(5632K)
[2024-10-21T14:36:23.606-0500][gc            ] GC(22) Pause Young (Normal) (G1 Evacuation Pause) 766M->154M(1024M) 36.369ms
[2024-10-21T14:36:23.606-0500][gc,cpu        ] GC(22) User=0.37s Sys=0.00s Real=0.03s
[2024-10-21T14:37:00.168-0500][gc,start      ] GC(23) Pause Young (Normal) (G1 Evacuation Pause)
[2024-10-21T14:37:00.168-0500][gc,task       ] GC(23) Using 18 workers of 18 for evacuation
[2024-10-21T14:37:00.179-0500][gc,phases     ] GC(23)   Pre Evacuate Collection Set: 0.0ms
[2024-10-21T14:37:00.180-0500][gc,phases     ] GC(23)   Evacuate Collection Set: 10.2ms
[2024-10-21T14:37:00.180-0500][gc,phases     ] GC(23)   Post Evacuate Collection Set: 0.6ms
[2024-10-21T14:37:00.180-0500][gc,phases     ] GC(23)   Other: 0.7ms
[2024-10-21T14:37:00.181-0500][gc,heap       ] GC(23) Eden regions: 613->0(612)
[2024-10-21T14:37:00.181-0500][gc,heap       ] GC(23) Survivor regions: 1->2(77)
[2024-10-21T14:37:00.181-0500][gc,heap       ] GC(23) Old regions: 17->17
[2024-10-21T14:37:00.182-0500][gc,heap       ] GC(23) Humongous regions: 138->138
[2024-10-21T14:37:00.182-0500][gc,metaspace  ] GC(23) Metaspace: 40201K(42496K)->40201K(42496K) NonClass: 35567K(36864K)->35567K(36864K) Class: 4633K(5632K)->4633K(5632K)
[2024-10-21T14:37:00.182-0500][gc            ] GC(23) Pause Young (Normal) (G1 Evacuation Pause) 767M->154M(1024M) 14.564ms
[2024-10-21T14:37:00.183-0500][gc,cpu        ] GC(23) User=0.14s Sys=0.00s Real=0.01s
[2024-10-21T14:37:36.654-0500][gc,start      ] GC(24) Pause Young (Normal) (G1 Evacuation Pause)
[2024-10-21T14:37:36.655-0500][gc,task       ] GC(24) Using 18 workers of 18 for evacuation
[2024-10-21T14:37:36.689-0500][gc,mmu        ] GC(24) MMU target violated: 21.0ms (20.0ms/21.0ms)
[2024-10-21T14:37:36.689-0500][gc,phases     ] GC(24)   Pre Evacuate Collection Set: 0.0ms
[2024-10-21T14:37:36.690-0500][gc,phases     ] GC(24)   Evacuate Collection Set: 33.5ms
[2024-10-21T14:37:36.690-0500][gc,phases     ] GC(24)   Post Evacuate Collection Set: 0.6ms
[2024-10-21T14:37:36.690-0500][gc,phases     ] GC(24)   Other: 0.8ms
[2024-10-21T14:37:36.690-0500][gc,heap       ] GC(24) Eden regions: 612->0(612)
[2024-10-21T14:37:36.691-0500][gc,heap       ] GC(24) Survivor regions: 2->2(77)
[2024-10-21T14:37:36.691-0500][gc,heap       ] GC(24) Old regions: 17->17
[2024-10-21T14:37:36.691-0500][gc,heap       ] GC(24) Humongous regions: 138->138
[2024-10-21T14:37:36.691-0500][gc,metaspace  ] GC(24) Metaspace: 40201K(42496K)->40201K(42496K) NonClass: 35567K(36864K)->35567K(36864K) Class: 4633K(5632K)->4633K(5632K)
[2024-10-21T14:37:36.691-0500][gc            ] GC(24) Pause Young (Normal) (G1 Evacuation Pause) 766M->154M(1024M) 36.910ms
[2024-10-21T14:37:36.692-0500][gc,cpu        ] GC(24) User=0.59s Sys=0.00s Real=0.04s
[2024-10-21T14:38:12.845-0500][gc,start      ] GC(25) Pause Young (Normal) (G1 Evacuation Pause)
[2024-10-21T14:38:12.845-0500][gc,task       ] GC(25) Using 18 workers of 18 for evacuation
[2024-10-21T14:38:12.883-0500][gc,mmu        ] GC(25) MMU target violated: 21.0ms (20.0ms/21.0ms)
[2024-10-21T14:38:12.884-0500][gc,phases     ] GC(25)   Pre Evacuate Collection Set: 0.0ms
[2024-10-21T14:38:12.884-0500][gc,phases     ] GC(25)   Evacuate Collection Set: 37.2ms
[2024-10-21T14:38:12.884-0500][gc,phases     ] GC(25)   Post Evacuate Collection Set: 0.8ms
[2024-10-21T14:38:12.885-0500][gc,phases     ] GC(25)   Other: 0.8ms
[2024-10-21T14:38:12.885-0500][gc,heap       ] GC(25) Eden regions: 612->0(612)
[2024-10-21T14:38:12.885-0500][gc,heap       ] GC(25) Survivor regions: 2->2(77)
[2024-10-21T14:38:12.885-0500][gc,heap       ] GC(25) Old regions: 17->17
[2024-10-21T14:38:12.885-0500][gc,heap       ] GC(25) Humongous regions: 138->138
[2024-10-21T14:38:12.886-0500][gc,metaspace  ] GC(25) Metaspace: 40203K(42496K)->40203K(42496K) NonClass: 35570K(36864K)->35570K(36864K) Class: 4633K(5632K)->4633K(5632K)
[2024-10-21T14:38:12.886-0500][gc            ] GC(25) Pause Young (Normal) (G1 Evacuation Pause) 766M->155M(1024M) 40.691ms
[2024-10-21T14:38:12.886-0500][gc,cpu        ] GC(25) User=0.61s Sys=0.05s Real=0.04s
[2024-10-21T14:38:49.536-0500][gc,start      ] GC(26) Pause Young (Normal) (G1 Evacuation Pause)
[2024-10-21T14:38:49.536-0500][gc,task       ] GC(26) Using 18 workers of 18 for evacuation
[2024-10-21T14:38:49.565-0500][gc,mmu        ] GC(26) MMU target violated: 21.0ms (20.0ms/21.0ms)
[2024-10-21T14:38:49.565-0500][gc,phases     ] GC(26)   Pre Evacuate Collection Set: 0.0ms
[2024-10-21T14:38:49.566-0500][gc,phases     ] GC(26)   Evacuate Collection Set: 27.7ms
[2024-10-21T14:38:49.566-0500][gc,phases     ] GC(26)   Post Evacuate Collection Set: 0.8ms
[2024-10-21T14:38:49.566-0500][gc,phases     ] GC(26)   Other: 0.9ms
[2024-10-21T14:38:49.566-0500][gc,heap       ] GC(26) Eden regions: 612->0(612)
[2024-10-21T14:38:49.566-0500][gc,heap       ] GC(26) Survivor regions: 2->2(77)
[2024-10-21T14:38:49.566-0500][gc,heap       ] GC(26) Old regions: 17->17
[2024-10-21T14:38:49.567-0500][gc,heap       ] GC(26) Humongous regions: 138->138
[2024-10-21T14:38:49.567-0500][gc,metaspace  ] GC(26) Metaspace: 40212K(42496K)->40212K(42496K) NonClass: 35579K(36864K)->35579K(36864K) Class: 4633K(5632K)->4633K(5632K)
[2024-10-21T14:38:49.567-0500][gc            ] GC(26) Pause Young (Normal) (G1 Evacuation Pause) 767M->155M(1024M) 30.893ms
[2024-10-21T14:38:49.567-0500][gc,cpu        ] GC(26) User=0.34s Sys=0.01s Real=0.03s
[2024-10-21T14:39:26.154-0500][gc,start      ] GC(27) Pause Young (Normal) (G1 Evacuation Pause)
[2024-10-21T14:39:26.154-0500][gc,task       ] GC(27) Using 18 workers of 18 for evacuation
[2024-10-21T14:39:26.176-0500][gc,mmu        ] GC(27) MMU target violated: 21.0ms (20.0ms/21.0ms)
[2024-10-21T14:39:26.177-0500][gc,phases     ] GC(27)   Pre Evacuate Collection Set: 0.0ms
[2024-10-21T14:39:26.177-0500][gc,phases     ] GC(27)   Evacuate Collection Set: 21.8ms
[2024-10-21T14:39:26.177-0500][gc,phases     ] GC(27)   Post Evacuate Collection Set: 0.6ms
[2024-10-21T14:39:26.177-0500][gc,phases     ] GC(27)   Other: 0.7ms
[2024-10-21T14:39:26.178-0500][gc,heap       ] GC(27) Eden regions: 612->0(611)
[2024-10-21T14:39:26.178-0500][gc,heap       ] GC(27) Survivor regions: 2->3(77)
[2024-10-21T14:39:26.178-0500][gc,heap       ] GC(27) Old regions: 17->17
[2024-10-21T14:39:26.178-0500][gc,heap       ] GC(27) Humongous regions: 138->138
[2024-10-21T14:39:26.179-0500][gc,metaspace  ] GC(27) Metaspace: 40217K(42496K)->40217K(42496K) NonClass: 35584K(36864K)->35584K(36864K) Class: 4633K(5632K)->4633K(5632K)
[2024-10-21T14:39:26.179-0500][gc            ] GC(27) Pause Young (Normal) (G1 Evacuation Pause) 767M->155M(1024M) 25.233ms
[2024-10-21T14:39:26.179-0500][gc,cpu        ] GC(27) User=0.25s Sys=0.01s Real=0.03s
[2024-10-22T00:29:34.537-0500][gc,start      ] GC(28) Pause Young (Normal) (G1 Evacuation Pause)
[2024-10-22T00:29:34.539-0500][gc,task       ] GC(28) Using 18 workers of 18 for evacuation
[2024-10-22T00:29:34.619-0500][gc,mmu        ] GC(28) MMU target violated: 21.0ms (20.0ms/21.0ms)
[2024-10-22T00:29:34.620-0500][gc,phases     ] GC(28)   Pre Evacuate Collection Set: 8.1ms
[2024-10-22T00:29:34.620-0500][gc,phases     ] GC(28)   Evacuate Collection Set: 56.0ms
[2024-10-22T00:29:34.621-0500][gc,phases     ] GC(28)   Post Evacuate Collection Set: 5.6ms
[2024-10-22T00:29:34.622-0500][gc,phases     ] GC(28)   Other: 15.8ms
[2024-10-22T00:29:34.622-0500][gc,heap       ] GC(28) Eden regions: 611->0(288)
[2024-10-22T00:29:34.623-0500][gc,heap       ] GC(28) Survivor regions: 3->8(77)
[2024-10-22T00:29:34.623-0500][gc,heap       ] GC(28) Old regions: 17->18
[2024-10-22T00:29:34.624-0500][gc,heap       ] GC(28) Humongous regions: 147->147
[2024-10-22T00:29:34.624-0500][gc,metaspace  ] GC(28) Metaspace: 40919K(43008K)->40919K(43008K) NonClass: 36220K(37376K)->36220K(37376K) Class: 4698K(5632K)->4698K(5632K)
[2024-10-22T00:29:34.625-0500][gc            ] GC(28) Pause Young (Normal) (G1 Evacuation Pause) 775M->169M(1024M) 88.020ms
[2024-10-22T00:29:34.626-0500][gc,cpu        ] GC(28) User=1.01s Sys=0.01s Real=0.09s
[2024-10-22T13:55:49.930-0500][gc,start      ] GC(29) Pause Young (Normal) (G1 Evacuation Pause)
[2024-10-22T13:55:49.932-0500][gc,task       ] GC(29) Using 18 workers of 18 for evacuation
[2024-10-22T13:55:49.990-0500][gc,mmu        ] GC(29) MMU target violated: 21.0ms (20.0ms/21.0ms)
[2024-10-22T13:55:49.991-0500][gc,phases     ] GC(29)   Pre Evacuate Collection Set: 19.2ms
[2024-10-22T13:55:49.992-0500][gc,phases     ] GC(29)   Evacuate Collection Set: 26.5ms
[2024-10-22T13:55:49.993-0500][gc,phases     ] GC(29)   Post Evacuate Collection Set: 8.0ms
[2024-10-22T13:55:49.994-0500][gc,phases     ] GC(29)   Other: 9.5ms
[2024-10-22T13:55:49.995-0500][gc,heap       ] GC(29) Eden regions: 288->0(43)
[2024-10-22T13:55:49.996-0500][gc,heap       ] GC(29) Survivor regions: 8->8(37)
[2024-10-22T13:55:49.997-0500][gc,heap       ] GC(29) Old regions: 18->18
[2024-10-22T13:55:49.998-0500][gc,heap       ] GC(29) Humongous regions: 147->147
[2024-10-22T13:55:49.999-0500][gc,metaspace  ] GC(29) Metaspace: 40992K(43264K)->40992K(43264K) NonClass: 36288K(37632K)->36288K(37632K) Class: 4703K(5632K)->4703K(5632K)
[2024-10-22T13:55:50.001-0500][gc            ] GC(29) Pause Young (Normal) (G1 Evacuation Pause) 457M->170M(1024M) 70.655ms
[2024-10-22T13:55:50.002-0500][gc,cpu        ] GC(29) User=0.53s Sys=0.00s Real=0.07s
[2024-10-22T14:10:04.722-0500][gc,start      ] GC(30) Pause Young (Normal) (G1 Evacuation Pause)
[2024-10-22T14:10:04.734-0500][gc,task       ] GC(30) Using 18 workers of 18 for evacuation
[2024-10-22T14:10:04.764-0500][gc,mmu        ] GC(30) MMU target violated: 21.0ms (20.0ms/21.0ms)
[2024-10-22T14:10:04.766-0500][gc,phases     ] GC(30)   Pre Evacuate Collection Set: 4.1ms
[2024-10-22T14:10:04.767-0500][gc,phases     ] GC(30)   Evacuate Collection Set: 23.7ms
[2024-10-22T14:10:04.767-0500][gc,phases     ] GC(30)   Post Evacuate Collection Set: 1.1ms
[2024-10-22T14:10:04.768-0500][gc,phases     ] GC(30)   Other: 14.7ms
[2024-10-22T14:10:04.769-0500][gc,heap       ] GC(30) Eden regions: 43->0(49)
[2024-10-22T14:10:04.770-0500][gc,heap       ] GC(30) Survivor regions: 8->2(7)
[2024-10-22T14:10:04.771-0500][gc,heap       ] GC(30) Old regions: 18->24
[2024-10-22T14:10:04.772-0500][gc,heap       ] GC(30) Humongous regions: 147->147
[2024-10-22T14:10:04.773-0500][gc,metaspace  ] GC(30) Metaspace: 41048K(43264K)->41048K(43264K) NonClass: 36342K(37632K)->36342K(37632K) Class: 4706K(5632K)->4706K(5632K)
[2024-10-22T14:10:04.774-0500][gc            ] GC(30) Pause Young (Normal) (G1 Evacuation Pause) 213M->170M(1024M) 52.201ms
[2024-10-22T14:10:04.776-0500][gc,cpu        ] GC(30) User=0.30s Sys=0.10s Real=0.05s
[2024-10-22T14:32:39.881-0500][gc,start      ] GC(31) Pause Young (Normal) (G1 Evacuation Pause)
[2024-10-22T14:32:39.883-0500][gc,task       ] GC(31) Using 18 workers of 18 for evacuation
[2024-10-22T14:32:39.918-0500][gc,mmu        ] GC(31) MMU target violated: 21.0ms (20.0ms/21.0ms)
[2024-10-22T14:32:39.919-0500][gc,phases     ] GC(31)   Pre Evacuate Collection Set: 5.3ms
[2024-10-22T14:32:39.920-0500][gc,phases     ] GC(31)   Evacuate Collection Set: 26.2ms
[2024-10-22T14:32:39.921-0500][gc,phases     ] GC(31)   Post Evacuate Collection Set: 1.3ms
[2024-10-22T14:32:39.922-0500][gc,phases     ] GC(31)   Other: 5.7ms
[2024-10-22T14:32:39.923-0500][gc,heap       ] GC(31) Eden regions: 49->0(49)
[2024-10-22T14:32:39.924-0500][gc,heap       ] GC(31) Survivor regions: 2->2(7)
[2024-10-22T14:32:39.924-0500][gc,heap       ] GC(31) Old regions: 24->24
[2024-10-22T14:32:39.925-0500][gc,heap       ] GC(31) Humongous regions: 147->147
[2024-10-22T14:32:39.926-0500][gc,metaspace  ] GC(31) Metaspace: 41070K(43264K)->41070K(43264K) NonClass: 36364K(37632K)->36364K(37632K) Class: 4706K(5632K)->4706K(5632K)
[2024-10-22T14:32:39.928-0500][gc            ] GC(31) Pause Young (Normal) (G1 Evacuation Pause) 219M->170M(1024M) 46.848ms
[2024-10-22T14:32:39.930-0500][gc,cpu        ] GC(31) User=0.41s Sys=0.06s Real=0.05s
[2024-10-22T14:57:59.465-0500][gc,start      ] GC(32) Pause Young (Normal) (G1 Evacuation Pause)
[2024-10-22T14:57:59.466-0500][gc,task       ] GC(32) Using 18 workers of 18 for evacuation
[2024-10-22T14:57:59.500-0500][gc,mmu        ] GC(32) MMU target violated: 21.0ms (20.0ms/21.0ms)
[2024-10-22T14:57:59.501-0500][gc,phases     ] GC(32)   Pre Evacuate Collection Set: 1.2ms
[2024-10-22T14:57:59.502-0500][gc,phases     ] GC(32)   Evacuate Collection Set: 30.6ms
[2024-10-22T14:57:59.503-0500][gc,phases     ] GC(32)   Post Evacuate Collection Set: 1.1ms
[2024-10-22T14:57:59.504-0500][gc,phases     ] GC(32)   Other: 4.2ms
[2024-10-22T14:57:59.504-0500][gc,heap       ] GC(32) Eden regions: 49->0(67)
[2024-10-22T14:57:59.505-0500][gc,heap       ] GC(32) Survivor regions: 2->1(7)
[2024-10-22T14:57:59.506-0500][gc,heap       ] GC(32) Old regions: 24->24
[2024-10-22T14:57:59.507-0500][gc,heap       ] GC(32) Humongous regions: 147->147
[2024-10-22T14:57:59.508-0500][gc,metaspace  ] GC(32) Metaspace: 41070K(43264K)->41070K(43264K) NonClass: 36364K(37632K)->36364K(37632K) Class: 4706K(5632K)->4706K(5632K)
[2024-10-22T14:57:59.509-0500][gc            ] GC(32) Pause Young (Normal) (G1 Evacuation Pause) 219M->170M(1024M) 44.495ms
[2024-10-22T14:57:59.510-0500][gc,cpu        ] GC(32) User=0.51s Sys=0.02s Real=0.04s
[2024-10-22T16:06:52.678-0500][gc,start      ] GC(33) Pause Young (Normal) (G1 Evacuation Pause)
[2024-10-22T16:06:52.679-0500][gc,task       ] GC(33) Using 18 workers of 18 for evacuation
[2024-10-22T16:06:52.719-0500][gc,mmu        ] GC(33) MMU target violated: 21.0ms (20.0ms/21.0ms)
[2024-10-22T16:06:52.721-0500][gc,phases     ] GC(33)   Pre Evacuate Collection Set: 0.8ms
[2024-10-22T16:06:52.722-0500][gc,phases     ] GC(33)   Evacuate Collection Set: 36.9ms
[2024-10-22T16:06:52.723-0500][gc,phases     ] GC(33)   Post Evacuate Collection Set: 1.2ms
[2024-10-22T16:06:52.724-0500][gc,phases     ] GC(33)   Other: 4.0ms
[2024-10-22T16:06:52.725-0500][gc,heap       ] GC(33) Eden regions: 67->0(50)
[2024-10-22T16:06:52.726-0500][gc,heap       ] GC(33) Survivor regions: 1->1(9)
[2024-10-22T16:06:52.727-0500][gc,heap       ] GC(33) Old regions: 24->24
[2024-10-22T16:06:52.729-0500][gc,heap       ] GC(33) Humongous regions: 147->147
[2024-10-22T16:06:52.730-0500][gc,metaspace  ] GC(33) Metaspace: 41133K(43264K)->41133K(43264K) NonClass: 36425K(37632K)->36425K(37632K) Class: 4707K(5632K)->4707K(5632K)
[2024-10-22T16:06:52.731-0500][gc            ] GC(33) Pause Young (Normal) (G1 Evacuation Pause) 237M->170M(1024M) 53.298ms
[2024-10-22T16:06:52.732-0500][gc,cpu        ] GC(33) User=0.64s Sys=0.01s Real=0.05s
[2024-10-22T16:24:11.880-0500][gc,start      ] GC(34) Pause Young (Normal) (G1 Evacuation Pause)
[2024-10-22T16:24:11.881-0500][gc,task       ] GC(34) Using 18 workers of 18 for evacuation
[2024-10-22T16:24:11.922-0500][gc,mmu        ] GC(34) MMU target violated: 21.0ms (20.0ms/21.0ms)
[2024-10-22T16:24:11.922-0500][gc,phases     ] GC(34)   Pre Evacuate Collection Set: 0.5ms
[2024-10-22T16:24:11.923-0500][gc,phases     ] GC(34)   Evacuate Collection Set: 37.7ms
[2024-10-22T16:24:11.923-0500][gc,phases     ] GC(34)   Post Evacuate Collection Set: 1.3ms
[2024-10-22T16:24:11.924-0500][gc,phases     ] GC(34)   Other: 3.5ms
[2024-10-22T16:24:11.925-0500][gc,heap       ] GC(34) Eden regions: 50->0(50)
[2024-10-22T16:24:11.926-0500][gc,heap       ] GC(34) Survivor regions: 1->1(7)
[2024-10-22T16:24:11.926-0500][gc,heap       ] GC(34) Old regions: 24->24
[2024-10-22T16:24:11.927-0500][gc,heap       ] GC(34) Humongous regions: 147->147
[2024-10-22T16:24:11.928-0500][gc,metaspace  ] GC(34) Metaspace: 41136K(43264K)->41136K(43264K) NonClass: 36428K(37632K)->36428K(37632K) Class: 4707K(5632K)->4707K(5632K)
[2024-10-22T16:24:11.929-0500][gc            ] GC(34) Pause Young (Normal) (G1 Evacuation Pause) 220M->169M(1024M) 49.167ms
[2024-10-22T16:24:11.930-0500][gc,cpu        ] GC(34) User=0.60s Sys=0.04s Real=0.05s
[2024-10-22T16:48:54.170-0500][gc,start      ] GC(35) Pause Young (Normal) (G1 Evacuation Pause)
[2024-10-22T16:48:54.179-0500][gc,task       ] GC(35) Using 18 workers of 18 for evacuation
[2024-10-22T16:48:54.222-0500][gc,mmu        ] GC(35) MMU target violated: 21.0ms (20.0ms/21.0ms)
[2024-10-22T16:48:54.223-0500][gc,phases     ] GC(35)   Pre Evacuate Collection Set: 0.1ms
[2024-10-22T16:48:54.225-0500][gc,phases     ] GC(35)   Evacuate Collection Set: 39.2ms
[2024-10-22T16:48:54.226-0500][gc,phases     ] GC(35)   Post Evacuate Collection Set: 2.3ms
[2024-10-22T16:48:54.226-0500][gc,phases     ] GC(35)   Other: 11.9ms
[2024-10-22T16:48:54.227-0500][gc,heap       ] GC(35) Eden regions: 50->0(50)
[2024-10-22T16:48:54.228-0500][gc,heap       ] GC(35) Survivor regions: 1->1(7)
[2024-10-22T16:48:54.229-0500][gc,heap       ] GC(35) Old regions: 24->24
[2024-10-22T16:48:54.230-0500][gc,heap       ] GC(35) Humongous regions: 147->147
[2024-10-22T16:48:54.232-0500][gc,metaspace  ] GC(35) Metaspace: 41143K(43264K)->41143K(43264K) NonClass: 36435K(37632K)->36435K(37632K) Class: 4707K(5632K)->4707K(5632K)
[2024-10-22T16:48:54.233-0500][gc            ] GC(35) Pause Young (Normal) (G1 Evacuation Pause) 219M->169M(1024M) 63.478ms
[2024-10-22T16:48:54.234-0500][gc,cpu        ] GC(35) User=0.62s Sys=0.05s Real=0.07s
[2024-10-22T17:12:31.929-0500][gc,start      ] GC(36) Pause Young (Normal) (G1 Evacuation Pause)
[2024-10-22T17:12:31.930-0500][gc,task       ] GC(36) Using 18 workers of 18 for evacuation
[2024-10-22T17:12:31.969-0500][gc,mmu        ] GC(36) MMU target violated: 21.0ms (20.0ms/21.0ms)
[2024-10-22T17:12:31.970-0500][gc,phases     ] GC(36)   Pre Evacuate Collection Set: 1.0ms
[2024-10-22T17:12:31.971-0500][gc,phases     ] GC(36)   Evacuate Collection Set: 35.9ms
[2024-10-22T17:12:31.972-0500][gc,phases     ] GC(36)   Post Evacuate Collection Set: 1.0ms
[2024-10-22T17:12:31.974-0500][gc,phases     ] GC(36)   Other: 3.6ms
[2024-10-22T17:12:31.975-0500][gc,heap       ] GC(36) Eden regions: 50->0(50)
[2024-10-22T17:12:31.978-0500][gc,heap       ] GC(36) Survivor regions: 1->1(7)
[2024-10-22T17:12:31.979-0500][gc,heap       ] GC(36) Old regions: 24->24
[2024-10-22T17:12:31.980-0500][gc,heap       ] GC(36) Humongous regions: 147->147
[2024-10-22T17:12:31.981-0500][gc,metaspace  ] GC(36) Metaspace: 41145K(43264K)->41145K(43264K) NonClass: 36437K(37632K)->36437K(37632K) Class: 4707K(5632K)->4707K(5632K)
[2024-10-22T17:12:31.982-0500][gc            ] GC(36) Pause Young (Normal) (G1 Evacuation Pause) 219M->169M(1024M) 53.136ms
[2024-10-22T17:12:31.983-0500][gc,cpu        ] GC(36) User=0.64s Sys=0.00s Real=0.05s
[2024-10-22T17:29:52.574-0500][gc,start      ] GC(37) Pause Young (Normal) (G1 Evacuation Pause)
[2024-10-22T17:29:52.575-0500][gc,task       ] GC(37) Using 18 workers of 18 for evacuation
[2024-10-22T17:29:52.602-0500][gc,mmu        ] GC(37) MMU target violated: 21.0ms (20.0ms/21.0ms)
[2024-10-22T17:29:52.604-0500][gc,phases     ] GC(37)   Pre Evacuate Collection Set: 0.0ms
[2024-10-22T17:29:52.605-0500][gc,phases     ] GC(37)   Evacuate Collection Set: 25.1ms
[2024-10-22T17:29:52.606-0500][gc,phases     ] GC(37)   Post Evacuate Collection Set: 1.1ms
[2024-10-22T17:29:52.607-0500][gc,phases     ] GC(37)   Other: 4.0ms
[2024-10-22T17:29:52.609-0500][gc,heap       ] GC(37) Eden regions: 50->0(51)
[2024-10-22T17:29:52.610-0500][gc,heap       ] GC(37) Survivor regions: 1->1(7)
[2024-10-22T17:29:52.611-0500][gc,heap       ] GC(37) Old regions: 24->24
[2024-10-22T17:29:52.613-0500][gc,heap       ] GC(37) Humongous regions: 147->147
[2024-10-22T17:29:52.614-0500][gc,metaspace  ] GC(37) Metaspace: 41172K(43264K)->41172K(43264K) NonClass: 36464K(37632K)->36464K(37632K) Class: 4707K(5632K)->4707K(5632K)
[2024-10-22T17:29:52.615-0500][gc            ] GC(37) Pause Young (Normal) (G1 Evacuation Pause) 219M->169M(1024M) 41.576ms
[2024-10-22T17:29:52.617-0500][gc,cpu        ] GC(37) User=0.40s Sys=0.02s Real=0.05s
[2024-10-22T17:47:35.005-0500][gc,start      ] GC(38) Pause Young (Normal) (G1 Evacuation Pause)
[2024-10-22T17:47:35.006-0500][gc,task       ] GC(38) Using 18 workers of 18 for evacuation
[2024-10-22T17:47:35.038-0500][gc,mmu        ] GC(38) MMU target violated: 21.0ms (20.0ms/21.0ms)
[2024-10-22T17:47:35.039-0500][gc,phases     ] GC(38)   Pre Evacuate Collection Set: 0.9ms
[2024-10-22T17:47:35.040-0500][gc,phases     ] GC(38)   Evacuate Collection Set: 27.3ms
[2024-10-22T17:47:35.041-0500][gc,phases     ] GC(38)   Post Evacuate Collection Set: 1.1ms
[2024-10-22T17:47:35.042-0500][gc,phases     ] GC(38)   Other: 5.2ms
[2024-10-22T17:47:35.043-0500][gc,heap       ] GC(38) Eden regions: 51->0(54)
[2024-10-22T17:47:35.044-0500][gc,heap       ] GC(38) Survivor regions: 1->1(7)
[2024-10-22T17:47:35.045-0500][gc,heap       ] GC(38) Old regions: 24->24
[2024-10-22T17:47:35.046-0500][gc,heap       ] GC(38) Humongous regions: 147->147
[2024-10-22T17:47:35.046-0500][gc,metaspace  ] GC(38) Metaspace: 41185K(43264K)->41185K(43264K) NonClass: 36477K(37632K)->36477K(37632K) Class: 4707K(5632K)->4707K(5632K)
[2024-10-22T17:47:35.047-0500][gc            ] GC(38) Pause Young (Normal) (G1 Evacuation Pause) 220M->169M(1024M) 42.555ms
[2024-10-22T17:47:35.048-0500][gc,cpu        ] GC(38) User=0.45s Sys=0.03s Real=0.05s
[2024-10-22T18:44:09.479-0500][gc,start      ] GC(39) Pause Young (Normal) (G1 Evacuation Pause)
[2024-10-22T18:44:09.481-0500][gc,task       ] GC(39) Using 18 workers of 18 for evacuation
[2024-10-22T18:44:09.513-0500][gc,mmu        ] GC(39) MMU target violated: 21.0ms (20.0ms/21.0ms)
[2024-10-22T18:44:09.518-0500][gc,phases     ] GC(39)   Pre Evacuate Collection Set: 0.8ms
[2024-10-22T18:44:09.521-0500][gc,phases     ] GC(39)   Evacuate Collection Set: 25.2ms
[2024-10-22T18:44:09.524-0500][gc,phases     ] GC(39)   Post Evacuate Collection Set: 0.8ms
[2024-10-22T18:44:09.525-0500][gc,phases     ] GC(39)   Other: 12.2ms
[2024-10-22T18:44:09.525-0500][gc,heap       ] GC(39) Eden regions: 54->0(57)
[2024-10-22T18:44:09.526-0500][gc,heap       ] GC(39) Survivor regions: 1->1(7)
[2024-10-22T18:44:09.527-0500][gc,heap       ] GC(39) Old regions: 24->24
[2024-10-22T18:44:09.528-0500][gc,heap       ] GC(39) Humongous regions: 147->147
[2024-10-22T18:44:09.529-0500][gc,metaspace  ] GC(39) Metaspace: 41186K(43264K)->41186K(43264K) NonClass: 36478K(37632K)->36478K(37632K) Class: 4707K(5632K)->4707K(5632K)
[2024-10-22T18:44:09.529-0500][gc            ] GC(39) Pause Young (Normal) (G1 Evacuation Pause) 223M->169M(1024M) 49.885ms
[2024-10-22T18:44:09.530-0500][gc,cpu        ] GC(39) User=0.43s Sys=0.02s Real=0.05s
[2024-10-22T19:03:19.379-0500][gc,start      ] GC(40) Pause Young (Normal) (G1 Evacuation Pause)
[2024-10-22T19:03:19.383-0500][gc,task       ] GC(40) Using 18 workers of 18 for evacuation
[2024-10-22T19:03:19.399-0500][gc,phases     ] GC(40)   Pre Evacuate Collection Set: 0.5ms
[2024-10-22T19:03:19.400-0500][gc,phases     ] GC(40)   Evacuate Collection Set: 13.5ms
[2024-10-22T19:03:19.401-0500][gc,phases     ] GC(40)   Post Evacuate Collection Set: 0.9ms
[2024-10-22T19:03:19.401-0500][gc,phases     ] GC(40)   Other: 4.9ms
[2024-10-22T19:03:19.402-0500][gc,heap       ] GC(40) Eden regions: 57->0(62)
[2024-10-22T19:03:19.402-0500][gc,heap       ] GC(40) Survivor regions: 1->1(8)
[2024-10-22T19:03:19.403-0500][gc,heap       ] GC(40) Old regions: 24->24
[2024-10-22T19:03:19.403-0500][gc,heap       ] GC(40) Humongous regions: 147->147
[2024-10-22T19:03:19.403-0500][gc,metaspace  ] GC(40) Metaspace: 41187K(43264K)->41187K(43264K) NonClass: 36479K(37632K)->36479K(37632K) Class: 4707K(5632K)->4707K(5632K)
[2024-10-22T19:03:19.404-0500][gc            ] GC(40) Pause Young (Normal) (G1 Evacuation Pause) 226M->169M(1024M) 24.758ms
[2024-10-22T19:03:19.405-0500][gc,cpu        ] GC(40) User=0.24s Sys=0.00s Real=0.02s
[2024-10-22T19:24:45.965-0500][gc,start      ] GC(41) Pause Young (Normal) (G1 Evacuation Pause)
[2024-10-22T19:24:45.967-0500][gc,task       ] GC(41) Using 18 workers of 18 for evacuation
[2024-10-22T19:24:45.992-0500][gc,mmu        ] GC(41) MMU target violated: 21.0ms (20.0ms/21.0ms)
[2024-10-22T19:24:45.993-0500][gc,phases     ] GC(41)   Pre Evacuate Collection Set: 0.5ms
[2024-10-22T19:24:45.994-0500][gc,phases     ] GC(41)   Evacuate Collection Set: 23.5ms
[2024-10-22T19:24:45.994-0500][gc,phases     ] GC(41)   Post Evacuate Collection Set: 0.8ms
[2024-10-22T19:24:45.995-0500][gc,phases     ] GC(41)   Other: 3.5ms
[2024-10-22T19:24:45.996-0500][gc,heap       ] GC(41) Eden regions: 62->0(66)
[2024-10-22T19:24:45.996-0500][gc,heap       ] GC(41) Survivor regions: 1->1(8)
[2024-10-22T19:24:45.997-0500][gc,heap       ] GC(41) Old regions: 24->24
[2024-10-22T19:24:45.998-0500][gc,heap       ] GC(41) Humongous regions: 147->147
[2024-10-22T19:24:45.998-0500][gc,metaspace  ] GC(41) Metaspace: 41188K(43264K)->41188K(43264K) NonClass: 36480K(37632K)->36480K(37632K) Class: 4707K(5632K)->4707K(5632K)
[2024-10-22T19:24:45.999-0500][gc            ] GC(41) Pause Young (Normal) (G1 Evacuation Pause) 231M->169M(1024M) 33.953ms
[2024-10-22T19:24:46.000-0500][gc,cpu        ] GC(41) User=0.41s Sys=0.00s Real=0.03s
[2024-10-22T21:37:59.471-0500][gc,start      ] GC(42) Pause Young (Normal) (G1 Evacuation Pause)
[2024-10-22T21:37:59.472-0500][gc,task       ] GC(42) Using 18 workers of 18 for evacuation
[2024-10-22T21:37:59.504-0500][gc,mmu        ] GC(42) MMU target violated: 21.0ms (20.0ms/21.0ms)
[2024-10-22T21:37:59.505-0500][gc,phases     ] GC(42)   Pre Evacuate Collection Set: 0.5ms
[2024-10-22T21:37:59.506-0500][gc,phases     ] GC(42)   Evacuate Collection Set: 30.1ms
[2024-10-22T21:37:59.506-0500][gc,phases     ] GC(42)   Post Evacuate Collection Set: 0.8ms
[2024-10-22T21:37:59.507-0500][gc,phases     ] GC(42)   Other: 3.3ms
[2024-10-22T21:37:59.507-0500][gc,heap       ] GC(42) Eden regions: 66->0(63)
[2024-10-22T21:37:59.508-0500][gc,heap       ] GC(42) Survivor regions: 1->1(9)
[2024-10-22T21:37:59.508-0500][gc,heap       ] GC(42) Old regions: 24->24
[2024-10-22T21:37:59.509-0500][gc,heap       ] GC(42) Humongous regions: 147->147
[2024-10-22T21:37:59.510-0500][gc,metaspace  ] GC(42) Metaspace: 41188K(43264K)->41188K(43264K) NonClass: 36480K(37632K)->36480K(37632K) Class: 4707K(5632K)->4707K(5632K)
[2024-10-22T21:37:59.511-0500][gc            ] GC(42) Pause Young (Normal) (G1 Evacuation Pause) 235M->169M(1024M) 39.875ms
[2024-10-22T21:37:59.511-0500][gc,cpu        ] GC(42) User=0.47s Sys=0.06s Real=0.04s
[2024-10-22T22:30:44.330-0500][gc,start      ] GC(43) Pause Young (Normal) (G1 Evacuation Pause)
[2024-10-22T22:30:44.331-0500][gc,task       ] GC(43) Using 18 workers of 18 for evacuation
[2024-10-22T22:30:44.354-0500][gc,mmu        ] GC(43) MMU target violated: 21.0ms (20.0ms/21.0ms)
[2024-10-22T22:30:44.355-0500][gc,phases     ] GC(43)   Pre Evacuate Collection Set: 0.7ms
[2024-10-22T22:30:44.355-0500][gc,phases     ] GC(43)   Evacuate Collection Set: 20.4ms
[2024-10-22T22:30:44.356-0500][gc,phases     ] GC(43)   Post Evacuate Collection Set: 0.6ms
[2024-10-22T22:30:44.356-0500][gc,phases     ] GC(43)   Other: 3.4ms
[2024-10-22T22:30:44.357-0500][gc,heap       ] GC(43) Eden regions: 63->0(65)
[2024-10-22T22:30:44.357-0500][gc,heap       ] GC(43) Survivor regions: 1->1(8)
[2024-10-22T22:30:44.357-0500][gc,heap       ] GC(43) Old regions: 24->24
[2024-10-22T22:30:44.358-0500][gc,heap       ] GC(43) Humongous regions: 147->147
[2024-10-22T22:30:44.358-0500][gc,metaspace  ] GC(43) Metaspace: 41207K(43264K)->41207K(43264K) NonClass: 36499K(37632K)->36499K(37632K) Class: 4707K(5632K)->4707K(5632K)
[2024-10-22T22:30:44.358-0500][gc            ] GC(43) Pause Young (Normal) (G1 Evacuation Pause) 232M->169M(1024M) 28.757ms
[2024-10-22T22:30:44.359-0500][gc,cpu        ] GC(43) User=0.34s Sys=0.00s Real=0.03s
[2024-10-22T22:53:16.215-0500][gc,start      ] GC(44) Pause Young (Normal) (G1 Evacuation Pause)
[2024-10-22T22:53:16.217-0500][gc,task       ] GC(44) Using 18 workers of 18 for evacuation
[2024-10-22T22:53:16.236-0500][gc,phases     ] GC(44)   Pre Evacuate Collection Set: 0.4ms
[2024-10-22T22:53:16.237-0500][gc,phases     ] GC(44)   Evacuate Collection Set: 16.8ms
[2024-10-22T22:53:16.238-0500][gc,phases     ] GC(44)   Post Evacuate Collection Set: 0.7ms
[2024-10-22T22:53:16.239-0500][gc,phases     ] GC(44)   Other: 4.0ms
[2024-10-22T22:53:16.239-0500][gc,heap       ] GC(44) Eden regions: 65->0(67)
[2024-10-22T22:53:16.239-0500][gc,heap       ] GC(44) Survivor regions: 1->1(9)
[2024-10-22T22:53:16.239-0500][gc,heap       ] GC(44) Old regions: 24->24
[2024-10-22T22:53:16.240-0500][gc,heap       ] GC(44) Humongous regions: 147->147
[2024-10-22T22:53:16.241-0500][gc,metaspace  ] GC(44) Metaspace: 41210K(43264K)->41210K(43264K) NonClass: 36502K(37632K)->36502K(37632K) Class: 4707K(5632K)->4707K(5632K)
[2024-10-22T22:53:16.241-0500][gc            ] GC(44) Pause Young (Normal) (G1 Evacuation Pause) 234M->169M(1024M) 26.335ms
[2024-10-22T22:53:16.241-0500][gc,cpu        ] GC(44) User=0.25s Sys=0.02s Real=0.03s
[2024-10-22T23:15:59.310-0500][gc,start      ] GC(45) Pause Young (Normal) (G1 Evacuation Pause)
[2024-10-22T23:15:59.311-0500][gc,task       ] GC(45) Using 18 workers of 18 for evacuation
[2024-10-22T23:15:59.336-0500][gc,mmu        ] GC(45) MMU target violated: 21.0ms (20.0ms/21.0ms)
[2024-10-22T23:15:59.337-0500][gc,phases     ] GC(45)   Pre Evacuate Collection Set: 0.4ms
[2024-10-22T23:15:59.338-0500][gc,phases     ] GC(45)   Evacuate Collection Set: 23.2ms
[2024-10-22T23:15:59.338-0500][gc,phases     ] GC(45)   Post Evacuate Collection Set: 0.7ms
[2024-10-22T23:15:59.339-0500][gc,phases     ] GC(45)   Other: 2.6ms
[2024-10-22T23:15:59.339-0500][gc,heap       ] GC(45) Eden regions: 67->0(68)
[2024-10-22T23:15:59.339-0500][gc,heap       ] GC(45) Survivor regions: 1->1(9)
[2024-10-22T23:15:59.339-0500][gc,heap       ] GC(45) Old regions: 24->24
[2024-10-22T23:15:59.340-0500][gc,heap       ] GC(45) Humongous regions: 147->147
[2024-10-22T23:15:59.340-0500][gc,metaspace  ] GC(45) Metaspace: 41214K(43264K)->41214K(43264K) NonClass: 36506K(37632K)->36506K(37632K) Class: 4707K(5632K)->4707K(5632K)
[2024-10-22T23:15:59.340-0500][gc            ] GC(45) Pause Young (Normal) (G1 Evacuation Pause) 236M->170M(1024M) 30.011ms
[2024-10-22T23:15:59.341-0500][gc,cpu        ] GC(45) User=0.39s Sys=0.01s Real=0.03s
[2024-10-22T23:39:32.976-0500][gc,start      ] GC(46) Pause Young (Normal) (G1 Evacuation Pause)
[2024-10-22T23:39:32.977-0500][gc,task       ] GC(46) Using 18 workers of 18 for evacuation
[2024-10-22T23:39:33.003-0500][gc,mmu        ] GC(46) MMU target violated: 21.0ms (20.0ms/21.0ms)
[2024-10-22T23:39:33.004-0500][gc,phases     ] GC(46)   Pre Evacuate Collection Set: 0.4ms
[2024-10-22T23:39:33.004-0500][gc,phases     ] GC(46)   Evacuate Collection Set: 23.2ms
[2024-10-22T23:39:33.004-0500][gc,phases     ] GC(46)   Post Evacuate Collection Set: 0.9ms
[2024-10-22T23:39:33.005-0500][gc,phases     ] GC(46)   Other: 3.8ms
[2024-10-22T23:39:33.005-0500][gc,heap       ] GC(46) Eden regions: 68->0(69)
[2024-10-22T23:39:33.005-0500][gc,heap       ] GC(46) Survivor regions: 1->1(9)
[2024-10-22T23:39:33.006-0500][gc,heap       ] GC(46) Old regions: 24->24
[2024-10-22T23:39:33.006-0500][gc,heap       ] GC(46) Humongous regions: 147->147
[2024-10-22T23:39:33.006-0500][gc,metaspace  ] GC(46) Metaspace: 41216K(43264K)->41216K(43264K) NonClass: 36508K(37632K)->36508K(37632K) Class: 4707K(5632K)->4707K(5632K)
[2024-10-22T23:39:33.007-0500][gc            ] GC(46) Pause Young (Normal) (G1 Evacuation Pause) 238M->169M(1024M) 31.217ms
[2024-10-22T23:39:33.007-0500][gc,cpu        ] GC(46) User=0.40s Sys=0.00s Real=0.03s
