[2024-10-21T14:25:33.832-0500][gc,heap] Heap region size: 1M
[2024-10-21T14:25:33.836-0500][gc     ] Using G1
[2024-10-21T14:25:33.836-0500][gc,heap,coops] Heap address: 0x00000000c0000000, size: 1024 MB, Compressed Oops mode: 32-bit
[2024-10-21T14:25:33.837-0500][gc,cds       ] Mark closed archive regions in map: [0x00000000fff00000, 0x00000000fff6bff8]
[2024-10-21T14:25:33.837-0500][gc,cds       ] Mark open archive regions in map: [0x00000000ffe00000, 0x00000000ffe47ff8]
[2024-10-21T14:25:35.286-0500][gc,heap,exit ] Heap
[2024-10-21T14:25:35.286-0500][gc,heap,exit ]  garbage-first heap   total 1048576K, used 51920K [0x00000000c0000000, 0x0000000100000000)
[2024-10-21T14:25:35.287-0500][gc,heap,exit ]   region size 1024K, 51 young (52224K), 0 survivors (0K)
[2024-10-21T14:25:35.287-0500][gc,heap,exit ]  Metaspace       used 14015K, capacity 14471K, committed 14848K, reserved 1062912K
[2024-10-21T14:25:35.287-0500][gc,heap,exit ]   class space    used 1718K, capacity 1924K, committed 2048K, reserved 1048576K
