[2024-10-20T13:35:18.365-0500][gc,heap] Heap region size: 1M
[2024-10-20T13:35:18.370-0500][gc     ] Using G1
[2024-10-20T13:35:18.370-0500][gc,heap,coops] Heap address: 0x00000000c0000000, size: 1024 MB, Compressed Oops mode: 32-bit
[2024-10-20T13:35:18.371-0500][gc,cds       ] Mark closed archive regions in map: [0x00000000fff00000, 0x00000000fff6bff8]
[2024-10-20T13:35:18.371-0500][gc,cds       ] Mark open archive regions in map: [0x00000000ffe00000, 0x00000000ffe47ff8]
[2024-10-20T13:35:19.895-0500][gc,start     ] GC(0) Pause Young (Normal) (G1 Evacuation Pause)
[2024-10-20T13:35:19.897-0500][gc,task      ] GC(0) Using 18 workers of 18 for evacuation
[2024-10-20T13:35:19.941-0500][gc,mmu       ] GC(0) MMU target violated: 21.0ms (20.0ms/21.0ms)
[2024-10-20T13:35:19.942-0500][gc,phases    ] GC(0)   Pre Evacuate Collection Set: 0.0ms
[2024-10-20T13:35:19.942-0500][gc,phases    ] GC(0)   Evacuate Collection Set: 43.4ms
[2024-10-20T13:35:19.943-0500][gc,phases    ] GC(0)   Post Evacuate Collection Set: 0.6ms
[2024-10-20T13:35:19.943-0500][gc,phases    ] GC(0)   Other: 2.8ms
[2024-10-20T13:35:19.944-0500][gc,heap      ] GC(0) Eden regions: 51->0(44)
[2024-10-20T13:35:19.944-0500][gc,heap      ] GC(0) Survivor regions: 0->7(7)
[2024-10-20T13:35:19.944-0500][gc,heap      ] GC(0) Old regions: 2->2
[2024-10-20T13:35:19.945-0500][gc,heap      ] GC(0) Humongous regions: 0->0
[2024-10-20T13:35:19.945-0500][gc,metaspace ] GC(0) Metaspace: 14229K(15104K)->14229K(15104K) NonClass: 12467K(13056K)->12467K(13056K) Class: 1762K(2048K)->1762K(2048K)
[2024-10-20T13:35:19.946-0500][gc           ] GC(0) Pause Young (Normal) (G1 Evacuation Pause) 51M->7M(1024M) 50.861ms
[2024-10-20T13:35:19.946-0500][gc,cpu       ] GC(0) User=0.58s Sys=0.20s Real=0.05s
[2024-10-20T13:35:20.458-0500][gc,start     ] GC(1) Pause Young (Concurrent Start) (Metadata GC Threshold)
[2024-10-20T13:35:20.458-0500][gc,task      ] GC(1) Using 18 workers of 18 for evacuation
[2024-10-20T13:35:20.496-0500][gc,mmu       ] GC(1) MMU target violated: 21.0ms (20.0ms/21.0ms)
[2024-10-20T13:35:20.497-0500][gc,phases    ] GC(1)   Pre Evacuate Collection Set: 0.0ms
[2024-10-20T13:35:20.497-0500][gc,phases    ] GC(1)   Evacuate Collection Set: 37.5ms
[2024-10-20T13:35:20.498-0500][gc,phases    ] GC(1)   Post Evacuate Collection Set: 0.4ms
[2024-10-20T13:35:20.499-0500][gc,phases    ] GC(1)   Other: 0.8ms
[2024-10-20T13:35:20.499-0500][gc,heap      ] GC(1) Eden regions: 32->0(49)
[2024-10-20T13:35:20.500-0500][gc,heap      ] GC(1) Survivor regions: 7->2(7)
[2024-10-20T13:35:20.500-0500][gc,heap      ] GC(1) Old regions: 2->9
[2024-10-20T13:35:20.501-0500][gc,heap      ] GC(1) Humongous regions: 0->0
[2024-10-20T13:35:20.501-0500][gc,metaspace ] GC(1) Metaspace: 20297K(21248K)->20297K(21248K) NonClass: 18084K(18688K)->18084K(18688K) Class: 2212K(2560K)->2212K(2560K)
[2024-10-20T13:35:20.502-0500][gc           ] GC(1) Pause Young (Concurrent Start) (Metadata GC Threshold) 38M->8M(1024M) 43.655ms
[2024-10-20T13:35:20.502-0500][gc,cpu       ] GC(1) User=0.30s Sys=0.02s Real=0.05s
[2024-10-20T13:35:20.503-0500][gc           ] GC(2) Concurrent Cycle
[2024-10-20T13:35:20.503-0500][gc,marking   ] GC(2) Concurrent Clear Claimed Marks
[2024-10-20T13:35:20.503-0500][gc,marking   ] GC(2) Concurrent Clear Claimed Marks 0.495ms
[2024-10-20T13:35:20.504-0500][gc,marking   ] GC(2) Concurrent Scan Root Regions
[2024-10-20T13:35:20.505-0500][gc,marking   ] GC(2) Concurrent Scan Root Regions 1.139ms
[2024-10-20T13:35:20.505-0500][gc,marking   ] GC(2) Concurrent Mark (2.147s)
[2024-10-20T13:35:20.505-0500][gc,marking   ] GC(2) Concurrent Mark From Roots
[2024-10-20T13:35:20.506-0500][gc,task      ] GC(2) Using 5 workers of 5 for marking
[2024-10-20T13:35:20.508-0500][gc,marking   ] GC(2) Concurrent Mark From Roots 2.105ms
[2024-10-20T13:35:20.508-0500][gc,marking   ] GC(2) Concurrent Preclean
[2024-10-20T13:35:20.508-0500][gc,marking   ] GC(2) Concurrent Preclean 0.351ms
[2024-10-20T13:35:20.509-0500][gc,marking   ] GC(2) Concurrent Mark (2.147s, 2.151s) 3.556ms
[2024-10-20T13:35:20.509-0500][gc,start     ] GC(2) Pause Remark
[2024-10-20T13:35:20.521-0500][gc,stringtable] GC(2) Cleaned string and symbol table, strings: 6197 processed, 0 removed, symbols: 46898 processed, 38 removed
[2024-10-20T13:35:20.522-0500][gc            ] GC(2) Pause Remark 9M->9M(1024M) 12.870ms
[2024-10-20T13:35:20.522-0500][gc,cpu        ] GC(2) User=0.14s Sys=0.01s Real=0.02s
[2024-10-20T13:35:20.523-0500][gc,marking    ] GC(2) Concurrent Rebuild Remembered Sets
[2024-10-20T13:35:20.524-0500][gc,marking    ] GC(2) Concurrent Rebuild Remembered Sets 1.338ms
[2024-10-20T13:35:20.525-0500][gc,start      ] GC(2) Pause Cleanup
[2024-10-20T13:35:20.525-0500][gc            ] GC(2) Pause Cleanup 9M->9M(1024M) 0.416ms
[2024-10-20T13:35:20.526-0500][gc,cpu        ] GC(2) User=0.00s Sys=0.00s Real=0.00s
[2024-10-20T13:35:20.526-0500][gc,marking    ] GC(2) Concurrent Cleanup for Next Mark
[2024-10-20T13:35:20.527-0500][gc,marking    ] GC(2) Concurrent Cleanup for Next Mark 1.246ms
[2024-10-20T13:35:20.528-0500][gc            ] GC(2) Concurrent Cycle 25.007ms
[2024-10-20T13:35:22.101-0500][gc,start      ] GC(3) Pause Young (Normal) (G1 Evacuation Pause)
[2024-10-20T13:35:22.102-0500][gc,task       ] GC(3) Using 18 workers of 18 for evacuation
[2024-10-20T13:35:22.120-0500][gc,phases     ] GC(3)   Pre Evacuate Collection Set: 0.0ms
[2024-10-20T13:35:22.121-0500][gc,phases     ] GC(3)   Evacuate Collection Set: 16.2ms
[2024-10-20T13:35:22.122-0500][gc,phases     ] GC(3)   Post Evacuate Collection Set: 1.1ms
[2024-10-20T13:35:22.122-0500][gc,phases     ] GC(3)   Other: 1.4ms
[2024-10-20T13:35:22.123-0500][gc,heap       ] GC(3) Eden regions: 49->0(47)
[2024-10-20T13:35:22.124-0500][gc,heap       ] GC(3) Survivor regions: 2->4(7)
[2024-10-20T13:35:22.124-0500][gc,heap       ] GC(3) Old regions: 9->9
[2024-10-20T13:35:22.125-0500][gc,heap       ] GC(3) Humongous regions: 9->9
[2024-10-20T13:35:22.126-0500][gc,metaspace  ] GC(3) Metaspace: 29570K(30848K)->29570K(30848K) NonClass: 26174K(26880K)->26174K(26880K) Class: 3395K(3968K)->3395K(3968K)
[2024-10-20T13:35:22.127-0500][gc            ] GC(3) Pause Young (Normal) (G1 Evacuation Pause) 66M->19M(1024M) 25.214ms
[2024-10-20T13:35:22.127-0500][gc,cpu        ] GC(3) User=0.21s Sys=0.01s Real=0.02s
[2024-10-20T13:35:22.605-0500][gc,start      ] GC(4) Pause Young (Concurrent Start) (Metadata GC Threshold)
[2024-10-20T13:35:22.605-0500][gc,task       ] GC(4) Using 18 workers of 18 for evacuation
[2024-10-20T13:35:22.622-0500][gc,phases     ] GC(4)   Pre Evacuate Collection Set: 0.1ms
[2024-10-20T13:35:22.623-0500][gc,phases     ] GC(4)   Evacuate Collection Set: 16.4ms
[2024-10-20T13:35:22.623-0500][gc,phases     ] GC(4)   Post Evacuate Collection Set: 0.6ms
[2024-10-20T13:35:22.624-0500][gc,phases     ] GC(4)   Other: 0.8ms
[2024-10-20T13:35:22.624-0500][gc,heap       ] GC(4) Eden regions: 34->0(44)
[2024-10-20T13:35:22.625-0500][gc,heap       ] GC(4) Survivor regions: 4->7(7)
[2024-10-20T13:35:22.625-0500][gc,heap       ] GC(4) Old regions: 9->9
[2024-10-20T13:35:22.626-0500][gc,heap       ] GC(4) Humongous regions: 9->9
[2024-10-20T13:35:22.626-0500][gc,metaspace  ] GC(4) Metaspace: 34499K(35840K)->34499K(35840K) NonClass: 30628K(31360K)->30628K(31360K) Class: 3870K(4480K)->3870K(4480K)
[2024-10-20T13:35:22.626-0500][gc            ] GC(4) Pause Young (Concurrent Start) (Metadata GC Threshold) 53M->22M(1024M) 21.826ms
[2024-10-20T13:35:22.627-0500][gc,cpu        ] GC(4) User=0.18s Sys=0.01s Real=0.02s
[2024-10-20T13:35:22.627-0500][gc            ] GC(5) Concurrent Cycle
[2024-10-20T13:35:22.628-0500][gc,marking    ] GC(5) Concurrent Clear Claimed Marks
[2024-10-20T13:35:22.628-0500][gc,marking    ] GC(5) Concurrent Clear Claimed Marks 0.639ms
[2024-10-20T13:35:22.629-0500][gc,marking    ] GC(5) Concurrent Scan Root Regions
[2024-10-20T13:35:22.630-0500][gc,marking    ] GC(5) Concurrent Scan Root Regions 1.001ms
[2024-10-20T13:35:22.630-0500][gc,marking    ] GC(5) Concurrent Mark (4.272s)
[2024-10-20T13:35:22.630-0500][gc,marking    ] GC(5) Concurrent Mark From Roots
[2024-10-20T13:35:22.631-0500][gc,task       ] GC(5) Using 5 workers of 5 for marking
[2024-10-20T13:35:22.632-0500][gc,marking    ] GC(5) Concurrent Mark From Roots 2.123ms
[2024-10-20T13:35:22.633-0500][gc,marking    ] GC(5) Concurrent Preclean
[2024-10-20T13:35:22.633-0500][gc,marking    ] GC(5) Concurrent Preclean 0.533ms
[2024-10-20T13:35:22.634-0500][gc,marking    ] GC(5) Concurrent Mark (4.272s, 4.276s) 3.621ms
[2024-10-20T13:35:22.636-0500][gc,start      ] GC(5) Pause Remark
[2024-10-20T13:35:22.645-0500][gc,stringtable] GC(5) Cleaned string and symbol table, strings: 9586 processed, 13 removed, symbols: 86225 processed, 25 removed
[2024-10-20T13:35:22.646-0500][gc            ] GC(5) Pause Remark 23M->23M(1024M) 10.380ms
[2024-10-20T13:35:22.646-0500][gc,cpu        ] GC(5) User=0.12s Sys=0.01s Real=0.01s
[2024-10-20T13:35:22.647-0500][gc,marking    ] GC(5) Concurrent Rebuild Remembered Sets
[2024-10-20T13:35:22.649-0500][gc,marking    ] GC(5) Concurrent Rebuild Remembered Sets 1.835ms
[2024-10-20T13:35:22.650-0500][gc,start      ] GC(5) Pause Cleanup
[2024-10-20T13:35:22.650-0500][gc            ] GC(5) Pause Cleanup 23M->23M(1024M) 0.751ms
[2024-10-20T13:35:22.651-0500][gc,cpu        ] GC(5) User=0.01s Sys=0.00s Real=0.01s
[2024-10-20T13:35:22.651-0500][gc,marking    ] GC(5) Concurrent Cleanup for Next Mark
[2024-10-20T13:35:22.656-0500][gc,marking    ] GC(5) Concurrent Cleanup for Next Mark 4.791ms
[2024-10-20T13:35:22.657-0500][gc            ] GC(5) Concurrent Cycle 29.404ms
[2024-10-20T13:43:41.483-0500][gc,start      ] GC(6) Pause Young (Normal) (G1 Evacuation Pause)
[2024-10-20T13:43:41.484-0500][gc,task       ] GC(6) Using 18 workers of 18 for evacuation
[2024-10-20T13:43:41.507-0500][gc,mmu        ] GC(6) MMU target violated: 21.0ms (20.0ms/21.0ms)
[2024-10-20T13:43:41.508-0500][gc,phases     ] GC(6)   Pre Evacuate Collection Set: 0.8ms
[2024-10-20T13:43:41.508-0500][gc,phases     ] GC(6)   Evacuate Collection Set: 20.8ms
[2024-10-20T13:43:41.509-0500][gc,phases     ] GC(6)   Post Evacuate Collection Set: 0.9ms
[2024-10-20T13:43:41.510-0500][gc,phases     ] GC(6)   Other: 2.1ms
[2024-10-20T13:43:41.511-0500][gc,heap       ] GC(6) Eden regions: 44->0(46)
[2024-10-20T13:43:41.512-0500][gc,heap       ] GC(6) Survivor regions: 7->5(7)
[2024-10-20T13:43:41.513-0500][gc,heap       ] GC(6) Old regions: 9->12
[2024-10-20T13:43:41.514-0500][gc,heap       ] GC(6) Humongous regions: 138->138
[2024-10-20T13:43:41.515-0500][gc,metaspace  ] GC(6) Metaspace: 38870K(40832K)->38870K(40832K) NonClass: 34397K(35584K)->34397K(35584K) Class: 4473K(5248K)->4473K(5248K)
[2024-10-20T13:43:41.516-0500][gc            ] GC(6) Pause Young (Normal) (G1 Evacuation Pause) 195M->153M(1024M) 32.533ms
[2024-10-20T13:43:41.516-0500][gc,cpu        ] GC(6) User=0.32s Sys=0.05s Real=0.03s
[2024-10-20T13:53:52.578-0500][gc,start      ] GC(7) Pause Young (Normal) (G1 Evacuation Pause)
[2024-10-20T13:53:52.579-0500][gc,task       ] GC(7) Using 18 workers of 18 for evacuation
[2024-10-20T13:53:52.638-0500][gc,mmu        ] GC(7) MMU target violated: 21.0ms (20.0ms/21.0ms)
[2024-10-20T13:53:52.638-0500][gc,phases     ] GC(7)   Pre Evacuate Collection Set: 0.9ms
[2024-10-20T13:53:52.639-0500][gc,phases     ] GC(7)   Evacuate Collection Set: 56.0ms
[2024-10-20T13:53:52.640-0500][gc,phases     ] GC(7)   Post Evacuate Collection Set: 1.0ms
[2024-10-20T13:53:52.641-0500][gc,phases     ] GC(7)   Other: 3.0ms
[2024-10-20T13:53:52.642-0500][gc,heap       ] GC(7) Eden regions: 46->0(47)
[2024-10-20T13:53:52.643-0500][gc,heap       ] GC(7) Survivor regions: 5->4(7)
[2024-10-20T13:53:52.643-0500][gc,heap       ] GC(7) Old regions: 12->15
[2024-10-20T13:53:52.644-0500][gc,heap       ] GC(7) Humongous regions: 138->138
[2024-10-20T13:53:52.646-0500][gc,metaspace  ] GC(7) Metaspace: 40436K(42496K)->40436K(42496K) NonClass: 35790K(36864K)->35790K(36864K) Class: 4646K(5632K)->4646K(5632K)
[2024-10-20T13:53:52.647-0500][gc            ] GC(7) Pause Young (Normal) (G1 Evacuation Pause) 199M->155M(1024M) 68.945ms
[2024-10-20T13:53:52.647-0500][gc,cpu        ] GC(7) User=0.95s Sys=0.05s Real=0.07s
[2024-10-20T14:11:28.478-0500][gc,start      ] GC(8) Pause Young (Normal) (G1 Evacuation Pause)
[2024-10-20T14:11:28.480-0500][gc,task       ] GC(8) Using 18 workers of 18 for evacuation
[2024-10-20T14:11:28.522-0500][gc,mmu        ] GC(8) MMU target violated: 21.0ms (20.0ms/21.0ms)
[2024-10-20T14:11:28.523-0500][gc,phases     ] GC(8)   Pre Evacuate Collection Set: 3.6ms
[2024-10-20T14:11:28.523-0500][gc,phases     ] GC(8)   Evacuate Collection Set: 33.9ms
[2024-10-20T14:11:28.524-0500][gc,phases     ] GC(8)   Post Evacuate Collection Set: 4.1ms
[2024-10-20T14:11:28.524-0500][gc,phases     ] GC(8)   Other: 2.6ms
[2024-10-20T14:11:28.525-0500][gc,heap       ] GC(8) Eden regions: 47->0(47)
[2024-10-20T14:11:28.525-0500][gc,heap       ] GC(8) Survivor regions: 4->4(7)
[2024-10-20T14:11:28.526-0500][gc,heap       ] GC(8) Old regions: 15->15
[2024-10-20T14:11:28.526-0500][gc,heap       ] GC(8) Humongous regions: 138->138
[2024-10-20T14:11:28.527-0500][gc,metaspace  ] GC(8) Metaspace: 40533K(42752K)->40533K(42752K) NonClass: 35886K(37120K)->35886K(37120K) Class: 4647K(5632K)->4647K(5632K)
[2024-10-20T14:11:28.527-0500][gc            ] GC(8) Pause Young (Normal) (G1 Evacuation Pause) 202M->154M(1024M) 48.726ms
[2024-10-20T14:11:28.528-0500][gc,cpu        ] GC(8) User=0.60s Sys=0.06s Real=0.05s
[2024-10-20T14:57:41.494-0500][gc,start      ] GC(9) Pause Young (Normal) (G1 Evacuation Pause)
[2024-10-20T14:57:41.495-0500][gc,task       ] GC(9) Using 18 workers of 18 for evacuation
[2024-10-20T14:57:41.565-0500][gc,mmu        ] GC(9) MMU target violated: 21.0ms (20.0ms/21.0ms)
[2024-10-20T14:57:41.565-0500][gc,phases     ] GC(9)   Pre Evacuate Collection Set: 2.7ms
[2024-10-20T14:57:41.566-0500][gc,phases     ] GC(9)   Evacuate Collection Set: 63.7ms
[2024-10-20T14:57:41.567-0500][gc,phases     ] GC(9)   Post Evacuate Collection Set: 2.0ms
[2024-10-20T14:57:41.567-0500][gc,phases     ] GC(9)   Other: 2.8ms
[2024-10-20T14:57:41.568-0500][gc,heap       ] GC(9) Eden regions: 47->0(47)
[2024-10-20T14:57:41.568-0500][gc,heap       ] GC(9) Survivor regions: 4->4(7)
[2024-10-20T14:57:41.569-0500][gc,heap       ] GC(9) Old regions: 15->15
[2024-10-20T14:57:41.569-0500][gc,heap       ] GC(9) Humongous regions: 138->138
[2024-10-20T14:57:41.570-0500][gc,metaspace  ] GC(9) Metaspace: 40587K(42752K)->40587K(42752K) NonClass: 35939K(37120K)->35939K(37120K) Class: 4647K(5632K)->4647K(5632K)
[2024-10-20T14:57:41.570-0500][gc            ] GC(9) Pause Young (Normal) (G1 Evacuation Pause) 201M->155M(1024M) 76.105ms
[2024-10-20T14:57:41.571-0500][gc,cpu        ] GC(9) User=1.11s Sys=0.04s Real=0.08s
[2024-10-20T16:11:01.932-0500][gc,start      ] GC(10) Pause Young (Normal) (G1 Evacuation Pause)
[2024-10-20T16:11:01.933-0500][gc,task       ] GC(10) Using 18 workers of 18 for evacuation
[2024-10-20T16:11:01.971-0500][gc,mmu        ] GC(10) MMU target violated: 21.0ms (20.0ms/21.0ms)
[2024-10-20T16:11:01.972-0500][gc,phases     ] GC(10)   Pre Evacuate Collection Set: 0.5ms
[2024-10-20T16:11:01.972-0500][gc,phases     ] GC(10)   Evacuate Collection Set: 34.4ms
[2024-10-20T16:11:01.973-0500][gc,phases     ] GC(10)   Post Evacuate Collection Set: 2.2ms
[2024-10-20T16:11:01.973-0500][gc,phases     ] GC(10)   Other: 2.5ms
[2024-10-20T16:11:01.974-0500][gc,heap       ] GC(10) Eden regions: 47->0(49)
[2024-10-20T16:11:01.974-0500][gc,heap       ] GC(10) Survivor regions: 4->3(7)
[2024-10-20T16:11:01.974-0500][gc,heap       ] GC(10) Old regions: 15->17
[2024-10-20T16:11:01.975-0500][gc,heap       ] GC(10) Humongous regions: 147->147
[2024-10-20T16:11:01.975-0500][gc,metaspace  ] GC(10) Metaspace: 40814K(43008K)->40814K(43008K) NonClass: 36128K(37376K)->36128K(37376K) Class: 4685K(5632K)->4685K(5632K)
[2024-10-20T16:11:01.975-0500][gc            ] GC(10) Pause Young (Normal) (G1 Evacuation Pause) 211M->165M(1024M) 42.754ms
[2024-10-20T16:11:01.975-0500][gc,cpu        ] GC(10) User=0.59s Sys=0.00s Real=0.04s
[2024-10-20T16:27:48.576-0500][gc,start      ] GC(11) Pause Young (Normal) (G1 Evacuation Pause)
[2024-10-20T16:27:48.578-0500][gc,task       ] GC(11) Using 18 workers of 18 for evacuation
[2024-10-20T16:27:48.618-0500][gc,mmu        ] GC(11) MMU target violated: 21.0ms (20.0ms/21.0ms)
[2024-10-20T16:27:48.619-0500][gc,phases     ] GC(11)   Pre Evacuate Collection Set: 1.4ms
[2024-10-20T16:27:48.620-0500][gc,phases     ] GC(11)   Evacuate Collection Set: 33.6ms
[2024-10-20T16:27:48.620-0500][gc,phases     ] GC(11)   Post Evacuate Collection Set: 4.2ms
[2024-10-20T16:27:48.621-0500][gc,phases     ] GC(11)   Other: 3.5ms
[2024-10-20T16:27:48.622-0500][gc,heap       ] GC(11) Eden regions: 49->0(48)
[2024-10-20T16:27:48.622-0500][gc,heap       ] GC(11) Survivor regions: 3->3(7)
[2024-10-20T16:27:48.623-0500][gc,heap       ] GC(11) Old regions: 17->17
[2024-10-20T16:27:48.623-0500][gc,heap       ] GC(11) Humongous regions: 147->147
[2024-10-20T16:27:48.623-0500][gc,metaspace  ] GC(11) Metaspace: 40859K(43008K)->40859K(43008K) NonClass: 36173K(37376K)->36173K(37376K) Class: 4685K(5632K)->4685K(5632K)
[2024-10-20T16:27:48.624-0500][gc            ] GC(11) Pause Young (Normal) (G1 Evacuation Pause) 214M->165M(1024M) 47.687ms
[2024-10-20T16:27:48.624-0500][gc,cpu        ] GC(11) User=0.62s Sys=0.00s Real=0.05s
[2024-10-20T16:44:16.007-0500][gc,start      ] GC(12) Pause Young (Normal) (G1 Evacuation Pause)
[2024-10-20T16:44:16.008-0500][gc,task       ] GC(12) Using 18 workers of 18 for evacuation
[2024-10-20T16:44:16.028-0500][gc,phases     ] GC(12)   Pre Evacuate Collection Set: 0.5ms
[2024-10-20T16:44:16.029-0500][gc,phases     ] GC(12)   Evacuate Collection Set: 13.2ms
[2024-10-20T16:44:16.030-0500][gc,phases     ] GC(12)   Post Evacuate Collection Set: 4.8ms
[2024-10-20T16:44:16.031-0500][gc,phases     ] GC(12)   Other: 3.4ms
[2024-10-20T16:44:16.032-0500][gc,heap       ] GC(12) Eden regions: 48->0(48)
[2024-10-20T16:44:16.032-0500][gc,heap       ] GC(12) Survivor regions: 3->3(7)
[2024-10-20T16:44:16.032-0500][gc,heap       ] GC(12) Old regions: 17->17
[2024-10-20T16:44:16.033-0500][gc,heap       ] GC(12) Humongous regions: 147->147
[2024-10-20T16:44:16.033-0500][gc,metaspace  ] GC(12) Metaspace: 40882K(43008K)->40882K(43008K) NonClass: 36197K(37376K)->36197K(37376K) Class: 4685K(5632K)->4685K(5632K)
[2024-10-20T16:44:16.034-0500][gc            ] GC(12) Pause Young (Normal) (G1 Evacuation Pause) 213M->164M(1024M) 27.412ms
[2024-10-20T16:44:16.035-0500][gc,cpu        ] GC(12) User=0.21s Sys=0.03s Real=0.03s
[2024-10-20T17:00:51.569-0500][gc,start      ] GC(13) Pause Young (Normal) (G1 Evacuation Pause)
[2024-10-20T17:00:51.570-0500][gc,task       ] GC(13) Using 18 workers of 18 for evacuation
[2024-10-20T17:00:51.609-0500][gc,mmu        ] GC(13) MMU target violated: 21.0ms (20.0ms/21.0ms)
[2024-10-20T17:00:51.610-0500][gc,phases     ] GC(13)   Pre Evacuate Collection Set: 0.5ms
[2024-10-20T17:00:51.611-0500][gc,phases     ] GC(13)   Evacuate Collection Set: 33.2ms
[2024-10-20T17:00:51.611-0500][gc,phases     ] GC(13)   Post Evacuate Collection Set: 3.6ms
[2024-10-20T17:00:51.612-0500][gc,phases     ] GC(13)   Other: 3.9ms
[2024-10-20T17:00:51.613-0500][gc,heap       ] GC(13) Eden regions: 48->0(50)
[2024-10-20T17:00:51.614-0500][gc,heap       ] GC(13) Survivor regions: 3->3(7)
[2024-10-20T17:00:51.614-0500][gc,heap       ] GC(13) Old regions: 17->17
[2024-10-20T17:00:51.615-0500][gc,heap       ] GC(13) Humongous regions: 147->147
[2024-10-20T17:00:51.616-0500][gc,metaspace  ] GC(13) Metaspace: 40894K(43008K)->40894K(43008K) NonClass: 36209K(37376K)->36209K(37376K) Class: 4685K(5632K)->4685K(5632K)
[2024-10-20T17:00:51.617-0500][gc            ] GC(13) Pause Young (Normal) (G1 Evacuation Pause) 212M->165M(1024M) 47.902ms
[2024-10-20T17:00:51.617-0500][gc,cpu        ] GC(13) User=0.61s Sys=0.00s Real=0.05s
[2024-10-20T17:17:26.932-0500][gc,start      ] GC(14) Pause Young (Normal) (G1 Evacuation Pause)
[2024-10-20T17:17:26.934-0500][gc,task       ] GC(14) Using 18 workers of 18 for evacuation
[2024-10-20T17:17:26.957-0500][gc,mmu        ] GC(14) MMU target violated: 21.0ms (20.0ms/21.0ms)
[2024-10-20T17:17:26.958-0500][gc,phases     ] GC(14)   Pre Evacuate Collection Set: 0.2ms
[2024-10-20T17:17:26.959-0500][gc,phases     ] GC(14)   Evacuate Collection Set: 20.5ms
[2024-10-20T17:17:26.960-0500][gc,phases     ] GC(14)   Post Evacuate Collection Set: 1.7ms
[2024-10-20T17:17:26.960-0500][gc,phases     ] GC(14)   Other: 3.4ms
[2024-10-20T17:17:26.961-0500][gc,heap       ] GC(14) Eden regions: 50->0(51)
[2024-10-20T17:17:26.961-0500][gc,heap       ] GC(14) Survivor regions: 3->3(7)
[2024-10-20T17:17:26.962-0500][gc,heap       ] GC(14) Old regions: 17->17
[2024-10-20T17:17:26.963-0500][gc,heap       ] GC(14) Humongous regions: 147->147
[2024-10-20T17:17:26.963-0500][gc,metaspace  ] GC(14) Metaspace: 41014K(43264K)->41014K(43264K) NonClass: 36306K(37632K)->36306K(37632K) Class: 4707K(5632K)->4707K(5632K)
[2024-10-20T17:17:26.964-0500][gc            ] GC(14) Pause Young (Normal) (G1 Evacuation Pause) 215M->164M(1024M) 31.324ms
[2024-10-20T17:17:26.964-0500][gc,cpu        ] GC(14) User=0.37s Sys=0.00s Real=0.03s
[2024-10-20T17:35:01.932-0500][gc,start      ] GC(15) Pause Young (Normal) (G1 Evacuation Pause)
[2024-10-20T17:35:01.933-0500][gc,task       ] GC(15) Using 18 workers of 18 for evacuation
[2024-10-20T17:35:01.998-0500][gc,mmu        ] GC(15) MMU target violated: 21.0ms (20.0ms/21.0ms)
[2024-10-20T17:35:01.999-0500][gc,phases     ] GC(15)   Pre Evacuate Collection Set: 0.1ms
[2024-10-20T17:35:02.000-0500][gc,phases     ] GC(15)   Evacuate Collection Set: 57.8ms
[2024-10-20T17:35:02.001-0500][gc,phases     ] GC(15)   Post Evacuate Collection Set: 5.4ms
[2024-10-20T17:35:02.002-0500][gc,phases     ] GC(15)   Other: 3.4ms
[2024-10-20T17:35:02.003-0500][gc,heap       ] GC(15) Eden regions: 51->0(48)
[2024-10-20T17:35:02.003-0500][gc,heap       ] GC(15) Survivor regions: 3->3(7)
[2024-10-20T17:35:02.004-0500][gc,heap       ] GC(15) Old regions: 17->17
[2024-10-20T17:35:02.004-0500][gc,heap       ] GC(15) Humongous regions: 147->147
[2024-10-20T17:35:02.005-0500][gc,metaspace  ] GC(15) Metaspace: 41027K(43264K)->41027K(43264K) NonClass: 36319K(37632K)->36319K(37632K) Class: 4707K(5632K)->4707K(5632K)
[2024-10-20T17:35:02.005-0500][gc            ] GC(15) Pause Young (Normal) (G1 Evacuation Pause) 215M->164M(1024M) 72.932ms
[2024-10-20T17:35:02.006-0500][gc,cpu        ] GC(15) User=1.05s Sys=0.05s Real=0.07s
[2024-10-20T17:48:22.669-0500][gc,start      ] GC(16) Pause Young (Normal) (G1 Evacuation Pause)
[2024-10-20T17:48:22.670-0500][gc,task       ] GC(16) Using 18 workers of 18 for evacuation
[2024-10-20T17:48:22.694-0500][gc,mmu        ] GC(16) MMU target violated: 21.0ms (20.0ms/21.0ms)
[2024-10-20T17:48:22.695-0500][gc,phases     ] GC(16)   Pre Evacuate Collection Set: 0.7ms
[2024-10-20T17:48:22.695-0500][gc,phases     ] GC(16)   Evacuate Collection Set: 18.4ms
[2024-10-20T17:48:22.696-0500][gc,phases     ] GC(16)   Post Evacuate Collection Set: 4.3ms
[2024-10-20T17:48:22.697-0500][gc,phases     ] GC(16)   Other: 2.2ms
[2024-10-20T17:48:22.697-0500][gc,heap       ] GC(16) Eden regions: 48->0(47)
[2024-10-20T17:48:22.698-0500][gc,heap       ] GC(16) Survivor regions: 3->4(7)
[2024-10-20T17:48:22.698-0500][gc,heap       ] GC(16) Old regions: 17->17
[2024-10-20T17:48:22.699-0500][gc,heap       ] GC(16) Humongous regions: 147->138
[2024-10-20T17:48:22.700-0500][gc,metaspace  ] GC(16) Metaspace: 41767K(44160K)->41767K(44160K) NonClass: 36861K(38144K)->36861K(38144K) Class: 4906K(6016K)->4906K(6016K)
[2024-10-20T17:48:22.700-0500][gc            ] GC(16) Pause Young (Normal) (G1 Evacuation Pause) 212M->156M(1024M) 31.057ms
[2024-10-20T17:48:22.701-0500][gc,cpu        ] GC(16) User=0.33s Sys=0.00s Real=0.03s
[2024-10-20T17:48:22.790-0500][gc,heap,exit  ] Heap
[2024-10-20T17:48:22.791-0500][gc,heap,exit  ]  garbage-first heap   total 1048576K, used 159893K [0x00000000c0000000, 0x0000000100000000)
[2024-10-20T17:48:22.792-0500][gc,heap,exit  ]   region size 1024K, 5 young (5120K), 4 survivors (4096K)
[2024-10-20T17:48:22.792-0500][gc,heap,exit  ]  Metaspace       used 41841K, capacity 44050K, committed 44160K, reserved 1087488K
[2024-10-20T17:48:22.793-0500][gc,heap,exit  ]   class space    used 4926K, capacity 5926K, committed 6016K, reserved 1048576K
